
TypeError: C:\Users\aahfk\Downloads\pokemon-showdown-master-7-17\pokemon-showdown-master\dist\data\mods/gen6/formats-data, if it exists, must export an object whose 'FormatsData' property is an Object
    at ModdedDex.loadDataFile (C:\Users\aahfk\Downloads\pokemon-showdown-master-7-17\pokemon-showdown-master\dist\sim\dex.js:420:15)
    at ModdedDex.loadData (C:\Users\aahfk\Downloads\pokemon-showdown-master-7-17\pokemon-showdown-master\dist\sim\dex.js:487:31)
    at ModdedDex.get data [as data] (C:\Users\aahfk\Downloads\pokemon-showdown-master-7-17\pokemon-showdown-master\dist\sim\dex.js:138:17)
    at ModdedDex.loadData (C:\Users\aahfk\Downloads\pokemon-showdown-master-7-17\pokemon-showdown-master\dist\sim\dex.js:498:43)
    at ModdedDex.get data [as data] (C:\Users\aahfk\Downloads\pokemon-showdown-master-7-17\pokemon-showdown-master\dist\sim\dex.js:138:17)
    at DexFormats.get (C:\Users\aahfk\Downloads\pokemon-showdown-master-7-17\pokemon-showdown-master\dist\sim\dex-formats.js:430:18)
    at DexFormats.validateRule (C:\Users\aahfk\Downloads\pokemon-showdown-master-7-17\pokemon-showdown-master\dist\sim\dex-formats.js:701:42)
    at DexFormats.getRuleTable (C:\Users\aahfk\Downloads\pokemon-showdown-master-7-17\pokemon-showdown-master\dist\sim\dex-formats.js:506:29)
    at DexFormats.getRuleTable (C:\Users\aahfk\Downloads\pokemon-showdown-master-7-17\pokemon-showdown-master\dist\sim\dex-formats.js:474:28)
    at GlobalRoomState.get formatListText [as formatListText] (C:\Users\aahfk\Downloads\pokemon-showdown-master-7-17\pokemon-showdown-master\dist\server\rooms.js:1231:37)

TypeError: C:\Users\aahfk\Downloads\pokemon-showdown-master-7-17\pokemon-showdown-master\dist\data\mods/gen6/formats-data, if it exists, must export an object whose 'FormatsData' property is an Object
    at ModdedDex.loadDataFile (C:\Users\aahfk\Downloads\pokemon-showdown-master-7-17\pokemon-showdown-master\dist\sim\dex.js:420:15)
    at ModdedDex.loadData (C:\Users\aahfk\Downloads\pokemon-showdown-master-7-17\pokemon-showdown-master\dist\sim\dex.js:487:31)
    at ModdedDex.get data [as data] (C:\Users\aahfk\Downloads\pokemon-showdown-master-7-17\pokemon-showdown-master\dist\sim\dex.js:138:17)
    at ModdedDex.loadData (C:\Users\aahfk\Downloads\pokemon-showdown-master-7-17\pokemon-showdown-master\dist\sim\dex.js:498:43)
    at ModdedDex.get data [as data] (C:\Users\aahfk\Downloads\pokemon-showdown-master-7-17\pokemon-showdown-master\dist\sim\dex.js:138:17)
    at DexFormats.get (C:\Users\aahfk\Downloads\pokemon-showdown-master-7-17\pokemon-showdown-master\dist\sim\dex-formats.js:430:18)
    at DexFormats.validateRule (C:\Users\aahfk\Downloads\pokemon-showdown-master-7-17\pokemon-showdown-master\dist\sim\dex-formats.js:701:42)
    at DexFormats.getRuleTable (C:\Users\aahfk\Downloads\pokemon-showdown-master-7-17\pokemon-showdown-master\dist\sim\dex-formats.js:506:29)
    at DexFormats.getRuleTable (C:\Users\aahfk\Downloads\pokemon-showdown-master-7-17\pokemon-showdown-master\dist\sim\dex-formats.js:474:28)
    at GlobalRoomState.get formatListText [as formatListText] (C:\Users\aahfk\Downloads\pokemon-showdown-master-7-17\pokemon-showdown-master\dist\server\rooms.js:1231:37)

Error [ERR_IPC_DISCONNECTED]: IPC channel is already disconnected
    at new NodeError (node:internal/errors:371:5)
    at ChildProcess.target.disconnect (node:internal/child_process:872:26)
    at QueryProcessWrapper.destroy (C:\Users\aahfk\Downloads\pokemon-showdown-master-7-17\pokemon-showdown-master\dist\lib\process-manager.js:209:18)
    at QueryProcessWrapper.release (C:\Users\aahfk\Downloads\pokemon-showdown-master-7-17\pokemon-showdown-master\dist\lib\process-manager.js:197:12)
    at SQLDatabaseManager.releaseCrashed (C:\Users\aahfk\Downloads\pokemon-showdown-master-7-17\pokemon-showdown-master\dist\lib\process-manager.js:412:19)
    at ChildProcess.<anonymous> (C:\Users\aahfk\Downloads\pokemon-showdown-master-7-17\pokemon-showdown-master\dist\lib\process-manager.js:471:50)
    at ChildProcess.emit (node:events:390:28)
    at ChildProcess.emit (node:domain:475:12)
    at finish (node:internal/child_process:902:14)
    at processTicksAndRejections (node:internal/process/task_queues:78:11)

Error [ERR_IPC_DISCONNECTED]: IPC channel is already disconnected
    at new NodeError (node:internal/errors:371:5)
    at ChildProcess.target.disconnect (node:internal/child_process:872:26)
    at QueryProcessWrapper.destroy (C:\Users\aahfk\Downloads\pokemon-showdown-master-7-17\pokemon-showdown-master\dist\lib\process-manager.js:209:18)
    at QueryProcessWrapper.release (C:\Users\aahfk\Downloads\pokemon-showdown-master-7-17\pokemon-showdown-master\dist\lib\process-manager.js:197:12)
    at QueryProcessManager.releaseCrashed (C:\Users\aahfk\Downloads\pokemon-showdown-master-7-17\pokemon-showdown-master\dist\lib\process-manager.js:412:19)
    at ChildProcess.<anonymous> (C:\Users\aahfk\Downloads\pokemon-showdown-master-7-17\pokemon-showdown-master\dist\lib\process-manager.js:471:50)
    at ChildProcess.emit (node:events:390:28)
    at ChildProcess.emit (node:domain:475:12)
    at finish (node:internal/child_process:902:14)
    at processTicksAndRejections (node:internal/process/task_queues:78:11)

Error [ERR_IPC_DISCONNECTED]: IPC channel is already disconnected
    at new NodeError (node:internal/errors:371:5)
    at ChildProcess.target.disconnect (node:internal/child_process:872:26)
    at QueryProcessWrapper.destroy (C:\Users\aahfk\Downloads\pokemon-showdown-master-7-17\pokemon-showdown-master\dist\lib\process-manager.js:209:18)
    at QueryProcessWrapper.release (C:\Users\aahfk\Downloads\pokemon-showdown-master-7-17\pokemon-showdown-master\dist\lib\process-manager.js:197:12)
    at SQLDatabaseManager.releaseCrashed (C:\Users\aahfk\Downloads\pokemon-showdown-master-7-17\pokemon-showdown-master\dist\lib\process-manager.js:412:19)
    at ChildProcess.<anonymous> (C:\Users\aahfk\Downloads\pokemon-showdown-master-7-17\pokemon-showdown-master\dist\lib\process-manager.js:471:50)
    at ChildProcess.emit (node:events:390:28)
    at ChildProcess.emit (node:domain:475:12)
    at finish (node:internal/child_process:902:14)
    at processTicksAndRejections (node:internal/process/task_queues:78:11)

Error [ERR_IPC_DISCONNECTED]: IPC channel is already disconnected
    at new NodeError (node:internal/errors:371:5)
    at ChildProcess.target.disconnect (node:internal/child_process:872:26)
    at QueryProcessWrapper.destroy (C:\Users\aahfk\Downloads\pokemon-showdown-master-7-17\pokemon-showdown-master\dist\lib\process-manager.js:209:18)
    at QueryProcessWrapper.release (C:\Users\aahfk\Downloads\pokemon-showdown-master-7-17\pokemon-showdown-master\dist\lib\process-manager.js:197:12)
    at QueryProcessManager.releaseCrashed (C:\Users\aahfk\Downloads\pokemon-showdown-master-7-17\pokemon-showdown-master\dist\lib\process-manager.js:412:19)
    at ChildProcess.<anonymous> (C:\Users\aahfk\Downloads\pokemon-showdown-master-7-17\pokemon-showdown-master\dist\lib\process-manager.js:471:50)
    at ChildProcess.emit (node:events:390:28)
    at ChildProcess.emit (node:domain:475:12)
    at finish (node:internal/child_process:902:14)
    at processTicksAndRejections (node:internal/process/task_queues:78:11)

Error [ERR_IPC_DISCONNECTED]: IPC channel is already disconnected
    at new NodeError (node:internal/errors:371:5)
    at ChildProcess.target.disconnect (node:internal/child_process:872:26)
    at QueryProcessWrapper.destroy (C:\Users\aahfk\Downloads\pokemon-showdown-master-7-17\pokemon-showdown-master\dist\lib\process-manager.js:209:18)
    at QueryProcessWrapper.release (C:\Users\aahfk\Downloads\pokemon-showdown-master-7-17\pokemon-showdown-master\dist\lib\process-manager.js:197:12)
    at QueryProcessManager.releaseCrashed (C:\Users\aahfk\Downloads\pokemon-showdown-master-7-17\pokemon-showdown-master\dist\lib\process-manager.js:412:19)
    at ChildProcess.<anonymous> (C:\Users\aahfk\Downloads\pokemon-showdown-master-7-17\pokemon-showdown-master\dist\lib\process-manager.js:471:50)
    at ChildProcess.emit (node:events:390:28)
    at ChildProcess.emit (node:domain:475:12)
    at finish (node:internal/child_process:902:14)
    at processTicksAndRejections (node:internal/process/task_queues:78:11)

Error: Process sockets.js 11536 crashed and had to be restarted
    at RawProcessManager.releaseCrashed (C:\Users\aahfk\Downloads\pokemon-showdown-master-7-17\pokemon-showdown-master\dist\lib\process-manager.js:427:7)
    at Worker.<anonymous> (C:\Users\aahfk\Downloads\pokemon-showdown-master-7-17\pokemon-showdown-master\dist\lib\process-manager.js:471:50)
    at Worker.emit (node:events:390:28)
    at Worker.emit (node:domain:475:12)
    at ChildProcess.<anonymous> (node:internal/cluster/primary:224:12)
    at Object.onceWrapper (node:events:509:28)
    at ChildProcess.emit (node:events:390:28)
    at ChildProcess.emit (node:domain:475:12)
    at finish (node:internal/child_process:902:14)
    at processTicksAndRejections (node:internal/process/task_queues:78:11)

Error [ERR_IPC_DISCONNECTED]: IPC channel is already disconnected
    at new NodeError (node:internal/errors:371:5)
    at ChildProcess.target.disconnect (node:internal/child_process:872:26)
    at QueryProcessWrapper.destroy (C:\Users\aahfk\Downloads\pokemon-showdown-master-7-17\pokemon-showdown-master\dist\lib\process-manager.js:209:18)
    at QueryProcessWrapper.release (C:\Users\aahfk\Downloads\pokemon-showdown-master-7-17\pokemon-showdown-master\dist\lib\process-manager.js:197:12)
    at QueryProcessManager.releaseCrashed (C:\Users\aahfk\Downloads\pokemon-showdown-master-7-17\pokemon-showdown-master\dist\lib\process-manager.js:412:19)
    at ChildProcess.<anonymous> (C:\Users\aahfk\Downloads\pokemon-showdown-master-7-17\pokemon-showdown-master\dist\lib\process-manager.js:471:50)
    at ChildProcess.emit (node:events:390:28)
    at ChildProcess.emit (node:domain:475:12)
    at finish (node:internal/child_process:902:14)
    at processTicksAndRejections (node:internal/process/task_queues:78:11)

Error [ERR_IPC_DISCONNECTED]: IPC channel is already disconnected
    at new NodeError (node:internal/errors:371:5)
    at ChildProcess.target.disconnect (node:internal/child_process:872:26)
    at StreamProcessWrapper.destroy (C:\Users\aahfk\Downloads\pokemon-showdown-master-7-17\pokemon-showdown-master\dist\lib\process-manager.js:310:18)
    at StreamProcessWrapper.release (C:\Users\aahfk\Downloads\pokemon-showdown-master-7-17\pokemon-showdown-master\dist\lib\process-manager.js:298:17)
    at StreamProcessManager.releaseCrashed (C:\Users\aahfk\Downloads\pokemon-showdown-master-7-17\pokemon-showdown-master\dist\lib\process-manager.js:412:19)
    at ChildProcess.<anonymous> (C:\Users\aahfk\Downloads\pokemon-showdown-master-7-17\pokemon-showdown-master\dist\lib\process-manager.js:471:50)
    at ChildProcess.emit (node:events:390:28)
    at ChildProcess.emit (node:domain:475:12)
    at finish (node:internal/child_process:902:14)
    at processTicksAndRejections (node:internal/process/task_queues:78:11)

Error [ERR_IPC_DISCONNECTED]: IPC channel is already disconnected
    at new NodeError (node:internal/errors:371:5)
    at ChildProcess.target.disconnect (node:internal/child_process:872:26)
    at QueryProcessWrapper.destroy (C:\Users\aahfk\Downloads\pokemon-showdown-master-7-17\pokemon-showdown-master\dist\lib\process-manager.js:209:18)
    at QueryProcessWrapper.release (C:\Users\aahfk\Downloads\pokemon-showdown-master-7-17\pokemon-showdown-master\dist\lib\process-manager.js:197:12)
    at SQLDatabaseManager.releaseCrashed (C:\Users\aahfk\Downloads\pokemon-showdown-master-7-17\pokemon-showdown-master\dist\lib\process-manager.js:412:19)
    at ChildProcess.<anonymous> (C:\Users\aahfk\Downloads\pokemon-showdown-master-7-17\pokemon-showdown-master\dist\lib\process-manager.js:471:50)
    at ChildProcess.emit (node:events:390:28)
    at ChildProcess.emit (node:domain:475:12)
    at finish (node:internal/child_process:902:14)
    at processTicksAndRejections (node:internal/process/task_queues:78:11)

Error [ERR_IPC_DISCONNECTED]: IPC channel is already disconnected
    at new NodeError (node:internal/errors:371:5)
    at ChildProcess.target.disconnect (node:internal/child_process:872:26)
    at QueryProcessWrapper.destroy (C:\Users\aahfk\Downloads\pokemon-showdown-master-7-17\pokemon-showdown-master\dist\lib\process-manager.js:209:18)
    at QueryProcessWrapper.release (C:\Users\aahfk\Downloads\pokemon-showdown-master-7-17\pokemon-showdown-master\dist\lib\process-manager.js:197:12)
    at QueryProcessManager.releaseCrashed (C:\Users\aahfk\Downloads\pokemon-showdown-master-7-17\pokemon-showdown-master\dist\lib\process-manager.js:412:19)
    at ChildProcess.<anonymous> (C:\Users\aahfk\Downloads\pokemon-showdown-master-7-17\pokemon-showdown-master\dist\lib\process-manager.js:471:50)
    at ChildProcess.emit (node:events:390:28)
    at ChildProcess.emit (node:domain:475:12)
    at finish (node:internal/child_process:902:14)
    at processTicksAndRejections (node:internal/process/task_queues:78:11)

Error [ERR_IPC_DISCONNECTED]: IPC channel is already disconnected
    at new NodeError (node:internal/errors:371:5)
    at ChildProcess.target.disconnect (node:internal/child_process:872:26)
    at StreamProcessWrapper.destroy (C:\Users\aahfk\Downloads\pokemon-showdown-master-7-17\pokemon-showdown-master\dist\lib\process-manager.js:310:18)
    at StreamProcessWrapper.release (C:\Users\aahfk\Downloads\pokemon-showdown-master-7-17\pokemon-showdown-master\dist\lib\process-manager.js:298:17)
    at StreamProcessManager.releaseCrashed (C:\Users\aahfk\Downloads\pokemon-showdown-master-7-17\pokemon-showdown-master\dist\lib\process-manager.js:412:19)
    at ChildProcess.<anonymous> (C:\Users\aahfk\Downloads\pokemon-showdown-master-7-17\pokemon-showdown-master\dist\lib\process-manager.js:471:50)
    at ChildProcess.emit (node:events:390:28)
    at ChildProcess.emit (node:domain:475:12)
    at finish (node:internal/child_process:902:14)
    at processTicksAndRejections (node:internal/process/task_queues:78:11)

TypeError: C:\Users\aahfk\Downloads\pokemon-showdown-master-7-17\pokemon-showdown-master\dist\data\mods/alternatiumex/rulesets, if it exists, must export an object whose 'Rulesets' property is an Object
    at ModdedDex.loadDataFile (C:\Users\aahfk\Downloads\pokemon-showdown-master-7-17\pokemon-showdown-master\dist\sim\dex.js:420:15)
    at ModdedDex.loadData (C:\Users\aahfk\Downloads\pokemon-showdown-master-7-17\pokemon-showdown-master\dist\sim\dex.js:487:31)
    at ModdedDex.get data [as data] (C:\Users\aahfk\Downloads\pokemon-showdown-master-7-17\pokemon-showdown-master\dist\sim\dex.js:138:17)
    at DexFormats.get (C:\Users\aahfk\Downloads\pokemon-showdown-master-7-17\pokemon-showdown-master\dist\sim\dex-formats.js:430:18)
    at DexFormats.validateRule (C:\Users\aahfk\Downloads\pokemon-showdown-master-7-17\pokemon-showdown-master\dist\sim\dex-formats.js:701:42)
    at DexFormats.getRuleTable (C:\Users\aahfk\Downloads\pokemon-showdown-master-7-17\pokemon-showdown-master\dist\sim\dex-formats.js:506:29)
    at DexFormats.getRuleTable (C:\Users\aahfk\Downloads\pokemon-showdown-master-7-17\pokemon-showdown-master\dist\sim\dex-formats.js:474:28)
    at GlobalRoomState.get formatListText [as formatListText] (C:\Users\aahfk\Downloads\pokemon-showdown-master-7-17\pokemon-showdown-master\dist\server\rooms.js:1231:37)
    at GlobalRoomState.handleConnect (C:\Users\aahfk\Downloads\pokemon-showdown-master-7-17\pokemon-showdown-master\dist\server\rooms.js:1475:82)
    at Object.socketConnect (C:\Users\aahfk\Downloads\pokemon-showdown-master-7-17\pokemon-showdown-master\dist\server\users.js:1303:16)

TypeError: C:\Users\aahfk\Downloads\pokemon-showdown-master-7-17\pokemon-showdown-master\dist\data\mods/alternatiumex/rulesets, if it exists, must export an object whose 'Rulesets' property is an Object
    at ModdedDex.loadDataFile (C:\Users\aahfk\Downloads\pokemon-showdown-master-7-17\pokemon-showdown-master\dist\sim\dex.js:420:15)
    at ModdedDex.loadData (C:\Users\aahfk\Downloads\pokemon-showdown-master-7-17\pokemon-showdown-master\dist\sim\dex.js:487:31)
    at ModdedDex.get data [as data] (C:\Users\aahfk\Downloads\pokemon-showdown-master-7-17\pokemon-showdown-master\dist\sim\dex.js:138:17)
    at DexFormats.get (C:\Users\aahfk\Downloads\pokemon-showdown-master-7-17\pokemon-showdown-master\dist\sim\dex-formats.js:430:18)
    at DexFormats.validateRule (C:\Users\aahfk\Downloads\pokemon-showdown-master-7-17\pokemon-showdown-master\dist\sim\dex-formats.js:701:42)
    at DexFormats.getRuleTable (C:\Users\aahfk\Downloads\pokemon-showdown-master-7-17\pokemon-showdown-master\dist\sim\dex-formats.js:506:29)
    at DexFormats.getRuleTable (C:\Users\aahfk\Downloads\pokemon-showdown-master-7-17\pokemon-showdown-master\dist\sim\dex-formats.js:474:28)
    at GlobalRoomState.get formatListText [as formatListText] (C:\Users\aahfk\Downloads\pokemon-showdown-master-7-17\pokemon-showdown-master\dist\server\rooms.js:1231:37)
    at GlobalRoomState.handleConnect (C:\Users\aahfk\Downloads\pokemon-showdown-master-7-17\pokemon-showdown-master\dist\server\rooms.js:1475:82)
    at Object.socketConnect (C:\Users\aahfk\Downloads\pokemon-showdown-master-7-17\pokemon-showdown-master\dist\server\users.js:1303:16)

Error: Unrecognized rule "Data Mod"
    at DexFormats.validateRule (C:\Users\aahfk\Downloads\pokemon-showdown-master-7-17\pokemon-showdown-master\dist\sim\dex-formats.js:703:17)
    at DexFormats.getRuleTable (C:\Users\aahfk\Downloads\pokemon-showdown-master-7-17\pokemon-showdown-master\dist\sim\dex-formats.js:506:29)
    at DexFormats.getRuleTable (C:\Users\aahfk\Downloads\pokemon-showdown-master-7-17\pokemon-showdown-master\dist\sim\dex-formats.js:474:28)
    at GlobalRoomState.get formatListText [as formatListText] (C:\Users\aahfk\Downloads\pokemon-showdown-master-7-17\pokemon-showdown-master\dist\server\rooms.js:1231:37)
    at GlobalRoomState.handleConnect (C:\Users\aahfk\Downloads\pokemon-showdown-master-7-17\pokemon-showdown-master\dist\server\rooms.js:1475:82)
    at Object.socketConnect (C:\Users\aahfk\Downloads\pokemon-showdown-master-7-17\pokemon-showdown-master\dist\server\users.js:1303:16)
    at Object.onSpawn (C:\Users\aahfk\Downloads\pokemon-showdown-master-7-17\pokemon-showdown-master\dist\server\sockets.js:63:17)
    at processTicksAndRejections (node:internal/process/task_queues:96:5)

Error: Unrecognized rule "Baton Pass Mod"
    at DexFormats.validateRule (C:\Users\aahfk\Downloads\pokemon-showdown-master-7-17\pokemon-showdown-master\dist\sim\dex-formats.js:703:17)
    at DexFormats.getRuleTable (C:\Users\aahfk\Downloads\pokemon-showdown-master-7-17\pokemon-showdown-master\dist\sim\dex-formats.js:506:29)
    at DexFormats.getRuleTable (C:\Users\aahfk\Downloads\pokemon-showdown-master-7-17\pokemon-showdown-master\dist\sim\dex-formats.js:604:33)
    at DexFormats.getRuleTable (C:\Users\aahfk\Downloads\pokemon-showdown-master-7-17\pokemon-showdown-master\dist\sim\dex-formats.js:474:28)
    at GlobalRoomState.get formatListText [as formatListText] (C:\Users\aahfk\Downloads\pokemon-showdown-master-7-17\pokemon-showdown-master\dist\server\rooms.js:1231:37)
    at GlobalRoomState.handleConnect (C:\Users\aahfk\Downloads\pokemon-showdown-master-7-17\pokemon-showdown-master\dist\server\rooms.js:1475:82)
    at Object.socketConnect (C:\Users\aahfk\Downloads\pokemon-showdown-master-7-17\pokemon-showdown-master\dist\server\users.js:1303:16)
    at Object.onSpawn (C:\Users\aahfk\Downloads\pokemon-showdown-master-7-17\pokemon-showdown-master\dist\server\sockets.js:63:17)
    at processTicksAndRejections (node:internal/process/task_queues:96:5)

Error: Rule "Hoenn Gaiden Mod" in "[Gen 3] Hoenn Gaiden" already exists in "Standard"
    at DexFormats.getRuleTable (C:\Users\aahfk\Downloads\pokemon-showdown-master-7-17\pokemon-showdown-master\dist\sim\dex-formats.js:597:17)
    at DexFormats.getRuleTable (C:\Users\aahfk\Downloads\pokemon-showdown-master-7-17\pokemon-showdown-master\dist\sim\dex-formats.js:474:28)
    at GlobalRoomState.get formatListText [as formatListText] (C:\Users\aahfk\Downloads\pokemon-showdown-master-7-17\pokemon-showdown-master\dist\server\rooms.js:1231:37)
    at GlobalRoomState.handleConnect (C:\Users\aahfk\Downloads\pokemon-showdown-master-7-17\pokemon-showdown-master\dist\server\rooms.js:1475:82)
    at Object.socketConnect (C:\Users\aahfk\Downloads\pokemon-showdown-master-7-17\pokemon-showdown-master\dist\server\users.js:1303:16)
    at Object.onSpawn (C:\Users\aahfk\Downloads\pokemon-showdown-master-7-17\pokemon-showdown-master\dist\server\sockets.js:63:17)
    at processTicksAndRejections (node:internal/process/task_queues:96:5)

TypeError: C:\Users\aahfk\Downloads\pokemon-showdown-master-7-17\pokemon-showdown-master\dist\data\mods/m4av6/formats-data, if it exists, must export an object whose 'FormatsData' property is an Object
    at ModdedDex.loadDataFile (C:\Users\aahfk\Downloads\pokemon-showdown-master-7-17\pokemon-showdown-master\dist\sim\dex.js:420:15)
    at ModdedDex.loadData (C:\Users\aahfk\Downloads\pokemon-showdown-master-7-17\pokemon-showdown-master\dist\sim\dex.js:487:31)
    at ModdedDex.get data [as data] (C:\Users\aahfk\Downloads\pokemon-showdown-master-7-17\pokemon-showdown-master\dist\sim\dex.js:138:17)
    at DexFormats.get (C:\Users\aahfk\Downloads\pokemon-showdown-master-7-17\pokemon-showdown-master\dist\sim\dex-formats.js:430:18)
    at DexFormats.validateRule (C:\Users\aahfk\Downloads\pokemon-showdown-master-7-17\pokemon-showdown-master\dist\sim\dex-formats.js:701:42)
    at DexFormats.getRuleTable (C:\Users\aahfk\Downloads\pokemon-showdown-master-7-17\pokemon-showdown-master\dist\sim\dex-formats.js:506:29)
    at DexFormats.getRuleTable (C:\Users\aahfk\Downloads\pokemon-showdown-master-7-17\pokemon-showdown-master\dist\sim\dex-formats.js:474:28)
    at GlobalRoomState.get formatListText [as formatListText] (C:\Users\aahfk\Downloads\pokemon-showdown-master-7-17\pokemon-showdown-master\dist\server\rooms.js:1231:37)
    at GlobalRoomState.handleConnect (C:\Users\aahfk\Downloads\pokemon-showdown-master-7-17\pokemon-showdown-master\dist\server\rooms.js:1475:82)
    at Object.socketConnect (C:\Users\aahfk\Downloads\pokemon-showdown-master-7-17\pokemon-showdown-master\dist\server\users.js:1303:16)

ReferenceError: data is not defined
    at randomMoves (C:\Users\aahfk\Downloads\pokemon-showdown-master-7-17\pokemon-showdown-master\dist\data\mods\m4av6\formats-data.js:173:3)
    at Object.<anonymous> (C:\Users\aahfk\Downloads\pokemon-showdown-master-7-17\pokemon-showdown-master\dist\data\mods\m4av6\formats-data.js:177:1)
    at Module._compile (node:internal/modules/cjs/loader:1101:14)
    at Object.Module._extensions..js (node:internal/modules/cjs/loader:1153:10)
    at Module.load (node:internal/modules/cjs/loader:981:32)
    at Function.Module._load (node:internal/modules/cjs/loader:822:12)
    at Module.require (node:internal/modules/cjs/loader:1005:19)
    at require (node:internal/modules/cjs/helpers:102:18)
    at ModdedDex.loadDataFile (C:\Users\aahfk\Downloads\pokemon-showdown-master-7-17\pokemon-showdown-master\dist\sim\dex.js:415:26)
    at ModdedDex.loadData (C:\Users\aahfk\Downloads\pokemon-showdown-master-7-17\pokemon-showdown-master\dist\sim\dex.js:487:31)

Error [ERR_IPC_DISCONNECTED]: IPC channel is already disconnected
    at new NodeError (node:internal/errors:371:5)
    at ChildProcess.target.disconnect (node:internal/child_process:872:26)
    at QueryProcessWrapper.destroy (C:\Users\aahfk\Downloads\pokemon-showdown-master-7-17\pokemon-showdown-master\dist\lib\process-manager.js:209:18)
    at QueryProcessWrapper.release (C:\Users\aahfk\Downloads\pokemon-showdown-master-7-17\pokemon-showdown-master\dist\lib\process-manager.js:197:12)
    at QueryProcessManager.releaseCrashed (C:\Users\aahfk\Downloads\pokemon-showdown-master-7-17\pokemon-showdown-master\dist\lib\process-manager.js:412:19)
    at ChildProcess.<anonymous> (C:\Users\aahfk\Downloads\pokemon-showdown-master-7-17\pokemon-showdown-master\dist\lib\process-manager.js:471:50)
    at ChildProcess.emit (node:events:390:28)
    at ChildProcess.emit (node:domain:475:12)
    at finish (node:internal/child_process:902:14)
    at processTicksAndRejections (node:internal/process/task_queues:78:11)

Error: Format #29 has a duplicate ID: 'gen3hoenngaiden'
    at DexFormats.load (C:\Users\aahfk\Downloads\pokemon-showdown-master-7-17\pokemon-showdown-master\dist\sim\dex-formats.js:375:15)
    at DexFormats.all (C:\Users\aahfk\Downloads\pokemon-showdown-master-7-17\pokemon-showdown-master\dist\sim\dex-formats.js:465:10)
    at GlobalRoomState.get formatListText [as formatListText] (C:\Users\aahfk\Downloads\pokemon-showdown-master-7-17\pokemon-showdown-master\dist\server\rooms.js:1208:38)
    at GlobalRoomState.handleConnect (C:\Users\aahfk\Downloads\pokemon-showdown-master-7-17\pokemon-showdown-master\dist\server\rooms.js:1475:82)
    at Object.socketConnect (C:\Users\aahfk\Downloads\pokemon-showdown-master-7-17\pokemon-showdown-master\dist\server\users.js:1303:16)
    at Object.onSpawn (C:\Users\aahfk\Downloads\pokemon-showdown-master-7-17\pokemon-showdown-master\dist\server\sockets.js:63:17)
    at processTicksAndRejections (node:internal/process/task_queues:96:5)

Error [ERR_IPC_DISCONNECTED]: IPC channel is already disconnected
    at new NodeError (node:internal/errors:371:5)
    at ChildProcess.target.disconnect (node:internal/child_process:872:26)
    at QueryProcessWrapper.destroy (C:\Users\aahfk\Downloads\pokemon-showdown-master-7-17\pokemon-showdown-master\dist\lib\process-manager.js:209:18)
    at QueryProcessWrapper.release (C:\Users\aahfk\Downloads\pokemon-showdown-master-7-17\pokemon-showdown-master\dist\lib\process-manager.js:197:12)
    at SQLDatabaseManager.releaseCrashed (C:\Users\aahfk\Downloads\pokemon-showdown-master-7-17\pokemon-showdown-master\dist\lib\process-manager.js:412:19)
    at ChildProcess.<anonymous> (C:\Users\aahfk\Downloads\pokemon-showdown-master-7-17\pokemon-showdown-master\dist\lib\process-manager.js:471:50)
    at ChildProcess.emit (node:events:390:28)
    at ChildProcess.emit (node:domain:475:12)
    at finish (node:internal/child_process:902:14)
    at processTicksAndRejections (node:internal/process/task_queues:78:11)

Error [ERR_IPC_DISCONNECTED]: IPC channel is already disconnected
    at new NodeError (node:internal/errors:371:5)
    at ChildProcess.target.disconnect (node:internal/child_process:872:26)
    at QueryProcessWrapper.destroy (C:\Users\aahfk\Downloads\pokemon-showdown-master-7-17\pokemon-showdown-master\dist\lib\process-manager.js:209:18)
    at QueryProcessWrapper.release (C:\Users\aahfk\Downloads\pokemon-showdown-master-7-17\pokemon-showdown-master\dist\lib\process-manager.js:197:12)
    at QueryProcessManager.releaseCrashed (C:\Users\aahfk\Downloads\pokemon-showdown-master-7-17\pokemon-showdown-master\dist\lib\process-manager.js:412:19)
    at ChildProcess.<anonymous> (C:\Users\aahfk\Downloads\pokemon-showdown-master-7-17\pokemon-showdown-master\dist\lib\process-manager.js:471:50)
    at ChildProcess.emit (node:events:390:28)
    at ChildProcess.emit (node:domain:475:12)
    at finish (node:internal/child_process:902:14)
    at processTicksAndRejections (node:internal/process/task_queues:78:11)

Error [ERR_IPC_DISCONNECTED]: IPC channel is already disconnected
    at new NodeError (node:internal/errors:371:5)
    at ChildProcess.target.disconnect (node:internal/child_process:872:26)
    at QueryProcessWrapper.destroy (C:\Users\aahfk\Downloads\pokemon-showdown-master-7-17\pokemon-showdown-master\dist\lib\process-manager.js:209:18)
    at QueryProcessWrapper.release (C:\Users\aahfk\Downloads\pokemon-showdown-master-7-17\pokemon-showdown-master\dist\lib\process-manager.js:197:12)
    at SQLDatabaseManager.releaseCrashed (C:\Users\aahfk\Downloads\pokemon-showdown-master-7-17\pokemon-showdown-master\dist\lib\process-manager.js:412:19)
    at ChildProcess.<anonymous> (C:\Users\aahfk\Downloads\pokemon-showdown-master-7-17\pokemon-showdown-master\dist\lib\process-manager.js:471:50)
    at ChildProcess.emit (node:events:390:28)
    at ChildProcess.emit (node:domain:475:12)
    at finish (node:internal/child_process:902:14)
    at processTicksAndRejections (node:internal/process/task_queues:78:11)

Error [ERR_IPC_DISCONNECTED]: IPC channel is already disconnected
    at new NodeError (node:internal/errors:371:5)
    at ChildProcess.target.disconnect (node:internal/child_process:872:26)
    at QueryProcessWrapper.destroy (C:\Users\aahfk\Downloads\pokemon-showdown-master-7-17\pokemon-showdown-master\dist\lib\process-manager.js:209:18)
    at QueryProcessWrapper.release (C:\Users\aahfk\Downloads\pokemon-showdown-master-7-17\pokemon-showdown-master\dist\lib\process-manager.js:197:12)
    at QueryProcessManager.releaseCrashed (C:\Users\aahfk\Downloads\pokemon-showdown-master-7-17\pokemon-showdown-master\dist\lib\process-manager.js:412:19)
    at ChildProcess.<anonymous> (C:\Users\aahfk\Downloads\pokemon-showdown-master-7-17\pokemon-showdown-master\dist\lib\process-manager.js:471:50)
    at ChildProcess.emit (node:events:390:28)
    at ChildProcess.emit (node:domain:475:12)
    at finish (node:internal/child_process:902:14)
    at processTicksAndRejections (node:internal/process/task_queues:78:11)

Error [ERR_IPC_DISCONNECTED]: IPC channel is already disconnected
    at new NodeError (node:internal/errors:371:5)
    at ChildProcess.target.disconnect (node:internal/child_process:872:26)
    at QueryProcessWrapper.destroy (C:\Users\aahfk\Downloads\pokemon-showdown-master-7-17\pokemon-showdown-master\dist\lib\process-manager.js:209:18)
    at QueryProcessWrapper.release (C:\Users\aahfk\Downloads\pokemon-showdown-master-7-17\pokemon-showdown-master\dist\lib\process-manager.js:197:12)
    at QueryProcessManager.releaseCrashed (C:\Users\aahfk\Downloads\pokemon-showdown-master-7-17\pokemon-showdown-master\dist\lib\process-manager.js:412:19)
    at ChildProcess.<anonymous> (C:\Users\aahfk\Downloads\pokemon-showdown-master-7-17\pokemon-showdown-master\dist\lib\process-manager.js:471:50)
    at ChildProcess.emit (node:events:390:28)
    at ChildProcess.emit (node:domain:475:12)
    at finish (node:internal/child_process:902:14)
    at processTicksAndRejections (node:internal/process/task_queues:78:11)

TypeError: Cannot read properties of null (reading 'then')
    at RawProcessManager.releaseCrashed (C:\Users\aahfk\Downloads\pokemon-showdown-master-7-17\pokemon-showdown-master\dist\lib\process-manager.js:412:28)
    at Worker.<anonymous> (C:\Users\aahfk\Downloads\pokemon-showdown-master-7-17\pokemon-showdown-master\dist\lib\process-manager.js:471:50)
    at Worker.emit (node:events:390:28)
    at Worker.emit (node:domain:475:12)
    at ChildProcess.<anonymous> (node:internal/cluster/primary:224:12)
    at Object.onceWrapper (node:events:509:28)
    at ChildProcess.emit (node:events:390:28)
    at ChildProcess.emit (node:domain:475:12)
    at finish (node:internal/child_process:902:14)
    at processTicksAndRejections (node:internal/process/task_queues:78:11)

Error [ERR_IPC_DISCONNECTED]: IPC channel is already disconnected
    at new NodeError (node:internal/errors:371:5)
    at ChildProcess.target.disconnect (node:internal/child_process:872:26)
    at QueryProcessWrapper.destroy (C:\Users\aahfk\Downloads\pokemon-showdown-master-7-17\pokemon-showdown-master\dist\lib\process-manager.js:209:18)
    at QueryProcessWrapper.release (C:\Users\aahfk\Downloads\pokemon-showdown-master-7-17\pokemon-showdown-master\dist\lib\process-manager.js:197:12)
    at QueryProcessManager.releaseCrashed (C:\Users\aahfk\Downloads\pokemon-showdown-master-7-17\pokemon-showdown-master\dist\lib\process-manager.js:412:19)
    at ChildProcess.<anonymous> (C:\Users\aahfk\Downloads\pokemon-showdown-master-7-17\pokemon-showdown-master\dist\lib\process-manager.js:471:50)
    at ChildProcess.emit (node:events:390:28)
    at ChildProcess.emit (node:domain:475:12)
    at finish (node:internal/child_process:902:14)
    at processTicksAndRejections (node:internal/process/task_queues:78:11)

Error [ERR_IPC_DISCONNECTED]: IPC channel is already disconnected
    at new NodeError (node:internal/errors:371:5)
    at ChildProcess.target.disconnect (node:internal/child_process:872:26)
    at StreamProcessWrapper.destroy (C:\Users\aahfk\Downloads\pokemon-showdown-master-7-17\pokemon-showdown-master\dist\lib\process-manager.js:310:18)
    at StreamProcessWrapper.release (C:\Users\aahfk\Downloads\pokemon-showdown-master-7-17\pokemon-showdown-master\dist\lib\process-manager.js:298:17)
    at StreamProcessManager.releaseCrashed (C:\Users\aahfk\Downloads\pokemon-showdown-master-7-17\pokemon-showdown-master\dist\lib\process-manager.js:412:19)
    at ChildProcess.<anonymous> (C:\Users\aahfk\Downloads\pokemon-showdown-master-7-17\pokemon-showdown-master\dist\lib\process-manager.js:471:50)
    at ChildProcess.emit (node:events:390:28)
    at ChildProcess.emit (node:domain:475:12)
    at finish (node:internal/child_process:902:14)
    at processTicksAndRejections (node:internal/process/task_queues:78:11)

Error [ERR_IPC_DISCONNECTED]: IPC channel is already disconnected
    at new NodeError (node:internal/errors:371:5)
    at ChildProcess.target.disconnect (node:internal/child_process:872:26)
    at QueryProcessWrapper.destroy (C:\Users\aahfk\Downloads\pokemon-showdown-master-7-17\pokemon-showdown-master\dist\lib\process-manager.js:209:18)
    at QueryProcessWrapper.release (C:\Users\aahfk\Downloads\pokemon-showdown-master-7-17\pokemon-showdown-master\dist\lib\process-manager.js:197:12)
    at SQLDatabaseManager.releaseCrashed (C:\Users\aahfk\Downloads\pokemon-showdown-master-7-17\pokemon-showdown-master\dist\lib\process-manager.js:412:19)
    at ChildProcess.<anonymous> (C:\Users\aahfk\Downloads\pokemon-showdown-master-7-17\pokemon-showdown-master\dist\lib\process-manager.js:471:50)
    at ChildProcess.emit (node:events:390:28)
    at ChildProcess.emit (node:domain:475:12)
    at finish (node:internal/child_process:902:14)
    at processTicksAndRejections (node:internal/process/task_queues:78:11)

Error [ERR_IPC_DISCONNECTED]: IPC channel is already disconnected
    at new NodeError (node:internal/errors:371:5)
    at ChildProcess.target.disconnect (node:internal/child_process:872:26)
    at QueryProcessWrapper.destroy (C:\Users\aahfk\Downloads\pokemon-showdown-master-7-17\pokemon-showdown-master\dist\lib\process-manager.js:209:18)
    at QueryProcessWrapper.release (C:\Users\aahfk\Downloads\pokemon-showdown-master-7-17\pokemon-showdown-master\dist\lib\process-manager.js:197:12)
    at QueryProcessManager.releaseCrashed (C:\Users\aahfk\Downloads\pokemon-showdown-master-7-17\pokemon-showdown-master\dist\lib\process-manager.js:412:19)
    at ChildProcess.<anonymous> (C:\Users\aahfk\Downloads\pokemon-showdown-master-7-17\pokemon-showdown-master\dist\lib\process-manager.js:471:50)
    at ChildProcess.emit (node:events:390:28)
    at ChildProcess.emit (node:domain:475:12)
    at finish (node:internal/child_process:902:14)
    at processTicksAndRejections (node:internal/process/task_queues:78:11)

Error [ERR_IPC_DISCONNECTED]: IPC channel is already disconnected
    at new NodeError (node:internal/errors:371:5)
    at ChildProcess.target.disconnect (node:internal/child_process:872:26)
    at StreamProcessWrapper.destroy (C:\Users\aahfk\Downloads\pokemon-showdown-master-7-17\pokemon-showdown-master\dist\lib\process-manager.js:310:18)
    at StreamProcessWrapper.release (C:\Users\aahfk\Downloads\pokemon-showdown-master-7-17\pokemon-showdown-master\dist\lib\process-manager.js:298:17)
    at StreamProcessManager.releaseCrashed (C:\Users\aahfk\Downloads\pokemon-showdown-master-7-17\pokemon-showdown-master\dist\lib\process-manager.js:412:19)
    at ChildProcess.<anonymous> (C:\Users\aahfk\Downloads\pokemon-showdown-master-7-17\pokemon-showdown-master\dist\lib\process-manager.js:471:50)
    at ChildProcess.emit (node:events:390:28)
    at ChildProcess.emit (node:domain:475:12)
    at finish (node:internal/child_process:902:14)
    at processTicksAndRejections (node:internal/process/task_queues:78:11)

Error [ERR_IPC_DISCONNECTED]: IPC channel is already disconnected
    at new NodeError (node:internal/errors:371:5)
    at ChildProcess.target.disconnect (node:internal/child_process:872:26)
    at QueryProcessWrapper.destroy (C:\Users\aahfk\Downloads\pokemon-showdown-master-7-17\pokemon-showdown-master\dist\lib\process-manager.js:209:18)
    at QueryProcessWrapper.release (C:\Users\aahfk\Downloads\pokemon-showdown-master-7-17\pokemon-showdown-master\dist\lib\process-manager.js:197:12)
    at QueryProcessManager.releaseCrashed (C:\Users\aahfk\Downloads\pokemon-showdown-master-7-17\pokemon-showdown-master\dist\lib\process-manager.js:412:19)
    at ChildProcess.<anonymous> (C:\Users\aahfk\Downloads\pokemon-showdown-master-7-17\pokemon-showdown-master\dist\lib\process-manager.js:471:50)
    at ChildProcess.emit (node:events:390:28)
    at ChildProcess.emit (node:domain:475:12)
    at finish (node:internal/child_process:902:14)
    at processTicksAndRejections (node:internal/process/task_queues:78:11)

Error [ERR_IPC_DISCONNECTED]: IPC channel is already disconnected
    at new NodeError (node:internal/errors:371:5)
    at ChildProcess.target.disconnect (node:internal/child_process:872:26)
    at QueryProcessWrapper.destroy (C:\Users\aahfk\Downloads\pokemon-showdown-master-7-17\pokemon-showdown-master\dist\lib\process-manager.js:209:18)
    at QueryProcessWrapper.release (C:\Users\aahfk\Downloads\pokemon-showdown-master-7-17\pokemon-showdown-master\dist\lib\process-manager.js:197:12)
    at QueryProcessManager.releaseCrashed (C:\Users\aahfk\Downloads\pokemon-showdown-master-7-17\pokemon-showdown-master\dist\lib\process-manager.js:412:19)
    at ChildProcess.<anonymous> (C:\Users\aahfk\Downloads\pokemon-showdown-master-7-17\pokemon-showdown-master\dist\lib\process-manager.js:471:50)
    at ChildProcess.emit (node:events:390:28)
    at ChildProcess.emit (node:domain:475:12)
    at finish (node:internal/child_process:902:14)
    at processTicksAndRejections (node:internal/process/task_queues:78:11)

Error: Format #30 has a duplicate ID: 'gen8megasforallkalos'
    at DexFormats.load (C:\Users\aahfk\Downloads\pokemon-showdown-master-7-17\pokemon-showdown-master\dist\sim\dex-formats.js:375:15)
    at DexFormats.all (C:\Users\aahfk\Downloads\pokemon-showdown-master-7-17\pokemon-showdown-master\dist\sim\dex-formats.js:465:10)
    at GlobalRoomState.get formatListText [as formatListText] (C:\Users\aahfk\Downloads\pokemon-showdown-master-7-17\pokemon-showdown-master\dist\server\rooms.js:1208:38)
    at GlobalRoomState.handleConnect (C:\Users\aahfk\Downloads\pokemon-showdown-master-7-17\pokemon-showdown-master\dist\server\rooms.js:1475:82)
    at Object.socketConnect (C:\Users\aahfk\Downloads\pokemon-showdown-master-7-17\pokemon-showdown-master\dist\server\users.js:1303:16)
    at Object.onSpawn (C:\Users\aahfk\Downloads\pokemon-showdown-master-7-17\pokemon-showdown-master\dist\server\sockets.js:63:17)
    at processTicksAndRejections (node:internal/process/task_queues:96:5)

Error: Nothing matches "All-Seeing Eye"
    at DexFormats.validateBanRule (C:\Users\aahfk\Downloads\pokemon-showdown-master-7-17\pokemon-showdown-master\dist\sim\dex-formats.js:794:13)
    at DexFormats.validateRule (C:\Users\aahfk\Downloads\pokemon-showdown-master-7-17\pokemon-showdown-master\dist\sim\dex-formats.js:697:38)
    at DexFormats.getRuleTable (C:\Users\aahfk\Downloads\pokemon-showdown-master-7-17\pokemon-showdown-master\dist\sim\dex-formats.js:506:29)
    at DexFormats.getRuleTable (C:\Users\aahfk\Downloads\pokemon-showdown-master-7-17\pokemon-showdown-master\dist\sim\dex-formats.js:604:33)
    at DexFormats.getRuleTable (C:\Users\aahfk\Downloads\pokemon-showdown-master-7-17\pokemon-showdown-master\dist\sim\dex-formats.js:474:28)
    at GlobalRoomState.get formatListText [as formatListText] (C:\Users\aahfk\Downloads\pokemon-showdown-master-7-17\pokemon-showdown-master\dist\server\rooms.js:1231:37)
    at GlobalRoomState.handleConnect (C:\Users\aahfk\Downloads\pokemon-showdown-master-7-17\pokemon-showdown-master\dist\server\rooms.js:1475:82)
    at Object.socketConnect (C:\Users\aahfk\Downloads\pokemon-showdown-master-7-17\pokemon-showdown-master\dist\server\users.js:1303:16)
    at Object.onSpawn (C:\Users\aahfk\Downloads\pokemon-showdown-master-7-17\pokemon-showdown-master\dist\server\sockets.js:63:17)
    at processTicksAndRejections (node:internal/process/task_queues:96:5)

Error: Rule "!!adjustlevel=50" is not replacing anything (it should not have "!!")
    at DexFormats.getRuleTable (C:\Users\aahfk\Downloads\pokemon-showdown-master-7-17\pokemon-showdown-master\dist\sim\dex-formats.js:578:21)
    at DexFormats.getRuleTable (C:\Users\aahfk\Downloads\pokemon-showdown-master-7-17\pokemon-showdown-master\dist\sim\dex-formats.js:474:28)
    at GlobalRoomState.get formatListText [as formatListText] (C:\Users\aahfk\Downloads\pokemon-showdown-master-7-17\pokemon-showdown-master\dist\server\rooms.js:1231:37)
    at GlobalRoomState.handleConnect (C:\Users\aahfk\Downloads\pokemon-showdown-master-7-17\pokemon-showdown-master\dist\server\rooms.js:1475:82)
    at Object.socketConnect (C:\Users\aahfk\Downloads\pokemon-showdown-master-7-17\pokemon-showdown-master\dist\server\users.js:1303:16)
    at Object.onSpawn (C:\Users\aahfk\Downloads\pokemon-showdown-master-7-17\pokemon-showdown-master\dist\server\sockets.js:63:17)
    at processTicksAndRejections (node:internal/process/task_queues:96:5)

Error [ERR_IPC_DISCONNECTED]: IPC channel is already disconnected
    at new NodeError (node:internal/errors:371:5)
    at ChildProcess.target.disconnect (node:internal/child_process:872:26)
    at QueryProcessWrapper.destroy (C:\Users\aahfk\Downloads\pokemon-showdown-master-7-17\pokemon-showdown-master\dist\lib\process-manager.js:209:18)
    at QueryProcessWrapper.release (C:\Users\aahfk\Downloads\pokemon-showdown-master-7-17\pokemon-showdown-master\dist\lib\process-manager.js:197:12)
    at QueryProcessManager.releaseCrashed (C:\Users\aahfk\Downloads\pokemon-showdown-master-7-17\pokemon-showdown-master\dist\lib\process-manager.js:412:19)
    at ChildProcess.<anonymous> (C:\Users\aahfk\Downloads\pokemon-showdown-master-7-17\pokemon-showdown-master\dist\lib\process-manager.js:471:50)
    at ChildProcess.emit (node:events:390:28)
    at ChildProcess.emit (node:domain:475:12)
    at finish (node:internal/child_process:902:14)
    at processTicksAndRejections (node:internal/process/task_queues:78:11)

Error: Unrecognized rule "Standard GBU"
    at DexFormats.validateRule (C:\Users\aahfk\Downloads\pokemon-showdown-master-7-17\pokemon-showdown-master\dist\sim\dex-formats.js:703:17)
    at DexFormats.getRuleTable (C:\Users\aahfk\Downloads\pokemon-showdown-master-7-17\pokemon-showdown-master\dist\sim\dex-formats.js:506:29)
    at DexFormats.getRuleTable (C:\Users\aahfk\Downloads\pokemon-showdown-master-7-17\pokemon-showdown-master\dist\sim\dex-formats.js:474:28)
    at GlobalRoomState.get formatListText [as formatListText] (C:\Users\aahfk\Downloads\pokemon-showdown-master-7-17\pokemon-showdown-master\dist\server\rooms.js:1231:37)
    at GlobalRoomState.handleConnect (C:\Users\aahfk\Downloads\pokemon-showdown-master-7-17\pokemon-showdown-master\dist\server\rooms.js:1475:82)
    at Object.socketConnect (C:\Users\aahfk\Downloads\pokemon-showdown-master-7-17\pokemon-showdown-master\dist\server\users.js:1303:16)
    at Object.onSpawn (C:\Users\aahfk\Downloads\pokemon-showdown-master-7-17\pokemon-showdown-master\dist\server\sockets.js:63:17)
    at processTicksAndRejections (node:internal/process/task_queues:96:5)

ReferenceError: data is not defined
    at randomMoves (C:\Users\aahfk\Downloads\pokemon-showdown-master-7-17\pokemon-showdown-master\dist\data\mods\m4asandbox\formats-data.js:207:3)
    at Object.<anonymous> (C:\Users\aahfk\Downloads\pokemon-showdown-master-7-17\pokemon-showdown-master\dist\data\mods\m4asandbox\formats-data.js:211:1)
    at Module._compile (node:internal/modules/cjs/loader:1101:14)
    at Object.Module._extensions..js (node:internal/modules/cjs/loader:1153:10)
    at Module.load (node:internal/modules/cjs/loader:981:32)
    at Function.Module._load (node:internal/modules/cjs/loader:822:12)
    at Module.require (node:internal/modules/cjs/loader:1005:19)
    at require (node:internal/modules/cjs/helpers:102:18)
    at ModdedDex.loadDataFile (C:\Users\aahfk\Downloads\pokemon-showdown-master-7-17\pokemon-showdown-master\dist\sim\dex.js:415:26)
    at ModdedDex.loadData (C:\Users\aahfk\Downloads\pokemon-showdown-master-7-17\pokemon-showdown-master\dist\sim\dex.js:487:31)

Error: Nothing matches "lcuber"
    at DexFormats.validateBanRule (C:\Users\aahfk\Downloads\pokemon-showdown-master-7-17\pokemon-showdown-master\dist\sim\dex-formats.js:794:13)
    at DexFormats.validateRule (C:\Users\aahfk\Downloads\pokemon-showdown-master-7-17\pokemon-showdown-master\dist\sim\dex-formats.js:697:38)
    at DexFormats.getRuleTable (C:\Users\aahfk\Downloads\pokemon-showdown-master-7-17\pokemon-showdown-master\dist\sim\dex-formats.js:506:29)
    at DexFormats.getRuleTable (C:\Users\aahfk\Downloads\pokemon-showdown-master-7-17\pokemon-showdown-master\dist\sim\dex-formats.js:474:28)
    at GlobalRoomState.get formatListText [as formatListText] (C:\Users\aahfk\Downloads\pokemon-showdown-master-7-17\pokemon-showdown-master\dist\server\rooms.js:1231:37)
    at GlobalRoomState.handleConnect (C:\Users\aahfk\Downloads\pokemon-showdown-master-7-17\pokemon-showdown-master\dist\server\rooms.js:1475:82)
    at Object.socketConnect (C:\Users\aahfk\Downloads\pokemon-showdown-master-7-17\pokemon-showdown-master\dist\server\users.js:1303:16)
    at Object.onSpawn (C:\Users\aahfk\Downloads\pokemon-showdown-master-7-17\pokemon-showdown-master\dist\server\sockets.js:63:17)
    at processTicksAndRejections (node:internal/process/task_queues:96:5)

Error [ERR_IPC_DISCONNECTED]: IPC channel is already disconnected
    at new NodeError (node:internal/errors:387:5)
    at ChildProcess.target.disconnect (node:internal/child_process:893:26)
    at QueryProcessWrapper.destroy (C:\Users\pccom\Documents\GitHub\dh2-client\DH2\dist\lib\process-manager.js:209:18)
    at QueryProcessWrapper.release (C:\Users\pccom\Documents\GitHub\dh2-client\DH2\dist\lib\process-manager.js:197:12)
    at SQLDatabaseManager.releaseCrashed (C:\Users\pccom\Documents\GitHub\dh2-client\DH2\dist\lib\process-manager.js:412:19)
    at ChildProcess.<anonymous> (C:\Users\pccom\Documents\GitHub\dh2-client\DH2\dist\lib\process-manager.js:471:50)
    at ChildProcess.emit (node:events:513:28)
    at ChildProcess.emit (node:domain:489:12)
    at finish (node:internal/child_process:923:14)
    at processTicksAndRejections (node:internal/process/task_queues:78:11)

Error [ERR_IPC_DISCONNECTED]: IPC channel is already disconnected
    at new NodeError (node:internal/errors:387:5)
    at ChildProcess.target.disconnect (node:internal/child_process:893:26)
    at QueryProcessWrapper.destroy (C:\Users\pccom\Documents\GitHub\dh2-client\DH2\dist\lib\process-manager.js:209:18)
    at QueryProcessWrapper.release (C:\Users\pccom\Documents\GitHub\dh2-client\DH2\dist\lib\process-manager.js:197:12)
    at SQLDatabaseManager.releaseCrashed (C:\Users\pccom\Documents\GitHub\dh2-client\DH2\dist\lib\process-manager.js:412:19)
    at ChildProcess.<anonymous> (C:\Users\pccom\Documents\GitHub\dh2-client\DH2\dist\lib\process-manager.js:471:50)
    at ChildProcess.emit (node:events:513:28)
    at ChildProcess.emit (node:domain:489:12)
    at finish (node:internal/child_process:923:14)
    at processTicksAndRejections (node:internal/process/task_queues:78:11)

Error [ERR_IPC_DISCONNECTED]: IPC channel is already disconnected
    at new NodeError (node:internal/errors:387:5)
    at ChildProcess.target.disconnect (node:internal/child_process:893:26)
    at QueryProcessWrapper.destroy (C:\Users\pccom\Documents\GitHub\dh2-client\DH2\dist\lib\process-manager.js:209:18)
    at QueryProcessWrapper.release (C:\Users\pccom\Documents\GitHub\dh2-client\DH2\dist\lib\process-manager.js:197:12)
    at QueryProcessManager.releaseCrashed (C:\Users\pccom\Documents\GitHub\dh2-client\DH2\dist\lib\process-manager.js:412:19)
    at ChildProcess.<anonymous> (C:\Users\pccom\Documents\GitHub\dh2-client\DH2\dist\lib\process-manager.js:471:50)
    at ChildProcess.emit (node:events:513:28)
    at ChildProcess.emit (node:domain:489:12)
    at finish (node:internal/child_process:923:14)
    at processTicksAndRejections (node:internal/process/task_queues:78:11)

Error [ERR_IPC_DISCONNECTED]: IPC channel is already disconnected
    at new NodeError (node:internal/errors:387:5)
    at ChildProcess.target.disconnect (node:internal/child_process:893:26)
    at QueryProcessWrapper.destroy (C:\Users\pccom\Documents\GitHub\dh2-client\DH2\dist\lib\process-manager.js:209:18)
    at QueryProcessWrapper.release (C:\Users\pccom\Documents\GitHub\dh2-client\DH2\dist\lib\process-manager.js:197:12)
    at QueryProcessManager.releaseCrashed (C:\Users\pccom\Documents\GitHub\dh2-client\DH2\dist\lib\process-manager.js:412:19)
    at ChildProcess.<anonymous> (C:\Users\pccom\Documents\GitHub\dh2-client\DH2\dist\lib\process-manager.js:471:50)
    at ChildProcess.emit (node:events:513:28)
    at ChildProcess.emit (node:domain:489:12)
    at finish (node:internal/child_process:923:14)
    at processTicksAndRejections (node:internal/process/task_queues:78:11)

Error [ERR_IPC_DISCONNECTED]: IPC channel is already disconnected
    at new NodeError (node:internal/errors:387:5)
    at ChildProcess.target.disconnect (node:internal/child_process:893:26)
    at QueryProcessWrapper.destroy (C:\Users\pccom\Documents\GitHub\dh2-client\DH2\dist\lib\process-manager.js:209:18)
    at QueryProcessWrapper.release (C:\Users\pccom\Documents\GitHub\dh2-client\DH2\dist\lib\process-manager.js:197:12)
    at QueryProcessManager.releaseCrashed (C:\Users\pccom\Documents\GitHub\dh2-client\DH2\dist\lib\process-manager.js:412:19)
    at ChildProcess.<anonymous> (C:\Users\pccom\Documents\GitHub\dh2-client\DH2\dist\lib\process-manager.js:471:50)
    at ChildProcess.emit (node:events:513:28)
    at ChildProcess.emit (node:domain:489:12)
    at finish (node:internal/child_process:923:14)
    at processTicksAndRejections (node:internal/process/task_queues:78:11)

TypeError: Cannot read properties of null (reading 'then')
    at RawProcessManager.releaseCrashed (C:\Users\pccom\Documents\GitHub\dh2-client\DH2\dist\lib\process-manager.js:412:28)
    at Worker.<anonymous> (C:\Users\pccom\Documents\GitHub\dh2-client\DH2\dist\lib\process-manager.js:471:50)
    at Worker.emit (node:events:513:28)
    at Worker.emit (node:domain:489:12)
    at ChildProcess.<anonymous> (node:internal/cluster/primary:224:12)
    at Object.onceWrapper (node:events:627:28)
    at ChildProcess.emit (node:events:513:28)
    at ChildProcess.emit (node:domain:489:12)
    at finish (node:internal/child_process:923:14)
    at processTicksAndRejections (node:internal/process/task_queues:78:11)

Error [ERR_IPC_DISCONNECTED]: IPC channel is already disconnected
    at new NodeError (node:internal/errors:387:5)
    at ChildProcess.target.disconnect (node:internal/child_process:893:26)
    at QueryProcessWrapper.destroy (C:\Users\pccom\Documents\GitHub\dh2-client\DH2\dist\lib\process-manager.js:209:18)
    at QueryProcessWrapper.release (C:\Users\pccom\Documents\GitHub\dh2-client\DH2\dist\lib\process-manager.js:197:12)
    at QueryProcessManager.releaseCrashed (C:\Users\pccom\Documents\GitHub\dh2-client\DH2\dist\lib\process-manager.js:412:19)
    at ChildProcess.<anonymous> (C:\Users\pccom\Documents\GitHub\dh2-client\DH2\dist\lib\process-manager.js:471:50)
    at ChildProcess.emit (node:events:513:28)
    at ChildProcess.emit (node:domain:489:12)
    at finish (node:internal/child_process:923:14)
    at processTicksAndRejections (node:internal/process/task_queues:78:11)

Error [ERR_IPC_DISCONNECTED]: IPC channel is already disconnected
    at new NodeError (node:internal/errors:387:5)
    at ChildProcess.target.disconnect (node:internal/child_process:893:26)
    at StreamProcessWrapper.destroy (C:\Users\pccom\Documents\GitHub\dh2-client\DH2\dist\lib\process-manager.js:310:18)
    at StreamProcessWrapper.release (C:\Users\pccom\Documents\GitHub\dh2-client\DH2\dist\lib\process-manager.js:298:17)
    at StreamProcessManager.releaseCrashed (C:\Users\pccom\Documents\GitHub\dh2-client\DH2\dist\lib\process-manager.js:412:19)
    at ChildProcess.<anonymous> (C:\Users\pccom\Documents\GitHub\dh2-client\DH2\dist\lib\process-manager.js:471:50)
    at ChildProcess.emit (node:events:513:28)
    at ChildProcess.emit (node:domain:489:12)
    at finish (node:internal/child_process:923:14)
    at processTicksAndRejections (node:internal/process/task_queues:78:11)

Error [ERR_IPC_DISCONNECTED]: IPC channel is already disconnected
    at new NodeError (node:internal/errors:387:5)
    at ChildProcess.target.disconnect (node:internal/child_process:893:26)
    at QueryProcessWrapper.destroy (C:\Users\pccom\Documents\GitHub\dh2-client\DH2\dist\lib\process-manager.js:209:18)
    at QueryProcessWrapper.release (C:\Users\pccom\Documents\GitHub\dh2-client\DH2\dist\lib\process-manager.js:197:12)
    at SQLDatabaseManager.releaseCrashed (C:\Users\pccom\Documents\GitHub\dh2-client\DH2\dist\lib\process-manager.js:412:19)
    at ChildProcess.<anonymous> (C:\Users\pccom\Documents\GitHub\dh2-client\DH2\dist\lib\process-manager.js:471:50)
    at ChildProcess.emit (node:events:513:28)
    at ChildProcess.emit (node:domain:489:12)
    at finish (node:internal/child_process:923:14)
    at processTicksAndRejections (node:internal/process/task_queues:78:11)

Error [ERR_IPC_DISCONNECTED]: IPC channel is already disconnected
    at new NodeError (node:internal/errors:387:5)
    at ChildProcess.target.disconnect (node:internal/child_process:893:26)
    at QueryProcessWrapper.destroy (C:\Users\pccom\Documents\GitHub\dh2-client\DH2\dist\lib\process-manager.js:209:18)
    at QueryProcessWrapper.release (C:\Users\pccom\Documents\GitHub\dh2-client\DH2\dist\lib\process-manager.js:197:12)
    at QueryProcessManager.releaseCrashed (C:\Users\pccom\Documents\GitHub\dh2-client\DH2\dist\lib\process-manager.js:412:19)
    at ChildProcess.<anonymous> (C:\Users\pccom\Documents\GitHub\dh2-client\DH2\dist\lib\process-manager.js:471:50)
    at ChildProcess.emit (node:events:513:28)
    at ChildProcess.emit (node:domain:489:12)
    at finish (node:internal/child_process:923:14)
    at processTicksAndRejections (node:internal/process/task_queues:78:11)

Error [ERR_IPC_DISCONNECTED]: IPC channel is already disconnected
    at new NodeError (node:internal/errors:387:5)
    at ChildProcess.target.disconnect (node:internal/child_process:893:26)
    at StreamProcessWrapper.destroy (C:\Users\pccom\Documents\GitHub\dh2-client\DH2\dist\lib\process-manager.js:310:18)
    at StreamProcessWrapper.release (C:\Users\pccom\Documents\GitHub\dh2-client\DH2\dist\lib\process-manager.js:298:17)
    at StreamProcessManager.releaseCrashed (C:\Users\pccom\Documents\GitHub\dh2-client\DH2\dist\lib\process-manager.js:412:19)
    at ChildProcess.<anonymous> (C:\Users\pccom\Documents\GitHub\dh2-client\DH2\dist\lib\process-manager.js:471:50)
    at ChildProcess.emit (node:events:513:28)
    at ChildProcess.emit (node:domain:489:12)
    at finish (node:internal/child_process:923:14)
    at processTicksAndRejections (node:internal/process/task_queues:78:11)

Error [ERR_IPC_DISCONNECTED]: IPC channel is already disconnected
    at new NodeError (node:internal/errors:387:5)
    at ChildProcess.target.disconnect (node:internal/child_process:893:26)
    at QueryProcessWrapper.destroy (C:\Users\pccom\Documents\GitHub\dh2-client\DH2\dist\lib\process-manager.js:209:18)
    at QueryProcessWrapper.release (C:\Users\pccom\Documents\GitHub\dh2-client\DH2\dist\lib\process-manager.js:197:12)
    at QueryProcessManager.releaseCrashed (C:\Users\pccom\Documents\GitHub\dh2-client\DH2\dist\lib\process-manager.js:412:19)
    at ChildProcess.<anonymous> (C:\Users\pccom\Documents\GitHub\dh2-client\DH2\dist\lib\process-manager.js:471:50)
    at ChildProcess.emit (node:events:513:28)
    at ChildProcess.emit (node:domain:489:12)
    at finish (node:internal/child_process:923:14)
    at processTicksAndRejections (node:internal/process/task_queues:78:11)

Error [ERR_IPC_DISCONNECTED]: IPC channel is already disconnected
    at new NodeError (node:internal/errors:387:5)
    at ChildProcess.target.disconnect (node:internal/child_process:893:26)
    at QueryProcessWrapper.destroy (C:\Users\pccom\Documents\GitHub\dh2-client\DH2\dist\lib\process-manager.js:209:18)
    at QueryProcessWrapper.release (C:\Users\pccom\Documents\GitHub\dh2-client\DH2\dist\lib\process-manager.js:197:12)
    at SQLDatabaseManager.releaseCrashed (C:\Users\pccom\Documents\GitHub\dh2-client\DH2\dist\lib\process-manager.js:412:19)
    at ChildProcess.<anonymous> (C:\Users\pccom\Documents\GitHub\dh2-client\DH2\dist\lib\process-manager.js:471:50)
    at ChildProcess.emit (node:events:513:28)
    at ChildProcess.emit (node:domain:489:12)
    at finish (node:internal/child_process:923:14)
    at processTicksAndRejections (node:internal/process/task_queues:78:11)

Error [ERR_IPC_DISCONNECTED]: IPC channel is already disconnected
    at new NodeError (node:internal/errors:387:5)
    at ChildProcess.target.disconnect (node:internal/child_process:893:26)
    at QueryProcessWrapper.destroy (C:\Users\pccom\Documents\GitHub\dh2-client\DH2\dist\lib\process-manager.js:209:18)
    at QueryProcessWrapper.release (C:\Users\pccom\Documents\GitHub\dh2-client\DH2\dist\lib\process-manager.js:197:12)
    at SQLDatabaseManager.releaseCrashed (C:\Users\pccom\Documents\GitHub\dh2-client\DH2\dist\lib\process-manager.js:412:19)
    at ChildProcess.<anonymous> (C:\Users\pccom\Documents\GitHub\dh2-client\DH2\dist\lib\process-manager.js:471:50)
    at ChildProcess.emit (node:events:513:28)
    at ChildProcess.emit (node:domain:489:12)
    at finish (node:internal/child_process:923:14)
    at processTicksAndRejections (node:internal/process/task_queues:78:11)

Error [ERR_IPC_DISCONNECTED]: IPC channel is already disconnected
    at new NodeError (node:internal/errors:387:5)
    at ChildProcess.target.disconnect (node:internal/child_process:893:26)
    at QueryProcessWrapper.destroy (C:\Users\pccom\Documents\GitHub\dh2-client\DH2\dist\lib\process-manager.js:209:18)
    at QueryProcessWrapper.release (C:\Users\pccom\Documents\GitHub\dh2-client\DH2\dist\lib\process-manager.js:197:12)
    at QueryProcessManager.releaseCrashed (C:\Users\pccom\Documents\GitHub\dh2-client\DH2\dist\lib\process-manager.js:412:19)
    at ChildProcess.<anonymous> (C:\Users\pccom\Documents\GitHub\dh2-client\DH2\dist\lib\process-manager.js:471:50)
    at ChildProcess.emit (node:events:513:28)
    at ChildProcess.emit (node:domain:489:12)
    at finish (node:internal/child_process:923:14)
    at processTicksAndRejections (node:internal/process/task_queues:78:11)

Error [ERR_IPC_DISCONNECTED]: IPC channel is already disconnected
    at new NodeError (node:internal/errors:387:5)
    at ChildProcess.target.disconnect (node:internal/child_process:893:26)
    at QueryProcessWrapper.destroy (C:\Users\pccom\Documents\GitHub\dh2-client\DH2\dist\lib\process-manager.js:209:18)
    at QueryProcessWrapper.release (C:\Users\pccom\Documents\GitHub\dh2-client\DH2\dist\lib\process-manager.js:197:12)
    at QueryProcessManager.releaseCrashed (C:\Users\pccom\Documents\GitHub\dh2-client\DH2\dist\lib\process-manager.js:412:19)
    at ChildProcess.<anonymous> (C:\Users\pccom\Documents\GitHub\dh2-client\DH2\dist\lib\process-manager.js:471:50)
    at ChildProcess.emit (node:events:513:28)
    at ChildProcess.emit (node:domain:489:12)
    at finish (node:internal/child_process:923:14)
    at processTicksAndRejections (node:internal/process/task_queues:78:11)

Error [ERR_IPC_DISCONNECTED]: IPC channel is already disconnected
    at new NodeError (node:internal/errors:387:5)
    at ChildProcess.target.disconnect (node:internal/child_process:893:26)
    at QueryProcessWrapper.destroy (C:\Users\pccom\Documents\GitHub\dh2-client\DH2\dist\lib\process-manager.js:209:18)
    at QueryProcessWrapper.release (C:\Users\pccom\Documents\GitHub\dh2-client\DH2\dist\lib\process-manager.js:197:12)
    at QueryProcessManager.releaseCrashed (C:\Users\pccom\Documents\GitHub\dh2-client\DH2\dist\lib\process-manager.js:412:19)
    at ChildProcess.<anonymous> (C:\Users\pccom\Documents\GitHub\dh2-client\DH2\dist\lib\process-manager.js:471:50)
    at ChildProcess.emit (node:events:513:28)
    at ChildProcess.emit (node:domain:489:12)
    at finish (node:internal/child_process:923:14)
    at processTicksAndRejections (node:internal/process/task_queues:78:11)

Error: Process sockets.js 20000 crashed and had to be restarted
    at RawProcessManager.releaseCrashed (C:\Users\pccom\Documents\GitHub\dh2-client\DH2\dist\lib\process-manager.js:427:7)
    at Worker.<anonymous> (C:\Users\pccom\Documents\GitHub\dh2-client\DH2\dist\lib\process-manager.js:471:50)
    at Worker.emit (node:events:513:28)
    at Worker.emit (node:domain:489:12)
    at ChildProcess.<anonymous> (node:internal/cluster/primary:224:12)
    at Object.onceWrapper (node:events:627:28)
    at ChildProcess.emit (node:events:513:28)
    at ChildProcess.emit (node:domain:489:12)
    at finish (node:internal/child_process:923:14)
    at processTicksAndRejections (node:internal/process/task_queues:78:11)

Error [ERR_IPC_DISCONNECTED]: IPC channel is already disconnected
    at new NodeError (node:internal/errors:387:5)
    at ChildProcess.target.disconnect (node:internal/child_process:893:26)
    at QueryProcessWrapper.destroy (C:\Users\pccom\Documents\GitHub\dh2-client\DH2\dist\lib\process-manager.js:209:18)
    at QueryProcessWrapper.release (C:\Users\pccom\Documents\GitHub\dh2-client\DH2\dist\lib\process-manager.js:197:12)
    at QueryProcessManager.releaseCrashed (C:\Users\pccom\Documents\GitHub\dh2-client\DH2\dist\lib\process-manager.js:412:19)
    at ChildProcess.<anonymous> (C:\Users\pccom\Documents\GitHub\dh2-client\DH2\dist\lib\process-manager.js:471:50)
    at ChildProcess.emit (node:events:513:28)
    at ChildProcess.emit (node:domain:489:12)
    at finish (node:internal/child_process:923:14)
    at processTicksAndRejections (node:internal/process/task_queues:78:11)

Error: Process room-battle.js 23448 crashed and had to be restarted
    at StreamProcessManager.releaseCrashed (C:\Users\pccom\Documents\GitHub\dh2-client\DH2\dist\lib\process-manager.js:427:7)
    at ChildProcess.<anonymous> (C:\Users\pccom\Documents\GitHub\dh2-client\DH2\dist\lib\process-manager.js:471:50)
    at ChildProcess.emit (node:events:513:28)
    at ChildProcess.emit (node:domain:489:12)
    at finish (node:internal/child_process:923:14)
    at processTicksAndRejections (node:internal/process/task_queues:78:11)

Error [ERR_IPC_DISCONNECTED]: IPC channel is already disconnected
    at new NodeError (node:internal/errors:387:5)
    at ChildProcess.target.disconnect (node:internal/child_process:893:26)
    at QueryProcessWrapper.destroy (C:\Users\pccom\Documents\GitHub\dh2-client\DH2\dist\lib\process-manager.js:209:18)
    at QueryProcessWrapper.release (C:\Users\pccom\Documents\GitHub\dh2-client\DH2\dist\lib\process-manager.js:197:12)
    at SQLDatabaseManager.releaseCrashed (C:\Users\pccom\Documents\GitHub\dh2-client\DH2\dist\lib\process-manager.js:412:19)
    at ChildProcess.<anonymous> (C:\Users\pccom\Documents\GitHub\dh2-client\DH2\dist\lib\process-manager.js:471:50)
    at ChildProcess.emit (node:events:513:28)
    at ChildProcess.emit (node:domain:489:12)
    at finish (node:internal/child_process:923:14)
    at processTicksAndRejections (node:internal/process/task_queues:78:11)

Error [ERR_IPC_DISCONNECTED]: IPC channel is already disconnected
    at new NodeError (node:internal/errors:387:5)
    at ChildProcess.target.disconnect (node:internal/child_process:893:26)
    at QueryProcessWrapper.destroy (C:\Users\pccom\Documents\GitHub\dh2-client\DH2\dist\lib\process-manager.js:209:18)
    at QueryProcessWrapper.release (C:\Users\pccom\Documents\GitHub\dh2-client\DH2\dist\lib\process-manager.js:197:12)
    at QueryProcessManager.releaseCrashed (C:\Users\pccom\Documents\GitHub\dh2-client\DH2\dist\lib\process-manager.js:412:19)
    at ChildProcess.<anonymous> (C:\Users\pccom\Documents\GitHub\dh2-client\DH2\dist\lib\process-manager.js:471:50)
    at ChildProcess.emit (node:events:513:28)
    at ChildProcess.emit (node:domain:489:12)
    at finish (node:internal/child_process:923:14)
    at processTicksAndRejections (node:internal/process/task_queues:78:11)

Error [ERR_IPC_DISCONNECTED]: IPC channel is already disconnected
    at new NodeError (node:internal/errors:387:5)
    at ChildProcess.target.disconnect (node:internal/child_process:893:26)
    at StreamProcessWrapper.destroy (C:\Users\pccom\Documents\GitHub\dh2-client\DH2\dist\lib\process-manager.js:310:18)
    at StreamProcessWrapper.release (C:\Users\pccom\Documents\GitHub\dh2-client\DH2\dist\lib\process-manager.js:298:17)
    at StreamProcessManager.releaseCrashed (C:\Users\pccom\Documents\GitHub\dh2-client\DH2\dist\lib\process-manager.js:412:19)
    at ChildProcess.<anonymous> (C:\Users\pccom\Documents\GitHub\dh2-client\DH2\dist\lib\process-manager.js:471:50)
    at ChildProcess.emit (node:events:513:28)
    at ChildProcess.emit (node:domain:489:12)
    at finish (node:internal/child_process:923:14)
    at processTicksAndRejections (node:internal/process/task_queues:78:11)

Error [ERR_IPC_DISCONNECTED]: IPC channel is already disconnected
    at new NodeError (node:internal/errors:387:5)
    at ChildProcess.target.disconnect (node:internal/child_process:893:26)
    at QueryProcessWrapper.destroy (C:\Users\pccom\Documents\GitHub\dh2-client\DH2\dist\lib\process-manager.js:209:18)
    at QueryProcessWrapper.release (C:\Users\pccom\Documents\GitHub\dh2-client\DH2\dist\lib\process-manager.js:197:12)
    at QueryProcessManager.releaseCrashed (C:\Users\pccom\Documents\GitHub\dh2-client\DH2\dist\lib\process-manager.js:412:19)
    at ChildProcess.<anonymous> (C:\Users\pccom\Documents\GitHub\dh2-client\DH2\dist\lib\process-manager.js:471:50)
    at ChildProcess.emit (node:events:513:28)
    at ChildProcess.emit (node:domain:489:12)
    at finish (node:internal/child_process:923:14)
    at processTicksAndRejections (node:internal/process/task_queues:78:11)

TypeError: learnset is not iterable
    at ModdedDex.init (C:\Users\pccom\Documents\GitHub\dh2-client\DH2\dist\data\mods\scootopia\scripts.js:39:26)
    at ModdedDex.loadData (C:\Users\pccom\Documents\GitHub\dh2-client\DH2\dist\sim\dex.js:526:20)
    at ModdedDex.get data [as data] (C:\Users\pccom\Documents\GitHub\dh2-client\DH2\dist\sim\dex.js:138:17)
    at DexFormats.get (C:\Users\pccom\Documents\GitHub\dh2-client\DH2\dist\sim\dex-formats.js:430:18)
    at DexFormats.validateRule (C:\Users\pccom\Documents\GitHub\dh2-client\DH2\dist\sim\dex-formats.js:701:42)
    at DexFormats.getRuleTable (C:\Users\pccom\Documents\GitHub\dh2-client\DH2\dist\sim\dex-formats.js:506:29)
    at DexFormats.getRuleTable (C:\Users\pccom\Documents\GitHub\dh2-client\DH2\dist\sim\dex-formats.js:474:28)
    at GlobalRoomState.get formatListText [as formatListText] (C:\Users\pccom\Documents\GitHub\dh2-client\DH2\dist\server\rooms.js:1231:37)
    at GlobalRoomState.handleConnect (C:\Users\pccom\Documents\GitHub\dh2-client\DH2\dist\server\rooms.js:1475:82)
    at Object.socketConnect (C:\Users\pccom\Documents\GitHub\dh2-client\DH2\dist\server\users.js:1303:16)

TypeError: learnset is not iterable
    at ModdedDex.init (C:\Users\pccom\Documents\GitHub\dh2-client\DH2\dist\data\mods\scootopia\scripts.js:39:26)
    at ModdedDex.loadData (C:\Users\pccom\Documents\GitHub\dh2-client\DH2\dist\sim\dex.js:526:20)
    at ModdedDex.get data [as data] (C:\Users\pccom\Documents\GitHub\dh2-client\DH2\dist\sim\dex.js:138:17)
    at DexFormats.get (C:\Users\pccom\Documents\GitHub\dh2-client\DH2\dist\sim\dex-formats.js:430:18)
    at DexFormats.validateRule (C:\Users\pccom\Documents\GitHub\dh2-client\DH2\dist\sim\dex-formats.js:701:42)
    at DexFormats.getRuleTable (C:\Users\pccom\Documents\GitHub\dh2-client\DH2\dist\sim\dex-formats.js:506:29)
    at DexFormats.getRuleTable (C:\Users\pccom\Documents\GitHub\dh2-client\DH2\dist\sim\dex-formats.js:474:28)
    at GlobalRoomState.get formatListText [as formatListText] (C:\Users\pccom\Documents\GitHub\dh2-client\DH2\dist\server\rooms.js:1231:37)
    at GlobalRoomState.handleConnect (C:\Users\pccom\Documents\GitHub\dh2-client\DH2\dist\server\rooms.js:1475:82)
    at Object.socketConnect (C:\Users\pccom\Documents\GitHub\dh2-client\DH2\dist\server\users.js:1303:16)

Error [ERR_IPC_DISCONNECTED]: IPC channel is already disconnected
    at new NodeError (node:internal/errors:387:5)
    at ChildProcess.target.disconnect (node:internal/child_process:893:26)
    at QueryProcessWrapper.destroy (C:\Users\pccom\Documents\GitHub\dh2-client\DH2\dist\lib\process-manager.js:209:18)
    at QueryProcessWrapper.release (C:\Users\pccom\Documents\GitHub\dh2-client\DH2\dist\lib\process-manager.js:197:12)
    at SQLDatabaseManager.releaseCrashed (C:\Users\pccom\Documents\GitHub\dh2-client\DH2\dist\lib\process-manager.js:412:19)
    at ChildProcess.<anonymous> (C:\Users\pccom\Documents\GitHub\dh2-client\DH2\dist\lib\process-manager.js:471:50)
    at ChildProcess.emit (node:events:513:28)
    at ChildProcess.emit (node:domain:489:12)
    at finish (node:internal/child_process:923:14)
    at processTicksAndRejections (node:internal/process/task_queues:78:11)

Error [ERR_IPC_DISCONNECTED]: IPC channel is already disconnected
    at new NodeError (node:internal/errors:387:5)
    at ChildProcess.target.disconnect (node:internal/child_process:893:26)
    at QueryProcessWrapper.destroy (C:\Users\pccom\Documents\GitHub\dh2-client\DH2\dist\lib\process-manager.js:209:18)
    at QueryProcessWrapper.release (C:\Users\pccom\Documents\GitHub\dh2-client\DH2\dist\lib\process-manager.js:197:12)
    at SQLDatabaseManager.releaseCrashed (C:\Users\pccom\Documents\GitHub\dh2-client\DH2\dist\lib\process-manager.js:412:19)
    at ChildProcess.<anonymous> (C:\Users\pccom\Documents\GitHub\dh2-client\DH2\dist\lib\process-manager.js:471:50)
    at ChildProcess.emit (node:events:513:28)
    at ChildProcess.emit (node:domain:489:12)
    at finish (node:internal/child_process:923:14)
    at processTicksAndRejections (node:internal/process/task_queues:78:11)

Error [ERR_IPC_DISCONNECTED]: IPC channel is already disconnected
    at new NodeError (node:internal/errors:387:5)
    at ChildProcess.target.disconnect (node:internal/child_process:893:26)
    at QueryProcessWrapper.destroy (C:\Users\pccom\Documents\GitHub\dh2-client\DH2\dist\lib\process-manager.js:209:18)
    at QueryProcessWrapper.release (C:\Users\pccom\Documents\GitHub\dh2-client\DH2\dist\lib\process-manager.js:197:12)
    at QueryProcessManager.releaseCrashed (C:\Users\pccom\Documents\GitHub\dh2-client\DH2\dist\lib\process-manager.js:412:19)
    at ChildProcess.<anonymous> (C:\Users\pccom\Documents\GitHub\dh2-client\DH2\dist\lib\process-manager.js:471:50)
    at ChildProcess.emit (node:events:513:28)
    at ChildProcess.emit (node:domain:489:12)
    at finish (node:internal/child_process:923:14)
    at processTicksAndRejections (node:internal/process/task_queues:78:11)

Error [ERR_IPC_DISCONNECTED]: IPC channel is already disconnected
    at new NodeError (node:internal/errors:387:5)
    at ChildProcess.target.disconnect (node:internal/child_process:893:26)
    at QueryProcessWrapper.destroy (C:\Users\pccom\Documents\GitHub\dh2-client\DH2\dist\lib\process-manager.js:209:18)
    at QueryProcessWrapper.release (C:\Users\pccom\Documents\GitHub\dh2-client\DH2\dist\lib\process-manager.js:197:12)
    at QueryProcessManager.releaseCrashed (C:\Users\pccom\Documents\GitHub\dh2-client\DH2\dist\lib\process-manager.js:412:19)
    at ChildProcess.<anonymous> (C:\Users\pccom\Documents\GitHub\dh2-client\DH2\dist\lib\process-manager.js:471:50)
    at ChildProcess.emit (node:events:513:28)
    at ChildProcess.emit (node:domain:489:12)
    at finish (node:internal/child_process:923:14)
    at processTicksAndRejections (node:internal/process/task_queues:78:11)

Error [ERR_IPC_DISCONNECTED]: IPC channel is already disconnected
    at new NodeError (node:internal/errors:387:5)
    at ChildProcess.target.disconnect (node:internal/child_process:893:26)
    at QueryProcessWrapper.destroy (C:\Users\pccom\Documents\GitHub\dh2-client\DH2\dist\lib\process-manager.js:209:18)
    at QueryProcessWrapper.release (C:\Users\pccom\Documents\GitHub\dh2-client\DH2\dist\lib\process-manager.js:197:12)
    at QueryProcessManager.releaseCrashed (C:\Users\pccom\Documents\GitHub\dh2-client\DH2\dist\lib\process-manager.js:412:19)
    at ChildProcess.<anonymous> (C:\Users\pccom\Documents\GitHub\dh2-client\DH2\dist\lib\process-manager.js:471:50)
    at ChildProcess.emit (node:events:513:28)
    at ChildProcess.emit (node:domain:489:12)
    at finish (node:internal/child_process:923:14)
    at processTicksAndRejections (node:internal/process/task_queues:78:11)

TypeError: Cannot read properties of null (reading 'then')
    at RawProcessManager.releaseCrashed (C:\Users\pccom\Documents\GitHub\dh2-client\DH2\dist\lib\process-manager.js:412:28)
    at Worker.<anonymous> (C:\Users\pccom\Documents\GitHub\dh2-client\DH2\dist\lib\process-manager.js:471:50)
    at Worker.emit (node:events:513:28)
    at Worker.emit (node:domain:489:12)
    at ChildProcess.<anonymous> (node:internal/cluster/primary:224:12)
    at Object.onceWrapper (node:events:627:28)
    at ChildProcess.emit (node:events:513:28)
    at ChildProcess.emit (node:domain:489:12)
    at finish (node:internal/child_process:923:14)
    at processTicksAndRejections (node:internal/process/task_queues:78:11)

Error [ERR_IPC_DISCONNECTED]: IPC channel is already disconnected
    at new NodeError (node:internal/errors:387:5)
    at ChildProcess.target.disconnect (node:internal/child_process:893:26)
    at QueryProcessWrapper.destroy (C:\Users\pccom\Documents\GitHub\dh2-client\DH2\dist\lib\process-manager.js:209:18)
    at QueryProcessWrapper.release (C:\Users\pccom\Documents\GitHub\dh2-client\DH2\dist\lib\process-manager.js:197:12)
    at QueryProcessManager.releaseCrashed (C:\Users\pccom\Documents\GitHub\dh2-client\DH2\dist\lib\process-manager.js:412:19)
    at ChildProcess.<anonymous> (C:\Users\pccom\Documents\GitHub\dh2-client\DH2\dist\lib\process-manager.js:471:50)
    at ChildProcess.emit (node:events:513:28)
    at ChildProcess.emit (node:domain:489:12)
    at finish (node:internal/child_process:923:14)
    at processTicksAndRejections (node:internal/process/task_queues:78:11)

Error [ERR_IPC_DISCONNECTED]: IPC channel is already disconnected
    at new NodeError (node:internal/errors:387:5)
    at ChildProcess.target.disconnect (node:internal/child_process:893:26)
    at StreamProcessWrapper.destroy (C:\Users\pccom\Documents\GitHub\dh2-client\DH2\dist\lib\process-manager.js:310:18)
    at StreamProcessWrapper.release (C:\Users\pccom\Documents\GitHub\dh2-client\DH2\dist\lib\process-manager.js:298:17)
    at StreamProcessManager.releaseCrashed (C:\Users\pccom\Documents\GitHub\dh2-client\DH2\dist\lib\process-manager.js:412:19)
    at ChildProcess.<anonymous> (C:\Users\pccom\Documents\GitHub\dh2-client\DH2\dist\lib\process-manager.js:471:50)
    at ChildProcess.emit (node:events:513:28)
    at ChildProcess.emit (node:domain:489:12)
    at finish (node:internal/child_process:923:14)
    at processTicksAndRejections (node:internal/process/task_queues:78:11)

Error [ERR_IPC_DISCONNECTED]: IPC channel is already disconnected
    at new NodeError (node:internal/errors:387:5)
    at ChildProcess.target.disconnect (node:internal/child_process:893:26)
    at QueryProcessWrapper.destroy (C:\Users\pccom\Documents\GitHub\dh2-client\DH2\dist\lib\process-manager.js:209:18)
    at QueryProcessWrapper.release (C:\Users\pccom\Documents\GitHub\dh2-client\DH2\dist\lib\process-manager.js:197:12)
    at SQLDatabaseManager.releaseCrashed (C:\Users\pccom\Documents\GitHub\dh2-client\DH2\dist\lib\process-manager.js:412:19)
    at ChildProcess.<anonymous> (C:\Users\pccom\Documents\GitHub\dh2-client\DH2\dist\lib\process-manager.js:471:50)
    at ChildProcess.emit (node:events:513:28)
    at ChildProcess.emit (node:domain:489:12)
    at finish (node:internal/child_process:923:14)
    at processTicksAndRejections (node:internal/process/task_queues:78:11)

Error [ERR_IPC_DISCONNECTED]: IPC channel is already disconnected
    at new NodeError (node:internal/errors:387:5)
    at ChildProcess.target.disconnect (node:internal/child_process:893:26)
    at QueryProcessWrapper.destroy (C:\Users\pccom\Documents\GitHub\dh2-client\DH2\dist\lib\process-manager.js:209:18)
    at QueryProcessWrapper.release (C:\Users\pccom\Documents\GitHub\dh2-client\DH2\dist\lib\process-manager.js:197:12)
    at QueryProcessManager.releaseCrashed (C:\Users\pccom\Documents\GitHub\dh2-client\DH2\dist\lib\process-manager.js:412:19)
    at ChildProcess.<anonymous> (C:\Users\pccom\Documents\GitHub\dh2-client\DH2\dist\lib\process-manager.js:471:50)
    at ChildProcess.emit (node:events:513:28)
    at ChildProcess.emit (node:domain:489:12)
    at finish (node:internal/child_process:923:14)
    at processTicksAndRejections (node:internal/process/task_queues:78:11)

Error [ERR_IPC_DISCONNECTED]: IPC channel is already disconnected
    at new NodeError (node:internal/errors:387:5)
    at ChildProcess.target.disconnect (node:internal/child_process:893:26)
    at StreamProcessWrapper.destroy (C:\Users\pccom\Documents\GitHub\dh2-client\DH2\dist\lib\process-manager.js:310:18)
    at StreamProcessWrapper.release (C:\Users\pccom\Documents\GitHub\dh2-client\DH2\dist\lib\process-manager.js:298:17)
    at StreamProcessManager.releaseCrashed (C:\Users\pccom\Documents\GitHub\dh2-client\DH2\dist\lib\process-manager.js:412:19)
    at ChildProcess.<anonymous> (C:\Users\pccom\Documents\GitHub\dh2-client\DH2\dist\lib\process-manager.js:471:50)
    at ChildProcess.emit (node:events:513:28)
    at ChildProcess.emit (node:domain:489:12)
    at finish (node:internal/child_process:923:14)
    at processTicksAndRejections (node:internal/process/task_queues:78:11)

Error [ERR_IPC_DISCONNECTED]: IPC channel is already disconnected
    at new NodeError (node:internal/errors:387:5)
    at ChildProcess.target.disconnect (node:internal/child_process:893:26)
    at QueryProcessWrapper.destroy (C:\Users\pccom\Documents\GitHub\dh2-client\DH2\dist\lib\process-manager.js:209:18)
    at QueryProcessWrapper.release (C:\Users\pccom\Documents\GitHub\dh2-client\DH2\dist\lib\process-manager.js:197:12)
    at QueryProcessManager.releaseCrashed (C:\Users\pccom\Documents\GitHub\dh2-client\DH2\dist\lib\process-manager.js:412:19)
    at ChildProcess.<anonymous> (C:\Users\pccom\Documents\GitHub\dh2-client\DH2\dist\lib\process-manager.js:471:50)
    at ChildProcess.emit (node:events:513:28)
    at ChildProcess.emit (node:domain:489:12)
    at finish (node:internal/child_process:923:14)
    at processTicksAndRejections (node:internal/process/task_queues:78:11)

Error [ERR_IPC_DISCONNECTED]: IPC channel is already disconnected
    at new NodeError (node:internal/errors:387:5)
    at ChildProcess.target.disconnect (node:internal/child_process:893:26)
    at QueryProcessWrapper.destroy (C:\Users\pccom\Documents\GitHub\dh2-client\DH2\dist\lib\process-manager.js:209:18)
    at QueryProcessWrapper.release (C:\Users\pccom\Documents\GitHub\dh2-client\DH2\dist\lib\process-manager.js:197:12)
    at SQLDatabaseManager.releaseCrashed (C:\Users\pccom\Documents\GitHub\dh2-client\DH2\dist\lib\process-manager.js:412:19)
    at ChildProcess.<anonymous> (C:\Users\pccom\Documents\GitHub\dh2-client\DH2\dist\lib\process-manager.js:471:50)
    at ChildProcess.emit (node:events:513:28)
    at ChildProcess.emit (node:domain:489:12)
    at finish (node:internal/child_process:923:14)
    at processTicksAndRejections (node:internal/process/task_queues:78:11)

Error [ERR_IPC_DISCONNECTED]: IPC channel is already disconnected
    at new NodeError (node:internal/errors:387:5)
    at ChildProcess.target.disconnect (node:internal/child_process:893:26)
    at QueryProcessWrapper.destroy (C:\Users\pccom\Documents\GitHub\dh2-client\DH2\dist\lib\process-manager.js:209:18)
    at QueryProcessWrapper.release (C:\Users\pccom\Documents\GitHub\dh2-client\DH2\dist\lib\process-manager.js:197:12)
    at SQLDatabaseManager.releaseCrashed (C:\Users\pccom\Documents\GitHub\dh2-client\DH2\dist\lib\process-manager.js:412:19)
    at ChildProcess.<anonymous> (C:\Users\pccom\Documents\GitHub\dh2-client\DH2\dist\lib\process-manager.js:471:50)
    at ChildProcess.emit (node:events:513:28)
    at ChildProcess.emit (node:domain:489:12)
    at finish (node:internal/child_process:923:14)
    at processTicksAndRejections (node:internal/process/task_queues:78:11)

Error [ERR_IPC_DISCONNECTED]: IPC channel is already disconnected
    at new NodeError (node:internal/errors:387:5)
    at ChildProcess.target.disconnect (node:internal/child_process:893:26)
    at QueryProcessWrapper.destroy (C:\Users\pccom\Documents\GitHub\dh2-client\DH2\dist\lib\process-manager.js:209:18)
    at QueryProcessWrapper.release (C:\Users\pccom\Documents\GitHub\dh2-client\DH2\dist\lib\process-manager.js:197:12)
    at QueryProcessManager.releaseCrashed (C:\Users\pccom\Documents\GitHub\dh2-client\DH2\dist\lib\process-manager.js:412:19)
    at ChildProcess.<anonymous> (C:\Users\pccom\Documents\GitHub\dh2-client\DH2\dist\lib\process-manager.js:471:50)
    at ChildProcess.emit (node:events:513:28)
    at ChildProcess.emit (node:domain:489:12)
    at finish (node:internal/child_process:923:14)
    at processTicksAndRejections (node:internal/process/task_queues:78:11)

Error [ERR_IPC_DISCONNECTED]: IPC channel is already disconnected
    at new NodeError (node:internal/errors:387:5)
    at ChildProcess.target.disconnect (node:internal/child_process:893:26)
    at QueryProcessWrapper.destroy (C:\Users\pccom\Documents\GitHub\dh2-client\DH2\dist\lib\process-manager.js:209:18)
    at QueryProcessWrapper.release (C:\Users\pccom\Documents\GitHub\dh2-client\DH2\dist\lib\process-manager.js:197:12)
    at QueryProcessManager.releaseCrashed (C:\Users\pccom\Documents\GitHub\dh2-client\DH2\dist\lib\process-manager.js:412:19)
    at ChildProcess.<anonymous> (C:\Users\pccom\Documents\GitHub\dh2-client\DH2\dist\lib\process-manager.js:471:50)
    at ChildProcess.emit (node:events:513:28)
    at ChildProcess.emit (node:domain:489:12)
    at finish (node:internal/child_process:923:14)
    at processTicksAndRejections (node:internal/process/task_queues:78:11)

Error [ERR_IPC_DISCONNECTED]: IPC channel is already disconnected
    at new NodeError (node:internal/errors:387:5)
    at ChildProcess.target.disconnect (node:internal/child_process:893:26)
    at QueryProcessWrapper.destroy (C:\Users\pccom\Documents\GitHub\dh2-client\DH2\dist\lib\process-manager.js:209:18)
    at QueryProcessWrapper.release (C:\Users\pccom\Documents\GitHub\dh2-client\DH2\dist\lib\process-manager.js:197:12)
    at QueryProcessManager.releaseCrashed (C:\Users\pccom\Documents\GitHub\dh2-client\DH2\dist\lib\process-manager.js:412:19)
    at ChildProcess.<anonymous> (C:\Users\pccom\Documents\GitHub\dh2-client\DH2\dist\lib\process-manager.js:471:50)
    at ChildProcess.emit (node:events:513:28)
    at ChildProcess.emit (node:domain:489:12)
    at finish (node:internal/child_process:923:14)
    at processTicksAndRejections (node:internal/process/task_queues:78:11)

TypeError: Cannot read properties of null (reading 'then')
    at RawProcessManager.releaseCrashed (C:\Users\pccom\Documents\GitHub\dh2-client\DH2\dist\lib\process-manager.js:412:28)
    at Worker.<anonymous> (C:\Users\pccom\Documents\GitHub\dh2-client\DH2\dist\lib\process-manager.js:471:50)
    at Worker.emit (node:events:513:28)
    at Worker.emit (node:domain:489:12)
    at ChildProcess.<anonymous> (node:internal/cluster/primary:224:12)
    at Object.onceWrapper (node:events:627:28)
    at ChildProcess.emit (node:events:513:28)
    at ChildProcess.emit (node:domain:489:12)
    at finish (node:internal/child_process:923:14)
    at processTicksAndRejections (node:internal/process/task_queues:78:11)

Error [ERR_IPC_DISCONNECTED]: IPC channel is already disconnected
    at new NodeError (node:internal/errors:387:5)
    at ChildProcess.target.disconnect (node:internal/child_process:893:26)
    at QueryProcessWrapper.destroy (C:\Users\pccom\Documents\GitHub\dh2-client\DH2\dist\lib\process-manager.js:209:18)
    at QueryProcessWrapper.release (C:\Users\pccom\Documents\GitHub\dh2-client\DH2\dist\lib\process-manager.js:197:12)
    at QueryProcessManager.releaseCrashed (C:\Users\pccom\Documents\GitHub\dh2-client\DH2\dist\lib\process-manager.js:412:19)
    at ChildProcess.<anonymous> (C:\Users\pccom\Documents\GitHub\dh2-client\DH2\dist\lib\process-manager.js:471:50)
    at ChildProcess.emit (node:events:513:28)
    at ChildProcess.emit (node:domain:489:12)
    at finish (node:internal/child_process:923:14)
    at processTicksAndRejections (node:internal/process/task_queues:78:11)

Error [ERR_IPC_DISCONNECTED]: IPC channel is already disconnected
    at new NodeError (node:internal/errors:387:5)
    at ChildProcess.target.disconnect (node:internal/child_process:893:26)
    at StreamProcessWrapper.destroy (C:\Users\pccom\Documents\GitHub\dh2-client\DH2\dist\lib\process-manager.js:310:18)
    at StreamProcessWrapper.release (C:\Users\pccom\Documents\GitHub\dh2-client\DH2\dist\lib\process-manager.js:298:17)
    at StreamProcessManager.releaseCrashed (C:\Users\pccom\Documents\GitHub\dh2-client\DH2\dist\lib\process-manager.js:412:19)
    at ChildProcess.<anonymous> (C:\Users\pccom\Documents\GitHub\dh2-client\DH2\dist\lib\process-manager.js:471:50)
    at ChildProcess.emit (node:events:513:28)
    at ChildProcess.emit (node:domain:489:12)
    at finish (node:internal/child_process:923:14)
    at processTicksAndRejections (node:internal/process/task_queues:78:11)

Error [ERR_IPC_DISCONNECTED]: IPC channel is already disconnected
    at new NodeError (node:internal/errors:387:5)
    at ChildProcess.target.disconnect (node:internal/child_process:893:26)
    at QueryProcessWrapper.destroy (C:\Users\pccom\Documents\GitHub\dh2-client\DH2\dist\lib\process-manager.js:209:18)
    at QueryProcessWrapper.release (C:\Users\pccom\Documents\GitHub\dh2-client\DH2\dist\lib\process-manager.js:197:12)
    at SQLDatabaseManager.releaseCrashed (C:\Users\pccom\Documents\GitHub\dh2-client\DH2\dist\lib\process-manager.js:412:19)
    at ChildProcess.<anonymous> (C:\Users\pccom\Documents\GitHub\dh2-client\DH2\dist\lib\process-manager.js:471:50)
    at ChildProcess.emit (node:events:513:28)
    at ChildProcess.emit (node:domain:489:12)
    at finish (node:internal/child_process:923:14)
    at processTicksAndRejections (node:internal/process/task_queues:78:11)

Error [ERR_IPC_DISCONNECTED]: IPC channel is already disconnected
    at new NodeError (node:internal/errors:387:5)
    at ChildProcess.target.disconnect (node:internal/child_process:893:26)
    at QueryProcessWrapper.destroy (C:\Users\pccom\Documents\GitHub\dh2-client\DH2\dist\lib\process-manager.js:209:18)
    at QueryProcessWrapper.release (C:\Users\pccom\Documents\GitHub\dh2-client\DH2\dist\lib\process-manager.js:197:12)
    at QueryProcessManager.releaseCrashed (C:\Users\pccom\Documents\GitHub\dh2-client\DH2\dist\lib\process-manager.js:412:19)
    at ChildProcess.<anonymous> (C:\Users\pccom\Documents\GitHub\dh2-client\DH2\dist\lib\process-manager.js:471:50)
    at ChildProcess.emit (node:events:513:28)
    at ChildProcess.emit (node:domain:489:12)
    at finish (node:internal/child_process:923:14)
    at processTicksAndRejections (node:internal/process/task_queues:78:11)

Error [ERR_IPC_DISCONNECTED]: IPC channel is already disconnected
    at new NodeError (node:internal/errors:387:5)
    at ChildProcess.target.disconnect (node:internal/child_process:893:26)
    at StreamProcessWrapper.destroy (C:\Users\pccom\Documents\GitHub\dh2-client\DH2\dist\lib\process-manager.js:310:18)
    at StreamProcessWrapper.release (C:\Users\pccom\Documents\GitHub\dh2-client\DH2\dist\lib\process-manager.js:298:17)
    at StreamProcessManager.releaseCrashed (C:\Users\pccom\Documents\GitHub\dh2-client\DH2\dist\lib\process-manager.js:412:19)
    at ChildProcess.<anonymous> (C:\Users\pccom\Documents\GitHub\dh2-client\DH2\dist\lib\process-manager.js:471:50)
    at ChildProcess.emit (node:events:513:28)
    at ChildProcess.emit (node:domain:489:12)
    at finish (node:internal/child_process:923:14)
    at processTicksAndRejections (node:internal/process/task_queues:78:11)

Error [ERR_IPC_DISCONNECTED]: IPC channel is already disconnected
    at new NodeError (node:internal/errors:387:5)
    at ChildProcess.target.disconnect (node:internal/child_process:893:26)
    at QueryProcessWrapper.destroy (C:\Users\pccom\Documents\GitHub\dh2-client\DH2\dist\lib\process-manager.js:209:18)
    at QueryProcessWrapper.release (C:\Users\pccom\Documents\GitHub\dh2-client\DH2\dist\lib\process-manager.js:197:12)
    at QueryProcessManager.releaseCrashed (C:\Users\pccom\Documents\GitHub\dh2-client\DH2\dist\lib\process-manager.js:412:19)
    at ChildProcess.<anonymous> (C:\Users\pccom\Documents\GitHub\dh2-client\DH2\dist\lib\process-manager.js:471:50)
    at ChildProcess.emit (node:events:513:28)
    at ChildProcess.emit (node:domain:489:12)
    at finish (node:internal/child_process:923:14)
    at processTicksAndRejections (node:internal/process/task_queues:78:11)

TypeError: Cannot read properties of null (reading 'then')
    at RawProcessManager.releaseCrashed (C:\Users\pccom\Documents\GitHub\dh2-client\DH2\dist\lib\process-manager.js:412:28)
    at Worker.<anonymous> (C:\Users\pccom\Documents\GitHub\dh2-client\DH2\dist\lib\process-manager.js:471:50)
    at Worker.emit (node:events:513:28)
    at Worker.emit (node:domain:489:12)
    at ChildProcess.<anonymous> (node:internal/cluster/primary:224:12)
    at Object.onceWrapper (node:events:627:28)
    at ChildProcess.emit (node:events:513:28)
    at ChildProcess.emit (node:domain:489:12)
    at finish (node:internal/child_process:923:14)
    at processTicksAndRejections (node:internal/process/task_queues:78:11)

Error [ERR_IPC_DISCONNECTED]: IPC channel is already disconnected
    at new NodeError (node:internal/errors:387:5)
    at ChildProcess.target.disconnect (node:internal/child_process:893:26)
    at QueryProcessWrapper.destroy (C:\Users\pccom\Documents\GitHub\dh2-client\DH2\dist\lib\process-manager.js:209:18)
    at QueryProcessWrapper.release (C:\Users\pccom\Documents\GitHub\dh2-client\DH2\dist\lib\process-manager.js:197:12)
    at QueryProcessManager.releaseCrashed (C:\Users\pccom\Documents\GitHub\dh2-client\DH2\dist\lib\process-manager.js:412:19)
    at ChildProcess.<anonymous> (C:\Users\pccom\Documents\GitHub\dh2-client\DH2\dist\lib\process-manager.js:471:50)
    at ChildProcess.emit (node:events:513:28)
    at ChildProcess.emit (node:domain:489:12)
    at finish (node:internal/child_process:923:14)
    at processTicksAndRejections (node:internal/process/task_queues:78:11)

Error [ERR_IPC_DISCONNECTED]: IPC channel is already disconnected
    at new NodeError (node:internal/errors:387:5)
    at ChildProcess.target.disconnect (node:internal/child_process:893:26)
    at StreamProcessWrapper.destroy (C:\Users\pccom\Documents\GitHub\dh2-client\DH2\dist\lib\process-manager.js:310:18)
    at StreamProcessWrapper.release (C:\Users\pccom\Documents\GitHub\dh2-client\DH2\dist\lib\process-manager.js:298:17)
    at StreamProcessManager.releaseCrashed (C:\Users\pccom\Documents\GitHub\dh2-client\DH2\dist\lib\process-manager.js:412:19)
    at ChildProcess.<anonymous> (C:\Users\pccom\Documents\GitHub\dh2-client\DH2\dist\lib\process-manager.js:471:50)
    at ChildProcess.emit (node:events:513:28)
    at ChildProcess.emit (node:domain:489:12)
    at finish (node:internal/child_process:923:14)
    at processTicksAndRejections (node:internal/process/task_queues:78:11)

Error [ERR_IPC_DISCONNECTED]: IPC channel is already disconnected
    at new NodeError (node:internal/errors:387:5)
    at ChildProcess.target.disconnect (node:internal/child_process:893:26)
    at QueryProcessWrapper.destroy (C:\Users\pccom\Documents\GitHub\dh2-client\DH2\dist\lib\process-manager.js:209:18)
    at QueryProcessWrapper.release (C:\Users\pccom\Documents\GitHub\dh2-client\DH2\dist\lib\process-manager.js:197:12)
    at SQLDatabaseManager.releaseCrashed (C:\Users\pccom\Documents\GitHub\dh2-client\DH2\dist\lib\process-manager.js:412:19)
    at ChildProcess.<anonymous> (C:\Users\pccom\Documents\GitHub\dh2-client\DH2\dist\lib\process-manager.js:471:50)
    at ChildProcess.emit (node:events:513:28)
    at ChildProcess.emit (node:domain:489:12)
    at finish (node:internal/child_process:923:14)
    at processTicksAndRejections (node:internal/process/task_queues:78:11)

Error [ERR_IPC_DISCONNECTED]: IPC channel is already disconnected
    at new NodeError (node:internal/errors:387:5)
    at ChildProcess.target.disconnect (node:internal/child_process:893:26)
    at QueryProcessWrapper.destroy (C:\Users\pccom\Documents\GitHub\dh2-client\DH2\dist\lib\process-manager.js:209:18)
    at QueryProcessWrapper.release (C:\Users\pccom\Documents\GitHub\dh2-client\DH2\dist\lib\process-manager.js:197:12)
    at QueryProcessManager.releaseCrashed (C:\Users\pccom\Documents\GitHub\dh2-client\DH2\dist\lib\process-manager.js:412:19)
    at ChildProcess.<anonymous> (C:\Users\pccom\Documents\GitHub\dh2-client\DH2\dist\lib\process-manager.js:471:50)
    at ChildProcess.emit (node:events:513:28)
    at ChildProcess.emit (node:domain:489:12)
    at finish (node:internal/child_process:923:14)
    at processTicksAndRejections (node:internal/process/task_queues:78:11)

Error [ERR_IPC_DISCONNECTED]: IPC channel is already disconnected
    at new NodeError (node:internal/errors:387:5)
    at ChildProcess.target.disconnect (node:internal/child_process:893:26)
    at StreamProcessWrapper.destroy (C:\Users\pccom\Documents\GitHub\dh2-client\DH2\dist\lib\process-manager.js:310:18)
    at StreamProcessWrapper.release (C:\Users\pccom\Documents\GitHub\dh2-client\DH2\dist\lib\process-manager.js:298:17)
    at StreamProcessManager.releaseCrashed (C:\Users\pccom\Documents\GitHub\dh2-client\DH2\dist\lib\process-manager.js:412:19)
    at ChildProcess.<anonymous> (C:\Users\pccom\Documents\GitHub\dh2-client\DH2\dist\lib\process-manager.js:471:50)
    at ChildProcess.emit (node:events:513:28)
    at ChildProcess.emit (node:domain:489:12)
    at finish (node:internal/child_process:923:14)
    at processTicksAndRejections (node:internal/process/task_queues:78:11)

Error [ERR_IPC_DISCONNECTED]: IPC channel is already disconnected
    at new NodeError (node:internal/errors:387:5)
    at ChildProcess.target.disconnect (node:internal/child_process:893:26)
    at QueryProcessWrapper.destroy (C:\Users\pccom\Documents\GitHub\dh2-client\DH2\dist\lib\process-manager.js:209:18)
    at QueryProcessWrapper.release (C:\Users\pccom\Documents\GitHub\dh2-client\DH2\dist\lib\process-manager.js:197:12)
    at QueryProcessManager.releaseCrashed (C:\Users\pccom\Documents\GitHub\dh2-client\DH2\dist\lib\process-manager.js:412:19)
    at ChildProcess.<anonymous> (C:\Users\pccom\Documents\GitHub\dh2-client\DH2\dist\lib\process-manager.js:471:50)
    at ChildProcess.emit (node:events:513:28)
    at ChildProcess.emit (node:domain:489:12)
    at finish (node:internal/child_process:923:14)
    at processTicksAndRejections (node:internal/process/task_queues:78:11)

Error [ERR_IPC_DISCONNECTED]: IPC channel is already disconnected
    at new NodeError (node:internal/errors:387:5)
    at ChildProcess.target.disconnect (node:internal/child_process:893:26)
    at QueryProcessWrapper.destroy (C:\Users\pccom\Documents\GitHub\dh2-client\DH2\dist\lib\process-manager.js:209:18)
    at QueryProcessWrapper.release (C:\Users\pccom\Documents\GitHub\dh2-client\DH2\dist\lib\process-manager.js:197:12)
    at QueryProcessManager.releaseCrashed (C:\Users\pccom\Documents\GitHub\dh2-client\DH2\dist\lib\process-manager.js:412:19)
    at ChildProcess.<anonymous> (C:\Users\pccom\Documents\GitHub\dh2-client\DH2\dist\lib\process-manager.js:471:50)
    at ChildProcess.emit (node:events:513:28)
    at ChildProcess.emit (node:domain:489:12)
    at finish (node:internal/child_process:923:14)
    at processTicksAndRejections (node:internal/process/task_queues:78:11)

TypeError: Cannot read properties of null (reading 'then')
    at RawProcessManager.releaseCrashed (C:\Users\pccom\Documents\GitHub\dh2-client\DH2\dist\lib\process-manager.js:412:28)
    at Worker.<anonymous> (C:\Users\pccom\Documents\GitHub\dh2-client\DH2\dist\lib\process-manager.js:471:50)
    at Worker.emit (node:events:513:28)
    at Worker.emit (node:domain:489:12)
    at ChildProcess.<anonymous> (node:internal/cluster/primary:224:12)
    at Object.onceWrapper (node:events:627:28)
    at ChildProcess.emit (node:events:513:28)
    at ChildProcess.emit (node:domain:489:12)
    at finish (node:internal/child_process:923:14)
    at processTicksAndRejections (node:internal/process/task_queues:78:11)

Error [ERR_IPC_DISCONNECTED]: IPC channel is already disconnected
    at new NodeError (node:internal/errors:387:5)
    at ChildProcess.target.disconnect (node:internal/child_process:893:26)
    at QueryProcessWrapper.destroy (C:\Users\pccom\Documents\GitHub\dh2-client\DH2\dist\lib\process-manager.js:209:18)
    at QueryProcessWrapper.release (C:\Users\pccom\Documents\GitHub\dh2-client\DH2\dist\lib\process-manager.js:197:12)
    at QueryProcessManager.releaseCrashed (C:\Users\pccom\Documents\GitHub\dh2-client\DH2\dist\lib\process-manager.js:412:19)
    at ChildProcess.<anonymous> (C:\Users\pccom\Documents\GitHub\dh2-client\DH2\dist\lib\process-manager.js:471:50)
    at ChildProcess.emit (node:events:513:28)
    at ChildProcess.emit (node:domain:489:12)
    at finish (node:internal/child_process:923:14)
    at processTicksAndRejections (node:internal/process/task_queues:78:11)

Error [ERR_IPC_DISCONNECTED]: IPC channel is already disconnected
    at new NodeError (node:internal/errors:387:5)
    at ChildProcess.target.disconnect (node:internal/child_process:893:26)
    at StreamProcessWrapper.destroy (C:\Users\pccom\Documents\GitHub\dh2-client\DH2\dist\lib\process-manager.js:310:18)
    at StreamProcessWrapper.release (C:\Users\pccom\Documents\GitHub\dh2-client\DH2\dist\lib\process-manager.js:298:17)
    at StreamProcessManager.releaseCrashed (C:\Users\pccom\Documents\GitHub\dh2-client\DH2\dist\lib\process-manager.js:412:19)
    at ChildProcess.<anonymous> (C:\Users\pccom\Documents\GitHub\dh2-client\DH2\dist\lib\process-manager.js:471:50)
    at ChildProcess.emit (node:events:513:28)
    at ChildProcess.emit (node:domain:489:12)
    at finish (node:internal/child_process:923:14)
    at processTicksAndRejections (node:internal/process/task_queues:78:11)

Error [ERR_IPC_DISCONNECTED]: IPC channel is already disconnected
    at new NodeError (node:internal/errors:387:5)
    at ChildProcess.target.disconnect (node:internal/child_process:893:26)
    at QueryProcessWrapper.destroy (C:\Users\pccom\Documents\GitHub\dh2-client\DH2\dist\lib\process-manager.js:209:18)
    at QueryProcessWrapper.release (C:\Users\pccom\Documents\GitHub\dh2-client\DH2\dist\lib\process-manager.js:197:12)
    at SQLDatabaseManager.releaseCrashed (C:\Users\pccom\Documents\GitHub\dh2-client\DH2\dist\lib\process-manager.js:412:19)
    at ChildProcess.<anonymous> (C:\Users\pccom\Documents\GitHub\dh2-client\DH2\dist\lib\process-manager.js:471:50)
    at ChildProcess.emit (node:events:513:28)
    at ChildProcess.emit (node:domain:489:12)
    at finish (node:internal/child_process:923:14)
    at processTicksAndRejections (node:internal/process/task_queues:78:11)

Error [ERR_IPC_DISCONNECTED]: IPC channel is already disconnected
    at new NodeError (node:internal/errors:387:5)
    at ChildProcess.target.disconnect (node:internal/child_process:893:26)
    at QueryProcessWrapper.destroy (C:\Users\pccom\Documents\GitHub\dh2-client\DH2\dist\lib\process-manager.js:209:18)
    at QueryProcessWrapper.release (C:\Users\pccom\Documents\GitHub\dh2-client\DH2\dist\lib\process-manager.js:197:12)
    at QueryProcessManager.releaseCrashed (C:\Users\pccom\Documents\GitHub\dh2-client\DH2\dist\lib\process-manager.js:412:19)
    at ChildProcess.<anonymous> (C:\Users\pccom\Documents\GitHub\dh2-client\DH2\dist\lib\process-manager.js:471:50)
    at ChildProcess.emit (node:events:513:28)
    at ChildProcess.emit (node:domain:489:12)
    at finish (node:internal/child_process:923:14)
    at processTicksAndRejections (node:internal/process/task_queues:78:11)

Error [ERR_IPC_DISCONNECTED]: IPC channel is already disconnected
    at new NodeError (node:internal/errors:387:5)
    at ChildProcess.target.disconnect (node:internal/child_process:893:26)
    at StreamProcessWrapper.destroy (C:\Users\pccom\Documents\GitHub\dh2-client\DH2\dist\lib\process-manager.js:310:18)
    at StreamProcessWrapper.release (C:\Users\pccom\Documents\GitHub\dh2-client\DH2\dist\lib\process-manager.js:298:17)
    at StreamProcessManager.releaseCrashed (C:\Users\pccom\Documents\GitHub\dh2-client\DH2\dist\lib\process-manager.js:412:19)
    at ChildProcess.<anonymous> (C:\Users\pccom\Documents\GitHub\dh2-client\DH2\dist\lib\process-manager.js:471:50)
    at ChildProcess.emit (node:events:513:28)
    at ChildProcess.emit (node:domain:489:12)
    at finish (node:internal/child_process:923:14)
    at processTicksAndRejections (node:internal/process/task_queues:78:11)

Error [ERR_IPC_DISCONNECTED]: IPC channel is already disconnected
    at new NodeError (node:internal/errors:387:5)
    at ChildProcess.target.disconnect (node:internal/child_process:893:26)
    at QueryProcessWrapper.destroy (C:\Users\pccom\Documents\GitHub\dh2-client\DH2\dist\lib\process-manager.js:209:18)
    at QueryProcessWrapper.release (C:\Users\pccom\Documents\GitHub\dh2-client\DH2\dist\lib\process-manager.js:197:12)
    at QueryProcessManager.releaseCrashed (C:\Users\pccom\Documents\GitHub\dh2-client\DH2\dist\lib\process-manager.js:412:19)
    at ChildProcess.<anonymous> (C:\Users\pccom\Documents\GitHub\dh2-client\DH2\dist\lib\process-manager.js:471:50)
    at ChildProcess.emit (node:events:513:28)
    at ChildProcess.emit (node:domain:489:12)
    at finish (node:internal/child_process:923:14)
    at processTicksAndRejections (node:internal/process/task_queues:78:11)

Error [ERR_IPC_DISCONNECTED]: IPC channel is already disconnected
    at new NodeError (node:internal/errors:387:5)
    at ChildProcess.target.disconnect (node:internal/child_process:893:26)
    at QueryProcessWrapper.destroy (C:\Users\pccom\Documents\GitHub\dh2-client\DH2\dist\lib\process-manager.js:209:18)
    at QueryProcessWrapper.release (C:\Users\pccom\Documents\GitHub\dh2-client\DH2\dist\lib\process-manager.js:197:12)
    at QueryProcessManager.releaseCrashed (C:\Users\pccom\Documents\GitHub\dh2-client\DH2\dist\lib\process-manager.js:412:19)
    at ChildProcess.<anonymous> (C:\Users\pccom\Documents\GitHub\dh2-client\DH2\dist\lib\process-manager.js:471:50)
    at ChildProcess.emit (node:events:513:28)
    at ChildProcess.emit (node:domain:489:12)
    at finish (node:internal/child_process:923:14)
    at processTicksAndRejections (node:internal/process/task_queues:78:11)

Error: Nothing matches "Gyozumo-Spring"
    at DexFormats.validateBanRule (C:\Users\pccom\Documents\GitHub\dh2-client\DH2\dist\sim\dex-formats.js:794:13)
    at DexFormats.validateRule (C:\Users\pccom\Documents\GitHub\dh2-client\DH2\dist\sim\dex-formats.js:697:38)
    at DexFormats.getRuleTable (C:\Users\pccom\Documents\GitHub\dh2-client\DH2\dist\sim\dex-formats.js:506:29)
    at DexFormats.getRuleTable (C:\Users\pccom\Documents\GitHub\dh2-client\DH2\dist\sim\dex-formats.js:474:28)
    at GlobalRoomState.get formatListText [as formatListText] (C:\Users\pccom\Documents\GitHub\dh2-client\DH2\dist\server\rooms.js:1230:37)
    at GlobalRoomState.handleConnect (C:\Users\pccom\Documents\GitHub\dh2-client\DH2\dist\server\rooms.js:1474:82)
    at Object.socketConnect (C:\Users\pccom\Documents\GitHub\dh2-client\DH2\dist\server\users.js:1303:16)
    at Object.onSpawn (C:\Users\pccom\Documents\GitHub\dh2-client\DH2\dist\server\sockets.js:63:17)
    at processTicksAndRejections (node:internal/process/task_queues:96:5)

Error: Format "[Gen 9] Duomod" requires nonexistent mod: 'gen9duomod'
    at DexFormats.load (C:\Users\pccom\Documents\GitHub\dh2-client\DH2\dist\sim\dex-formats.js:387:15)
    at ModdedDex.includeFormats (C:\Users\pccom\Documents\GitHub\dh2-client\DH2\dist\sim\dex.js:532:18)
    at ModdedDex.loadData (C:\Users\pccom\Documents\GitHub\dh2-client\DH2\dist\sim\dex.js:486:12)
    at ModdedDex.includeData (C:\Users\pccom\Documents\GitHub\dh2-client\DH2\dist\sim\dex.js:453:10)
    at Object.<anonymous> (C:\Users\pccom\Documents\GitHub\dh2-client\DH2\dist\server\team-validator-async.js:96:42)
    at Module._compile (node:internal/modules/cjs/loader:1126:14)
    at Object.Module._extensions..js (node:internal/modules/cjs/loader:1180:10)
    at Module.load (node:internal/modules/cjs/loader:1004:32)
    at Function.Module._load (node:internal/modules/cjs/loader:839:12)
    at Function.executeUserEntryPoint [as runMain] (node:internal/modules/run_main:81:12)

Error: Format "[Gen 8] The 3-3-1 Typechart" requires nonexistent mod: 'the331typechart'
    at DexFormats.load (C:\Users\pccom\Documents\GitHub\dh2-client\DH2\dist\sim\dex-formats.js:387:15)
    at ModdedDex.includeFormats (C:\Users\pccom\Documents\GitHub\dh2-client\DH2\dist\sim\dex.js:532:18)
    at ModdedDex.loadData (C:\Users\pccom\Documents\GitHub\dh2-client\DH2\dist\sim\dex.js:486:12)
    at ModdedDex.includeData (C:\Users\pccom\Documents\GitHub\dh2-client\DH2\dist\sim\dex.js:453:10)
    at Object.<anonymous> (C:\Users\pccom\Documents\GitHub\dh2-client\DH2\dist\server\team-validator-async.js:96:42)
    at Module._compile (node:internal/modules/cjs/loader:1126:14)
    at Object.Module._extensions..js (node:internal/modules/cjs/loader:1180:10)
    at Module.load (node:internal/modules/cjs/loader:1004:32)
    at Function.Module._load (node:internal/modules/cjs/loader:839:12)
    at Function.executeUserEntryPoint [as runMain] (node:internal/modules/run_main:81:12)

Error: Unrecognized rule "Standard GBU"
    at DexFormats.validateRule (C:\Users\pccom\Documents\GitHub\dh2-client\DH2\dist\sim\dex-formats.js:703:17)
    at DexFormats.getRuleTable (C:\Users\pccom\Documents\GitHub\dh2-client\DH2\dist\sim\dex-formats.js:506:29)
    at DexFormats.getRuleTable (C:\Users\pccom\Documents\GitHub\dh2-client\DH2\dist\sim\dex-formats.js:474:28)
    at GlobalRoomState.get formatListText [as formatListText] (C:\Users\pccom\Documents\GitHub\dh2-client\DH2\dist\server\rooms.js:1230:37)
    at GlobalRoomState.handleConnect (C:\Users\pccom\Documents\GitHub\dh2-client\DH2\dist\server\rooms.js:1474:82)
    at Object.socketConnect (C:\Users\pccom\Documents\GitHub\dh2-client\DH2\dist\server\users.js:1303:16)
    at Object.onSpawn (C:\Users\pccom\Documents\GitHub\dh2-client\DH2\dist\server\sockets.js:63:17)
    at processTicksAndRejections (node:internal/process/task_queues:96:5)

Error [ERR_IPC_DISCONNECTED]: IPC channel is already disconnected
    at new NodeError (node:internal/errors:399:5)
    at target.disconnect (node:internal/child_process:891:26)
    at QueryProcessWrapper.destroy (C:\Users\varad\OneDrive\Documents\GitHub\DeezH2\dist\lib\process-manager.js:209:18)
    at QueryProcessWrapper.release (C:\Users\varad\OneDrive\Documents\GitHub\DeezH2\dist\lib\process-manager.js:197:12)
    at SQLDatabaseManager.releaseCrashed (C:\Users\varad\OneDrive\Documents\GitHub\DeezH2\dist\lib\process-manager.js:412:19)
    at ChildProcess.<anonymous> (C:\Users\varad\OneDrive\Documents\GitHub\DeezH2\dist\lib\process-manager.js:471:50)
    at ChildProcess.emit (node:events:513:28)
    at ChildProcess.emit (node:domain:489:12)
    at finish (node:internal/child_process:921:14)
    at process.processTicksAndRejections (node:internal/process/task_queues:77:11)

Error [ERR_IPC_DISCONNECTED]: IPC channel is already disconnected
    at new NodeError (node:internal/errors:399:5)
    at target.disconnect (node:internal/child_process:891:26)
    at QueryProcessWrapper.destroy (C:\Users\varad\OneDrive\Documents\GitHub\DeezH2\dist\lib\process-manager.js:209:18)
    at QueryProcessWrapper.release (C:\Users\varad\OneDrive\Documents\GitHub\DeezH2\dist\lib\process-manager.js:197:12)
    at SQLDatabaseManager.releaseCrashed (C:\Users\varad\OneDrive\Documents\GitHub\DeezH2\dist\lib\process-manager.js:412:19)
    at ChildProcess.<anonymous> (C:\Users\varad\OneDrive\Documents\GitHub\DeezH2\dist\lib\process-manager.js:471:50)
    at ChildProcess.emit (node:events:513:28)
    at ChildProcess.emit (node:domain:489:12)
    at finish (node:internal/child_process:921:14)
    at process.processTicksAndRejections (node:internal/process/task_queues:77:11)

Error [ERR_IPC_DISCONNECTED]: IPC channel is already disconnected
    at new NodeError (node:internal/errors:399:5)
    at target.disconnect (node:internal/child_process:891:26)
    at QueryProcessWrapper.destroy (C:\Users\varad\OneDrive\Documents\GitHub\DeezH2\dist\lib\process-manager.js:209:18)
    at QueryProcessWrapper.release (C:\Users\varad\OneDrive\Documents\GitHub\DeezH2\dist\lib\process-manager.js:197:12)
    at QueryProcessManager.releaseCrashed (C:\Users\varad\OneDrive\Documents\GitHub\DeezH2\dist\lib\process-manager.js:412:19)
    at ChildProcess.<anonymous> (C:\Users\varad\OneDrive\Documents\GitHub\DeezH2\dist\lib\process-manager.js:471:50)
    at ChildProcess.emit (node:events:513:28)
    at ChildProcess.emit (node:domain:489:12)
    at finish (node:internal/child_process:921:14)
    at process.processTicksAndRejections (node:internal/process/task_queues:77:11)

Error [ERR_IPC_DISCONNECTED]: IPC channel is already disconnected
    at new NodeError (node:internal/errors:399:5)
    at target.disconnect (node:internal/child_process:891:26)
    at QueryProcessWrapper.destroy (C:\Users\varad\OneDrive\Documents\GitHub\DeezH2\dist\lib\process-manager.js:209:18)
    at QueryProcessWrapper.release (C:\Users\varad\OneDrive\Documents\GitHub\DeezH2\dist\lib\process-manager.js:197:12)
    at QueryProcessManager.releaseCrashed (C:\Users\varad\OneDrive\Documents\GitHub\DeezH2\dist\lib\process-manager.js:412:19)
    at ChildProcess.<anonymous> (C:\Users\varad\OneDrive\Documents\GitHub\DeezH2\dist\lib\process-manager.js:471:50)
    at ChildProcess.emit (node:events:513:28)
    at ChildProcess.emit (node:domain:489:12)
    at finish (node:internal/child_process:921:14)
    at process.processTicksAndRejections (node:internal/process/task_queues:77:11)

Error [ERR_IPC_DISCONNECTED]: IPC channel is already disconnected
    at new NodeError (node:internal/errors:399:5)
    at target.disconnect (node:internal/child_process:891:26)
    at QueryProcessWrapper.destroy (C:\Users\varad\OneDrive\Documents\GitHub\DeezH2\dist\lib\process-manager.js:209:18)
    at QueryProcessWrapper.release (C:\Users\varad\OneDrive\Documents\GitHub\DeezH2\dist\lib\process-manager.js:197:12)
    at QueryProcessManager.releaseCrashed (C:\Users\varad\OneDrive\Documents\GitHub\DeezH2\dist\lib\process-manager.js:412:19)
    at ChildProcess.<anonymous> (C:\Users\varad\OneDrive\Documents\GitHub\DeezH2\dist\lib\process-manager.js:471:50)
    at ChildProcess.emit (node:events:513:28)
    at ChildProcess.emit (node:domain:489:12)
    at finish (node:internal/child_process:921:14)
    at process.processTicksAndRejections (node:internal/process/task_queues:77:11)

TypeError: Cannot read properties of null (reading 'then')
    at RawProcessManager.releaseCrashed (C:\Users\varad\OneDrive\Documents\GitHub\DeezH2\dist\lib\process-manager.js:412:28)
    at Worker.<anonymous> (C:\Users\varad\OneDrive\Documents\GitHub\DeezH2\dist\lib\process-manager.js:471:50)
    at Worker.emit (node:events:513:28)
    at Worker.emit (node:domain:489:12)
    at ChildProcess.<anonymous> (node:internal/cluster/primary:209:12)
    at Object.onceWrapper (node:events:627:28)
    at ChildProcess.emit (node:events:513:28)
    at ChildProcess.emit (node:domain:489:12)
    at finish (node:internal/child_process:921:14)
    at process.processTicksAndRejections (node:internal/process/task_queues:77:11)

Error [ERR_IPC_DISCONNECTED]: IPC channel is already disconnected
    at new NodeError (node:internal/errors:399:5)
    at target.disconnect (node:internal/child_process:891:26)
    at QueryProcessWrapper.destroy (C:\Users\varad\OneDrive\Documents\GitHub\DeezH2\dist\lib\process-manager.js:209:18)
    at QueryProcessWrapper.release (C:\Users\varad\OneDrive\Documents\GitHub\DeezH2\dist\lib\process-manager.js:197:12)
    at QueryProcessManager.releaseCrashed (C:\Users\varad\OneDrive\Documents\GitHub\DeezH2\dist\lib\process-manager.js:412:19)
    at ChildProcess.<anonymous> (C:\Users\varad\OneDrive\Documents\GitHub\DeezH2\dist\lib\process-manager.js:471:50)
    at ChildProcess.emit (node:events:513:28)
    at ChildProcess.emit (node:domain:489:12)
    at finish (node:internal/child_process:921:14)
    at process.processTicksAndRejections (node:internal/process/task_queues:77:11)

Error [ERR_IPC_DISCONNECTED]: IPC channel is already disconnected
    at new NodeError (node:internal/errors:399:5)
    at target.disconnect (node:internal/child_process:891:26)
    at StreamProcessWrapper.destroy (C:\Users\varad\OneDrive\Documents\GitHub\DeezH2\dist\lib\process-manager.js:310:18)
    at StreamProcessWrapper.release (C:\Users\varad\OneDrive\Documents\GitHub\DeezH2\dist\lib\process-manager.js:298:17)
    at StreamProcessManager.releaseCrashed (C:\Users\varad\OneDrive\Documents\GitHub\DeezH2\dist\lib\process-manager.js:412:19)
    at ChildProcess.<anonymous> (C:\Users\varad\OneDrive\Documents\GitHub\DeezH2\dist\lib\process-manager.js:471:50)
    at ChildProcess.emit (node:events:513:28)
    at ChildProcess.emit (node:domain:489:12)
    at finish (node:internal/child_process:921:14)
    at process.processTicksAndRejections (node:internal/process/task_queues:77:11)

Error [ERR_IPC_DISCONNECTED]: IPC channel is already disconnected
    at new NodeError (node:internal/errors:399:5)
    at target.disconnect (node:internal/child_process:891:26)
    at QueryProcessWrapper.destroy (C:\Users\varad\OneDrive\Documents\GitHub\DeezH2\dist\lib\process-manager.js:209:18)
    at QueryProcessWrapper.release (C:\Users\varad\OneDrive\Documents\GitHub\DeezH2\dist\lib\process-manager.js:197:12)
    at SQLDatabaseManager.releaseCrashed (C:\Users\varad\OneDrive\Documents\GitHub\DeezH2\dist\lib\process-manager.js:412:19)
    at ChildProcess.<anonymous> (C:\Users\varad\OneDrive\Documents\GitHub\DeezH2\dist\lib\process-manager.js:471:50)
    at ChildProcess.emit (node:events:513:28)
    at ChildProcess.emit (node:domain:489:12)
    at finish (node:internal/child_process:921:14)
    at process.processTicksAndRejections (node:internal/process/task_queues:77:11)

Error [ERR_IPC_DISCONNECTED]: IPC channel is already disconnected
    at new NodeError (node:internal/errors:399:5)
    at target.disconnect (node:internal/child_process:891:26)
    at QueryProcessWrapper.destroy (C:\Users\varad\OneDrive\Documents\GitHub\DeezH2\dist\lib\process-manager.js:209:18)
    at QueryProcessWrapper.release (C:\Users\varad\OneDrive\Documents\GitHub\DeezH2\dist\lib\process-manager.js:197:12)
    at QueryProcessManager.releaseCrashed (C:\Users\varad\OneDrive\Documents\GitHub\DeezH2\dist\lib\process-manager.js:412:19)
    at ChildProcess.<anonymous> (C:\Users\varad\OneDrive\Documents\GitHub\DeezH2\dist\lib\process-manager.js:471:50)
    at ChildProcess.emit (node:events:513:28)
    at ChildProcess.emit (node:domain:489:12)
    at finish (node:internal/child_process:921:14)
    at process.processTicksAndRejections (node:internal/process/task_queues:77:11)

Error [ERR_IPC_DISCONNECTED]: IPC channel is already disconnected
    at new NodeError (node:internal/errors:399:5)
    at target.disconnect (node:internal/child_process:891:26)
    at StreamProcessWrapper.destroy (C:\Users\varad\OneDrive\Documents\GitHub\DeezH2\dist\lib\process-manager.js:310:18)
    at StreamProcessWrapper.release (C:\Users\varad\OneDrive\Documents\GitHub\DeezH2\dist\lib\process-manager.js:298:17)
    at StreamProcessManager.releaseCrashed (C:\Users\varad\OneDrive\Documents\GitHub\DeezH2\dist\lib\process-manager.js:412:19)
    at ChildProcess.<anonymous> (C:\Users\varad\OneDrive\Documents\GitHub\DeezH2\dist\lib\process-manager.js:471:50)
    at ChildProcess.emit (node:events:513:28)
    at ChildProcess.emit (node:domain:489:12)
    at finish (node:internal/child_process:921:14)
    at process.processTicksAndRejections (node:internal/process/task_queues:77:11)

Error [ERR_IPC_DISCONNECTED]: IPC channel is already disconnected
    at new NodeError (node:internal/errors:399:5)
    at target.disconnect (node:internal/child_process:891:26)
    at QueryProcessWrapper.destroy (C:\Users\varad\OneDrive\Documents\GitHub\DeezH2\dist\lib\process-manager.js:209:18)
    at QueryProcessWrapper.release (C:\Users\varad\OneDrive\Documents\GitHub\DeezH2\dist\lib\process-manager.js:197:12)
    at QueryProcessManager.releaseCrashed (C:\Users\varad\OneDrive\Documents\GitHub\DeezH2\dist\lib\process-manager.js:412:19)
    at ChildProcess.<anonymous> (C:\Users\varad\OneDrive\Documents\GitHub\DeezH2\dist\lib\process-manager.js:471:50)
    at ChildProcess.emit (node:events:513:28)
    at ChildProcess.emit (node:domain:489:12)
    at finish (node:internal/child_process:921:14)
    at process.processTicksAndRejections (node:internal/process/task_queues:77:11)

Error [ERR_IPC_DISCONNECTED]: IPC channel is already disconnected
    at new NodeError (node:internal/errors:399:5)
    at target.disconnect (node:internal/child_process:891:26)
    at QueryProcessWrapper.destroy (C:\Users\varad\OneDrive\Documents\GitHub\DeezH2\dist\lib\process-manager.js:209:18)
    at QueryProcessWrapper.release (C:\Users\varad\OneDrive\Documents\GitHub\DeezH2\dist\lib\process-manager.js:197:12)
    at QueryProcessManager.releaseCrashed (C:\Users\varad\OneDrive\Documents\GitHub\DeezH2\dist\lib\process-manager.js:412:19)
    at ChildProcess.<anonymous> (C:\Users\varad\OneDrive\Documents\GitHub\DeezH2\dist\lib\process-manager.js:471:50)
    at ChildProcess.emit (node:events:513:28)
    at ChildProcess.emit (node:domain:489:12)
    at finish (node:internal/child_process:921:14)
    at process.processTicksAndRejections (node:internal/process/task_queues:77:11)

Error [ERR_IPC_DISCONNECTED]: IPC channel is already disconnected
    at new NodeError (node:internal/errors:406:5)
    at target.disconnect (node:internal/child_process:905:26)
    at QueryProcessWrapper.destroy (C:\GitHub\DH2\dist\lib\process-manager.js:209:18)
    at QueryProcessWrapper.release (C:\GitHub\DH2\dist\lib\process-manager.js:197:12)
    at SQLDatabaseManager.releaseCrashed (C:\GitHub\DH2\dist\lib\process-manager.js:412:19)
    at ChildProcess.<anonymous> (C:\GitHub\DH2\dist\lib\process-manager.js:471:50)
    at ChildProcess.emit (node:events:514:28)
    at ChildProcess.emit (node:domain:488:12)
    at finish (node:internal/child_process:935:14)
    at process.processTicksAndRejections (node:internal/process/task_queues:77:11)

Error [ERR_IPC_DISCONNECTED]: IPC channel is already disconnected
    at new NodeError (node:internal/errors:406:5)
    at target.disconnect (node:internal/child_process:905:26)
    at QueryProcessWrapper.destroy (C:\GitHub\DH2\dist\lib\process-manager.js:209:18)
    at QueryProcessWrapper.release (C:\GitHub\DH2\dist\lib\process-manager.js:197:12)
    at QueryProcessManager.releaseCrashed (C:\GitHub\DH2\dist\lib\process-manager.js:412:19)
    at ChildProcess.<anonymous> (C:\GitHub\DH2\dist\lib\process-manager.js:471:50)
    at ChildProcess.emit (node:events:514:28)
    at ChildProcess.emit (node:domain:488:12)
    at finish (node:internal/child_process:935:14)
    at process.processTicksAndRejections (node:internal/process/task_queues:77:11)

Error [ERR_IPC_DISCONNECTED]: IPC channel is already disconnected
    at new NodeError (node:internal/errors:406:5)
    at target.disconnect (node:internal/child_process:905:26)
    at QueryProcessWrapper.destroy (C:\GitHub\DH2\dist\lib\process-manager.js:209:18)
    at QueryProcessWrapper.release (C:\GitHub\DH2\dist\lib\process-manager.js:197:12)
    at SQLDatabaseManager.releaseCrashed (C:\GitHub\DH2\dist\lib\process-manager.js:412:19)
    at ChildProcess.<anonymous> (C:\GitHub\DH2\dist\lib\process-manager.js:471:50)
    at ChildProcess.emit (node:events:514:28)
    at ChildProcess.emit (node:domain:488:12)
    at finish (node:internal/child_process:935:14)
    at process.processTicksAndRejections (node:internal/process/task_queues:77:11)

Error [ERR_IPC_DISCONNECTED]: IPC channel is already disconnected
    at new NodeError (node:internal/errors:406:5)
    at target.disconnect (node:internal/child_process:905:26)
    at QueryProcessWrapper.destroy (C:\GitHub\DH2\dist\lib\process-manager.js:209:18)
    at QueryProcessWrapper.release (C:\GitHub\DH2\dist\lib\process-manager.js:197:12)
    at QueryProcessManager.releaseCrashed (C:\GitHub\DH2\dist\lib\process-manager.js:412:19)
    at ChildProcess.<anonymous> (C:\GitHub\DH2\dist\lib\process-manager.js:471:50)
    at ChildProcess.emit (node:events:514:28)
    at ChildProcess.emit (node:domain:488:12)
    at finish (node:internal/child_process:935:14)
    at process.processTicksAndRejections (node:internal/process/task_queues:77:11)

Error [ERR_IPC_DISCONNECTED]: IPC channel is already disconnected
    at new NodeError (node:internal/errors:406:5)
    at target.disconnect (node:internal/child_process:905:26)
    at QueryProcessWrapper.destroy (C:\GitHub\DH2\dist\lib\process-manager.js:209:18)
    at QueryProcessWrapper.release (C:\GitHub\DH2\dist\lib\process-manager.js:197:12)
    at QueryProcessManager.releaseCrashed (C:\GitHub\DH2\dist\lib\process-manager.js:412:19)
    at ChildProcess.<anonymous> (C:\GitHub\DH2\dist\lib\process-manager.js:471:50)
    at ChildProcess.emit (node:events:514:28)
    at ChildProcess.emit (node:domain:488:12)
    at finish (node:internal/child_process:935:14)
    at process.processTicksAndRejections (node:internal/process/task_queues:77:11)

TypeError: Cannot read properties of null (reading 'then')
    at RawProcessManager.releaseCrashed (C:\GitHub\DH2\dist\lib\process-manager.js:412:28)
    at Worker.<anonymous> (C:\GitHub\DH2\dist\lib\process-manager.js:471:50)
    at Worker.emit (node:events:514:28)
    at Worker.emit (node:domain:488:12)
    at ChildProcess.<anonymous> (node:internal/cluster/primary:209:12)
    at Object.onceWrapper (node:events:628:28)
    at ChildProcess.emit (node:events:514:28)
    at ChildProcess.emit (node:domain:488:12)
    at finish (node:internal/child_process:935:14)
    at process.processTicksAndRejections (node:internal/process/task_queues:77:11)

Error [ERR_IPC_DISCONNECTED]: IPC channel is already disconnected
    at new NodeError (node:internal/errors:406:5)
    at target.disconnect (node:internal/child_process:905:26)
    at QueryProcessWrapper.destroy (C:\GitHub\DH2\dist\lib\process-manager.js:209:18)
    at QueryProcessWrapper.release (C:\GitHub\DH2\dist\lib\process-manager.js:197:12)
    at QueryProcessManager.releaseCrashed (C:\GitHub\DH2\dist\lib\process-manager.js:412:19)
    at ChildProcess.<anonymous> (C:\GitHub\DH2\dist\lib\process-manager.js:471:50)
    at ChildProcess.emit (node:events:514:28)
    at ChildProcess.emit (node:domain:488:12)
    at finish (node:internal/child_process:935:14)
    at process.processTicksAndRejections (node:internal/process/task_queues:77:11)

Error [ERR_IPC_DISCONNECTED]: IPC channel is already disconnected
    at new NodeError (node:internal/errors:406:5)
    at target.disconnect (node:internal/child_process:905:26)
    at StreamProcessWrapper.destroy (C:\GitHub\DH2\dist\lib\process-manager.js:310:18)
    at StreamProcessWrapper.release (C:\GitHub\DH2\dist\lib\process-manager.js:298:17)
    at StreamProcessManager.releaseCrashed (C:\GitHub\DH2\dist\lib\process-manager.js:412:19)
    at ChildProcess.<anonymous> (C:\GitHub\DH2\dist\lib\process-manager.js:471:50)
    at ChildProcess.emit (node:events:514:28)
    at ChildProcess.emit (node:domain:488:12)
    at finish (node:internal/child_process:935:14)
    at process.processTicksAndRejections (node:internal/process/task_queues:77:11)

Error [ERR_IPC_DISCONNECTED]: IPC channel is already disconnected
    at new NodeError (node:internal/errors:406:5)
    at target.disconnect (node:internal/child_process:905:26)
    at QueryProcessWrapper.destroy (C:\GitHub\DH2\dist\lib\process-manager.js:209:18)
    at QueryProcessWrapper.release (C:\GitHub\DH2\dist\lib\process-manager.js:197:12)
    at SQLDatabaseManager.releaseCrashed (C:\GitHub\DH2\dist\lib\process-manager.js:412:19)
    at ChildProcess.<anonymous> (C:\GitHub\DH2\dist\lib\process-manager.js:471:50)
    at ChildProcess.emit (node:events:514:28)
    at ChildProcess.emit (node:domain:488:12)
    at finish (node:internal/child_process:935:14)
    at process.processTicksAndRejections (node:internal/process/task_queues:77:11)

Error [ERR_IPC_DISCONNECTED]: IPC channel is already disconnected
    at new NodeError (node:internal/errors:406:5)
    at target.disconnect (node:internal/child_process:905:26)
    at QueryProcessWrapper.destroy (C:\GitHub\DH2\dist\lib\process-manager.js:209:18)
    at QueryProcessWrapper.release (C:\GitHub\DH2\dist\lib\process-manager.js:197:12)
    at QueryProcessManager.releaseCrashed (C:\GitHub\DH2\dist\lib\process-manager.js:412:19)
    at ChildProcess.<anonymous> (C:\GitHub\DH2\dist\lib\process-manager.js:471:50)
    at ChildProcess.emit (node:events:514:28)
    at ChildProcess.emit (node:domain:488:12)
    at finish (node:internal/child_process:935:14)
    at process.processTicksAndRejections (node:internal/process/task_queues:77:11)

Error [ERR_IPC_DISCONNECTED]: IPC channel is already disconnected
    at new NodeError (node:internal/errors:406:5)
    at target.disconnect (node:internal/child_process:905:26)
    at StreamProcessWrapper.destroy (C:\GitHub\DH2\dist\lib\process-manager.js:310:18)
    at StreamProcessWrapper.release (C:\GitHub\DH2\dist\lib\process-manager.js:298:17)
    at StreamProcessManager.releaseCrashed (C:\GitHub\DH2\dist\lib\process-manager.js:412:19)
    at ChildProcess.<anonymous> (C:\GitHub\DH2\dist\lib\process-manager.js:471:50)
    at ChildProcess.emit (node:events:514:28)
    at ChildProcess.emit (node:domain:488:12)
    at finish (node:internal/child_process:935:14)
    at process.processTicksAndRejections (node:internal/process/task_queues:77:11)

Error [ERR_IPC_DISCONNECTED]: IPC channel is already disconnected
    at new NodeError (node:internal/errors:406:5)
    at target.disconnect (node:internal/child_process:905:26)
    at QueryProcessWrapper.destroy (C:\GitHub\DH2\dist\lib\process-manager.js:209:18)
    at QueryProcessWrapper.release (C:\GitHub\DH2\dist\lib\process-manager.js:197:12)
    at QueryProcessManager.releaseCrashed (C:\GitHub\DH2\dist\lib\process-manager.js:412:19)
    at ChildProcess.<anonymous> (C:\GitHub\DH2\dist\lib\process-manager.js:471:50)
    at ChildProcess.emit (node:events:514:28)
    at ChildProcess.emit (node:domain:488:12)
    at finish (node:internal/child_process:935:14)
    at process.processTicksAndRejections (node:internal/process/task_queues:77:11)

Error [ERR_IPC_DISCONNECTED]: IPC channel is already disconnected
    at new NodeError (node:internal/errors:406:5)
    at target.disconnect (node:internal/child_process:905:26)
    at QueryProcessWrapper.destroy (C:\GitHub\DH2\dist\lib\process-manager.js:209:18)
    at QueryProcessWrapper.release (C:\GitHub\DH2\dist\lib\process-manager.js:197:12)
    at QueryProcessManager.releaseCrashed (C:\GitHub\DH2\dist\lib\process-manager.js:412:19)
    at ChildProcess.<anonymous> (C:\GitHub\DH2\dist\lib\process-manager.js:471:50)
    at ChildProcess.emit (node:events:514:28)
    at ChildProcess.emit (node:domain:488:12)
    at finish (node:internal/child_process:935:14)
    at process.processTicksAndRejections (node:internal/process/task_queues:77:11)

Error [ERR_IPC_DISCONNECTED]: IPC channel is already disconnected
    at new NodeError (node:internal/errors:406:5)
    at target.disconnect (node:internal/child_process:905:26)
    at QueryProcessWrapper.destroy (C:\GitHub\DH2\dist\lib\process-manager.js:209:18)
    at QueryProcessWrapper.release (C:\GitHub\DH2\dist\lib\process-manager.js:197:12)
    at SQLDatabaseManager.releaseCrashed (C:\GitHub\DH2\dist\lib\process-manager.js:412:19)
    at ChildProcess.<anonymous> (C:\GitHub\DH2\dist\lib\process-manager.js:471:50)
    at ChildProcess.emit (node:events:514:28)
    at ChildProcess.emit (node:domain:488:12)
    at finish (node:internal/child_process:935:14)
    at process.processTicksAndRejections (node:internal/process/task_queues:77:11)

Error [ERR_IPC_DISCONNECTED]: IPC channel is already disconnected
    at new NodeError (node:internal/errors:406:5)
    at target.disconnect (node:internal/child_process:905:26)
    at QueryProcessWrapper.destroy (C:\GitHub\DH2\dist\lib\process-manager.js:209:18)
    at QueryProcessWrapper.release (C:\GitHub\DH2\dist\lib\process-manager.js:197:12)
    at SQLDatabaseManager.releaseCrashed (C:\GitHub\DH2\dist\lib\process-manager.js:412:19)
    at ChildProcess.<anonymous> (C:\GitHub\DH2\dist\lib\process-manager.js:471:50)
    at ChildProcess.emit (node:events:514:28)
    at ChildProcess.emit (node:domain:488:12)
    at finish (node:internal/child_process:935:14)
    at process.processTicksAndRejections (node:internal/process/task_queues:77:11)

Error [ERR_IPC_DISCONNECTED]: IPC channel is already disconnected
    at new NodeError (node:internal/errors:406:5)
    at target.disconnect (node:internal/child_process:905:26)
    at QueryProcessWrapper.destroy (C:\GitHub\DH2\dist\lib\process-manager.js:209:18)
    at QueryProcessWrapper.release (C:\GitHub\DH2\dist\lib\process-manager.js:197:12)
    at QueryProcessManager.releaseCrashed (C:\GitHub\DH2\dist\lib\process-manager.js:412:19)
    at ChildProcess.<anonymous> (C:\GitHub\DH2\dist\lib\process-manager.js:471:50)
    at ChildProcess.emit (node:events:514:28)
    at ChildProcess.emit (node:domain:488:12)
    at finish (node:internal/child_process:935:14)
    at process.processTicksAndRejections (node:internal/process/task_queues:77:11)

Error [ERR_IPC_DISCONNECTED]: IPC channel is already disconnected
    at new NodeError (node:internal/errors:406:5)
    at target.disconnect (node:internal/child_process:905:26)
    at QueryProcessWrapper.destroy (C:\GitHub\DH2\dist\lib\process-manager.js:209:18)
    at QueryProcessWrapper.release (C:\GitHub\DH2\dist\lib\process-manager.js:197:12)
    at QueryProcessManager.releaseCrashed (C:\GitHub\DH2\dist\lib\process-manager.js:412:19)
    at ChildProcess.<anonymous> (C:\GitHub\DH2\dist\lib\process-manager.js:471:50)
    at ChildProcess.emit (node:events:514:28)
    at ChildProcess.emit (node:domain:488:12)
    at finish (node:internal/child_process:935:14)
    at process.processTicksAndRejections (node:internal/process/task_queues:77:11)

Error [ERR_IPC_DISCONNECTED]: IPC channel is already disconnected
    at new NodeError (node:internal/errors:406:5)
    at target.disconnect (node:internal/child_process:905:26)
    at QueryProcessWrapper.destroy (C:\GitHub\DH2\dist\lib\process-manager.js:209:18)
    at QueryProcessWrapper.release (C:\GitHub\DH2\dist\lib\process-manager.js:197:12)
    at QueryProcessManager.releaseCrashed (C:\GitHub\DH2\dist\lib\process-manager.js:412:19)
    at ChildProcess.<anonymous> (C:\GitHub\DH2\dist\lib\process-manager.js:471:50)
    at ChildProcess.emit (node:events:514:28)
    at ChildProcess.emit (node:domain:488:12)
    at finish (node:internal/child_process:935:14)
    at process.processTicksAndRejections (node:internal/process/task_queues:77:11)

Error: Process sockets.js 6264 crashed and had to be restarted
    at RawProcessManager.releaseCrashed (C:\GitHub\DH2\dist\lib\process-manager.js:427:7)
    at Worker.<anonymous> (C:\GitHub\DH2\dist\lib\process-manager.js:471:50)
    at Worker.emit (node:events:514:28)
    at Worker.emit (node:domain:488:12)
    at ChildProcess.<anonymous> (node:internal/cluster/primary:209:12)
    at Object.onceWrapper (node:events:628:28)
    at ChildProcess.emit (node:events:514:28)
    at ChildProcess.emit (node:domain:488:12)
    at finish (node:internal/child_process:935:14)
    at process.processTicksAndRejections (node:internal/process/task_queues:77:11)

Error [ERR_IPC_DISCONNECTED]: IPC channel is already disconnected
    at new NodeError (node:internal/errors:406:5)
    at target.disconnect (node:internal/child_process:905:26)
    at QueryProcessWrapper.destroy (C:\GitHub\DH2\dist\lib\process-manager.js:209:18)
    at QueryProcessWrapper.release (C:\GitHub\DH2\dist\lib\process-manager.js:197:12)
    at QueryProcessManager.releaseCrashed (C:\GitHub\DH2\dist\lib\process-manager.js:412:19)
    at ChildProcess.<anonymous> (C:\GitHub\DH2\dist\lib\process-manager.js:471:50)
    at ChildProcess.emit (node:events:514:28)
    at ChildProcess.emit (node:domain:488:12)
    at finish (node:internal/child_process:935:14)
    at process.processTicksAndRejections (node:internal/process/task_queues:77:11)

Error [ERR_IPC_DISCONNECTED]: IPC channel is already disconnected
    at new NodeError (node:internal/errors:406:5)
    at target.disconnect (node:internal/child_process:905:26)
    at StreamProcessWrapper.destroy (C:\GitHub\DH2\dist\lib\process-manager.js:310:18)
    at StreamProcessWrapper.release (C:\GitHub\DH2\dist\lib\process-manager.js:298:17)
    at StreamProcessManager.releaseCrashed (C:\GitHub\DH2\dist\lib\process-manager.js:412:19)
    at ChildProcess.<anonymous> (C:\GitHub\DH2\dist\lib\process-manager.js:471:50)
    at ChildProcess.emit (node:events:514:28)
    at ChildProcess.emit (node:domain:488:12)
    at finish (node:internal/child_process:935:14)
    at process.processTicksAndRejections (node:internal/process/task_queues:77:11)

Error [ERR_IPC_DISCONNECTED]: IPC channel is already disconnected
    at new NodeError (node:internal/errors:406:5)
    at target.disconnect (node:internal/child_process:905:26)
    at QueryProcessWrapper.destroy (C:\GitHub\DH2\dist\lib\process-manager.js:209:18)
    at QueryProcessWrapper.release (C:\GitHub\DH2\dist\lib\process-manager.js:197:12)
    at SQLDatabaseManager.releaseCrashed (C:\GitHub\DH2\dist\lib\process-manager.js:412:19)
    at ChildProcess.<anonymous> (C:\GitHub\DH2\dist\lib\process-manager.js:471:50)
    at ChildProcess.emit (node:events:514:28)
    at ChildProcess.emit (node:domain:488:12)
    at finish (node:internal/child_process:935:14)
    at process.processTicksAndRejections (node:internal/process/task_queues:77:11)

Error [ERR_IPC_DISCONNECTED]: IPC channel is already disconnected
    at new NodeError (node:internal/errors:406:5)
    at target.disconnect (node:internal/child_process:905:26)
    at QueryProcessWrapper.destroy (C:\GitHub\DH2\dist\lib\process-manager.js:209:18)
    at QueryProcessWrapper.release (C:\GitHub\DH2\dist\lib\process-manager.js:197:12)
    at QueryProcessManager.releaseCrashed (C:\GitHub\DH2\dist\lib\process-manager.js:412:19)
    at ChildProcess.<anonymous> (C:\GitHub\DH2\dist\lib\process-manager.js:471:50)
    at ChildProcess.emit (node:events:514:28)
    at ChildProcess.emit (node:domain:488:12)
    at finish (node:internal/child_process:935:14)
    at process.processTicksAndRejections (node:internal/process/task_queues:77:11)

Error [ERR_IPC_DISCONNECTED]: IPC channel is already disconnected
    at new NodeError (node:internal/errors:406:5)
    at target.disconnect (node:internal/child_process:905:26)
    at StreamProcessWrapper.destroy (C:\GitHub\DH2\dist\lib\process-manager.js:310:18)
    at StreamProcessWrapper.release (C:\GitHub\DH2\dist\lib\process-manager.js:298:17)
    at StreamProcessManager.releaseCrashed (C:\GitHub\DH2\dist\lib\process-manager.js:412:19)
    at ChildProcess.<anonymous> (C:\GitHub\DH2\dist\lib\process-manager.js:471:50)
    at ChildProcess.emit (node:events:514:28)
    at ChildProcess.emit (node:domain:488:12)
    at finish (node:internal/child_process:935:14)
    at process.processTicksAndRejections (node:internal/process/task_queues:77:11)

Error [ERR_IPC_DISCONNECTED]: IPC channel is already disconnected
    at new NodeError (node:internal/errors:406:5)
    at target.disconnect (node:internal/child_process:905:26)
    at QueryProcessWrapper.destroy (C:\GitHub\DH2\dist\lib\process-manager.js:209:18)
    at QueryProcessWrapper.release (C:\GitHub\DH2\dist\lib\process-manager.js:197:12)
    at QueryProcessManager.releaseCrashed (C:\GitHub\DH2\dist\lib\process-manager.js:412:19)
    at ChildProcess.<anonymous> (C:\GitHub\DH2\dist\lib\process-manager.js:471:50)
    at ChildProcess.emit (node:events:514:28)
    at ChildProcess.emit (node:domain:488:12)
    at finish (node:internal/child_process:935:14)
    at process.processTicksAndRejections (node:internal/process/task_queues:77:11)

Error [ERR_IPC_DISCONNECTED]: IPC channel is already disconnected
    at new NodeError (node:internal/errors:406:5)
    at target.disconnect (node:internal/child_process:905:26)
    at QueryProcessWrapper.destroy (C:\GitHub\DH2\dist\lib\process-manager.js:209:18)
    at QueryProcessWrapper.release (C:\GitHub\DH2\dist\lib\process-manager.js:197:12)
    at QueryProcessManager.releaseCrashed (C:\GitHub\DH2\dist\lib\process-manager.js:412:19)
    at ChildProcess.<anonymous> (C:\GitHub\DH2\dist\lib\process-manager.js:471:50)
    at ChildProcess.emit (node:events:514:28)
    at ChildProcess.emit (node:domain:488:12)
    at finish (node:internal/child_process:935:14)
    at process.processTicksAndRejections (node:internal/process/task_queues:77:11)

Error [ERR_IPC_DISCONNECTED]: IPC channel is already disconnected
    at new NodeError (node:internal/errors:406:5)
    at target.disconnect (node:internal/child_process:905:26)
    at QueryProcessWrapper.destroy (C:\GitHub\DH2\dist\lib\process-manager.js:209:18)
    at QueryProcessWrapper.release (C:\GitHub\DH2\dist\lib\process-manager.js:197:12)
    at SQLDatabaseManager.releaseCrashed (C:\GitHub\DH2\dist\lib\process-manager.js:412:19)
    at ChildProcess.<anonymous> (C:\GitHub\DH2\dist\lib\process-manager.js:471:50)
    at ChildProcess.emit (node:events:514:28)
    at ChildProcess.emit (node:domain:488:12)
    at finish (node:internal/child_process:935:14)
    at process.processTicksAndRejections (node:internal/process/task_queues:77:11)

Error [ERR_IPC_DISCONNECTED]: IPC channel is already disconnected
    at new NodeError (node:internal/errors:406:5)
    at target.disconnect (node:internal/child_process:905:26)
    at QueryProcessWrapper.destroy (C:\GitHub\DH2\dist\lib\process-manager.js:209:18)
    at QueryProcessWrapper.release (C:\GitHub\DH2\dist\lib\process-manager.js:197:12)
    at SQLDatabaseManager.releaseCrashed (C:\GitHub\DH2\dist\lib\process-manager.js:412:19)
    at ChildProcess.<anonymous> (C:\GitHub\DH2\dist\lib\process-manager.js:471:50)
    at ChildProcess.emit (node:events:514:28)
    at ChildProcess.emit (node:domain:488:12)
    at finish (node:internal/child_process:935:14)
    at process.processTicksAndRejections (node:internal/process/task_queues:77:11)

Error [ERR_IPC_DISCONNECTED]: IPC channel is already disconnected
    at new NodeError (node:internal/errors:406:5)
    at target.disconnect (node:internal/child_process:905:26)
    at QueryProcessWrapper.destroy (C:\GitHub\DH2\dist\lib\process-manager.js:209:18)
    at QueryProcessWrapper.release (C:\GitHub\DH2\dist\lib\process-manager.js:197:12)
    at QueryProcessManager.releaseCrashed (C:\GitHub\DH2\dist\lib\process-manager.js:412:19)
    at ChildProcess.<anonymous> (C:\GitHub\DH2\dist\lib\process-manager.js:471:50)
    at ChildProcess.emit (node:events:514:28)
    at ChildProcess.emit (node:domain:488:12)
    at finish (node:internal/child_process:935:14)
    at process.processTicksAndRejections (node:internal/process/task_queues:77:11)

Error [ERR_IPC_DISCONNECTED]: IPC channel is already disconnected
    at new NodeError (node:internal/errors:406:5)
    at target.disconnect (node:internal/child_process:905:26)
    at QueryProcessWrapper.destroy (C:\GitHub\DH2\dist\lib\process-manager.js:209:18)
    at QueryProcessWrapper.release (C:\GitHub\DH2\dist\lib\process-manager.js:197:12)
    at QueryProcessManager.releaseCrashed (C:\GitHub\DH2\dist\lib\process-manager.js:412:19)
    at ChildProcess.<anonymous> (C:\GitHub\DH2\dist\lib\process-manager.js:471:50)
    at ChildProcess.emit (node:events:514:28)
    at ChildProcess.emit (node:domain:488:12)
    at finish (node:internal/child_process:935:14)
    at process.processTicksAndRejections (node:internal/process/task_queues:77:11)

Error [ERR_IPC_DISCONNECTED]: IPC channel is already disconnected
    at new NodeError (node:internal/errors:406:5)
    at target.disconnect (node:internal/child_process:905:26)
    at QueryProcessWrapper.destroy (C:\GitHub\DH2\dist\lib\process-manager.js:209:18)
    at QueryProcessWrapper.release (C:\GitHub\DH2\dist\lib\process-manager.js:197:12)
    at QueryProcessManager.releaseCrashed (C:\GitHub\DH2\dist\lib\process-manager.js:412:19)
    at ChildProcess.<anonymous> (C:\GitHub\DH2\dist\lib\process-manager.js:471:50)
    at ChildProcess.emit (node:events:514:28)
    at ChildProcess.emit (node:domain:488:12)
    at finish (node:internal/child_process:935:14)
    at process.processTicksAndRejections (node:internal/process/task_queues:77:11)

Error: Process sockets.js 6264 crashed and had to be restarted
    at RawProcessManager.releaseCrashed (C:\GitHub\DH2\dist\lib\process-manager.js:427:7)
    at Worker.<anonymous> (C:\GitHub\DH2\dist\lib\process-manager.js:471:50)
    at Worker.emit (node:events:514:28)
    at Worker.emit (node:domain:488:12)
    at ChildProcess.<anonymous> (node:internal/cluster/primary:209:12)
    at Object.onceWrapper (node:events:628:28)
    at ChildProcess.emit (node:events:514:28)
    at ChildProcess.emit (node:domain:488:12)
    at finish (node:internal/child_process:935:14)
    at process.processTicksAndRejections (node:internal/process/task_queues:77:11)

Error [ERR_IPC_DISCONNECTED]: IPC channel is already disconnected
    at new NodeError (node:internal/errors:406:5)
    at target.disconnect (node:internal/child_process:905:26)
    at QueryProcessWrapper.destroy (C:\GitHub\DH2\dist\lib\process-manager.js:209:18)
    at QueryProcessWrapper.release (C:\GitHub\DH2\dist\lib\process-manager.js:197:12)
    at QueryProcessManager.releaseCrashed (C:\GitHub\DH2\dist\lib\process-manager.js:412:19)
    at ChildProcess.<anonymous> (C:\GitHub\DH2\dist\lib\process-manager.js:471:50)
    at ChildProcess.emit (node:events:514:28)
    at ChildProcess.emit (node:domain:488:12)
    at finish (node:internal/child_process:935:14)
    at process.processTicksAndRejections (node:internal/process/task_queues:77:11)

Error [ERR_IPC_DISCONNECTED]: IPC channel is already disconnected
    at new NodeError (node:internal/errors:406:5)
    at target.disconnect (node:internal/child_process:905:26)
    at StreamProcessWrapper.destroy (C:\GitHub\DH2\dist\lib\process-manager.js:310:18)
    at StreamProcessWrapper.release (C:\GitHub\DH2\dist\lib\process-manager.js:298:17)
    at StreamProcessManager.releaseCrashed (C:\GitHub\DH2\dist\lib\process-manager.js:412:19)
    at ChildProcess.<anonymous> (C:\GitHub\DH2\dist\lib\process-manager.js:471:50)
    at ChildProcess.emit (node:events:514:28)
    at ChildProcess.emit (node:domain:488:12)
    at finish (node:internal/child_process:935:14)
    at process.processTicksAndRejections (node:internal/process/task_queues:77:11)

Error [ERR_IPC_DISCONNECTED]: IPC channel is already disconnected
    at new NodeError (node:internal/errors:406:5)
    at target.disconnect (node:internal/child_process:905:26)
    at QueryProcessWrapper.destroy (C:\GitHub\DH2\dist\lib\process-manager.js:209:18)
    at QueryProcessWrapper.release (C:\GitHub\DH2\dist\lib\process-manager.js:197:12)
    at SQLDatabaseManager.releaseCrashed (C:\GitHub\DH2\dist\lib\process-manager.js:412:19)
    at ChildProcess.<anonymous> (C:\GitHub\DH2\dist\lib\process-manager.js:471:50)
    at ChildProcess.emit (node:events:514:28)
    at ChildProcess.emit (node:domain:488:12)
    at finish (node:internal/child_process:935:14)
    at process.processTicksAndRejections (node:internal/process/task_queues:77:11)

Error [ERR_IPC_DISCONNECTED]: IPC channel is already disconnected
    at new NodeError (node:internal/errors:406:5)
    at target.disconnect (node:internal/child_process:905:26)
    at QueryProcessWrapper.destroy (C:\GitHub\DH2\dist\lib\process-manager.js:209:18)
    at QueryProcessWrapper.release (C:\GitHub\DH2\dist\lib\process-manager.js:197:12)
    at QueryProcessManager.releaseCrashed (C:\GitHub\DH2\dist\lib\process-manager.js:412:19)
    at ChildProcess.<anonymous> (C:\GitHub\DH2\dist\lib\process-manager.js:471:50)
    at ChildProcess.emit (node:events:514:28)
    at ChildProcess.emit (node:domain:488:12)
    at finish (node:internal/child_process:935:14)
    at process.processTicksAndRejections (node:internal/process/task_queues:77:11)

Error [ERR_IPC_DISCONNECTED]: IPC channel is already disconnected
    at new NodeError (node:internal/errors:406:5)
    at target.disconnect (node:internal/child_process:905:26)
    at StreamProcessWrapper.destroy (C:\GitHub\DH2\dist\lib\process-manager.js:310:18)
    at StreamProcessWrapper.release (C:\GitHub\DH2\dist\lib\process-manager.js:298:17)
    at StreamProcessManager.releaseCrashed (C:\GitHub\DH2\dist\lib\process-manager.js:412:19)
    at ChildProcess.<anonymous> (C:\GitHub\DH2\dist\lib\process-manager.js:471:50)
    at ChildProcess.emit (node:events:514:28)
    at ChildProcess.emit (node:domain:488:12)
    at finish (node:internal/child_process:935:14)
    at process.processTicksAndRejections (node:internal/process/task_queues:77:11)

Error [ERR_IPC_DISCONNECTED]: IPC channel is already disconnected
    at new NodeError (node:internal/errors:406:5)
    at target.disconnect (node:internal/child_process:905:26)
    at QueryProcessWrapper.destroy (C:\GitHub\DH2\dist\lib\process-manager.js:209:18)
    at QueryProcessWrapper.release (C:\GitHub\DH2\dist\lib\process-manager.js:197:12)
    at QueryProcessManager.releaseCrashed (C:\GitHub\DH2\dist\lib\process-manager.js:412:19)
    at ChildProcess.<anonymous> (C:\GitHub\DH2\dist\lib\process-manager.js:471:50)
    at ChildProcess.emit (node:events:514:28)
    at ChildProcess.emit (node:domain:488:12)
    at finish (node:internal/child_process:935:14)
    at process.processTicksAndRejections (node:internal/process/task_queues:77:11)

Error [ERR_IPC_DISCONNECTED]: IPC channel is already disconnected
    at new NodeError (node:internal/errors:406:5)
    at target.disconnect (node:internal/child_process:905:26)
    at QueryProcessWrapper.destroy (C:\GitHub\DH2\dist\lib\process-manager.js:209:18)
    at QueryProcessWrapper.release (C:\GitHub\DH2\dist\lib\process-manager.js:197:12)
    at SQLDatabaseManager.releaseCrashed (C:\GitHub\DH2\dist\lib\process-manager.js:412:19)
    at ChildProcess.<anonymous> (C:\GitHub\DH2\dist\lib\process-manager.js:471:50)
    at ChildProcess.emit (node:events:514:28)
    at ChildProcess.emit (node:domain:488:12)
    at finish (node:internal/child_process:935:14)
    at process.processTicksAndRejections (node:internal/process/task_queues:77:11)

Error [ERR_IPC_DISCONNECTED]: IPC channel is already disconnected
    at new NodeError (node:internal/errors:406:5)
    at target.disconnect (node:internal/child_process:905:26)
    at QueryProcessWrapper.destroy (C:\GitHub\DH2\dist\lib\process-manager.js:209:18)
    at QueryProcessWrapper.release (C:\GitHub\DH2\dist\lib\process-manager.js:197:12)
    at SQLDatabaseManager.releaseCrashed (C:\GitHub\DH2\dist\lib\process-manager.js:412:19)
    at ChildProcess.<anonymous> (C:\GitHub\DH2\dist\lib\process-manager.js:471:50)
    at ChildProcess.emit (node:events:514:28)
    at ChildProcess.emit (node:domain:488:12)
    at finish (node:internal/child_process:935:14)
    at process.processTicksAndRejections (node:internal/process/task_queues:77:11)

Error [ERR_IPC_DISCONNECTED]: IPC channel is already disconnected
    at new NodeError (node:internal/errors:406:5)
    at target.disconnect (node:internal/child_process:905:26)
    at QueryProcessWrapper.destroy (C:\GitHub\DH2\dist\lib\process-manager.js:209:18)
    at QueryProcessWrapper.release (C:\GitHub\DH2\dist\lib\process-manager.js:197:12)
    at QueryProcessManager.releaseCrashed (C:\GitHub\DH2\dist\lib\process-manager.js:412:19)
    at ChildProcess.<anonymous> (C:\GitHub\DH2\dist\lib\process-manager.js:471:50)
    at ChildProcess.emit (node:events:514:28)
    at ChildProcess.emit (node:domain:488:12)
    at finish (node:internal/child_process:935:14)
    at process.processTicksAndRejections (node:internal/process/task_queues:77:11)

Error [ERR_IPC_DISCONNECTED]: IPC channel is already disconnected
    at new NodeError (node:internal/errors:406:5)
    at target.disconnect (node:internal/child_process:905:26)
    at QueryProcessWrapper.destroy (C:\GitHub\DH2\dist\lib\process-manager.js:209:18)
    at QueryProcessWrapper.release (C:\GitHub\DH2\dist\lib\process-manager.js:197:12)
    at QueryProcessManager.releaseCrashed (C:\GitHub\DH2\dist\lib\process-manager.js:412:19)
    at ChildProcess.<anonymous> (C:\GitHub\DH2\dist\lib\process-manager.js:471:50)
    at ChildProcess.emit (node:events:514:28)
    at ChildProcess.emit (node:domain:488:12)
    at finish (node:internal/child_process:935:14)
    at process.processTicksAndRejections (node:internal/process/task_queues:77:11)

Error [ERR_IPC_DISCONNECTED]: IPC channel is already disconnected
    at new NodeError (node:internal/errors:406:5)
    at target.disconnect (node:internal/child_process:905:26)
    at QueryProcessWrapper.destroy (C:\GitHub\DH2\dist\lib\process-manager.js:209:18)
    at QueryProcessWrapper.release (C:\GitHub\DH2\dist\lib\process-manager.js:197:12)
    at QueryProcessManager.releaseCrashed (C:\GitHub\DH2\dist\lib\process-manager.js:412:19)
    at ChildProcess.<anonymous> (C:\GitHub\DH2\dist\lib\process-manager.js:471:50)
    at ChildProcess.emit (node:events:514:28)
    at ChildProcess.emit (node:domain:488:12)
    at finish (node:internal/child_process:935:14)
    at process.processTicksAndRejections (node:internal/process/task_queues:77:11)

Error: Process sockets.js 4628 crashed and had to be restarted
    at RawProcessManager.releaseCrashed (C:\GitHub\DH2\dist\lib\process-manager.js:427:7)
    at Worker.<anonymous> (C:\GitHub\DH2\dist\lib\process-manager.js:471:50)
    at Worker.emit (node:events:514:28)
    at Worker.emit (node:domain:488:12)
    at ChildProcess.<anonymous> (node:internal/cluster/primary:209:12)
    at Object.onceWrapper (node:events:628:28)
    at ChildProcess.emit (node:events:514:28)
    at ChildProcess.emit (node:domain:488:12)
    at finish (node:internal/child_process:935:14)
    at process.processTicksAndRejections (node:internal/process/task_queues:77:11)

Error [ERR_IPC_DISCONNECTED]: IPC channel is already disconnected
    at new NodeError (node:internal/errors:406:5)
    at target.disconnect (node:internal/child_process:905:26)
    at QueryProcessWrapper.destroy (C:\GitHub\DH2\dist\lib\process-manager.js:209:18)
    at QueryProcessWrapper.release (C:\GitHub\DH2\dist\lib\process-manager.js:197:12)
    at QueryProcessManager.releaseCrashed (C:\GitHub\DH2\dist\lib\process-manager.js:412:19)
    at ChildProcess.<anonymous> (C:\GitHub\DH2\dist\lib\process-manager.js:471:50)
    at ChildProcess.emit (node:events:514:28)
    at ChildProcess.emit (node:domain:488:12)
    at finish (node:internal/child_process:935:14)
    at process.processTicksAndRejections (node:internal/process/task_queues:77:11)

Error [ERR_IPC_DISCONNECTED]: IPC channel is already disconnected
    at new NodeError (node:internal/errors:406:5)
    at target.disconnect (node:internal/child_process:905:26)
    at StreamProcessWrapper.destroy (C:\GitHub\DH2\dist\lib\process-manager.js:310:18)
    at StreamProcessWrapper.release (C:\GitHub\DH2\dist\lib\process-manager.js:298:17)
    at StreamProcessManager.releaseCrashed (C:\GitHub\DH2\dist\lib\process-manager.js:412:19)
    at ChildProcess.<anonymous> (C:\GitHub\DH2\dist\lib\process-manager.js:471:50)
    at ChildProcess.emit (node:events:514:28)
    at ChildProcess.emit (node:domain:488:12)
    at finish (node:internal/child_process:935:14)
    at process.processTicksAndRejections (node:internal/process/task_queues:77:11)

Error [ERR_IPC_DISCONNECTED]: IPC channel is already disconnected
    at new NodeError (node:internal/errors:406:5)
    at target.disconnect (node:internal/child_process:905:26)
    at QueryProcessWrapper.destroy (C:\GitHub\DH2\dist\lib\process-manager.js:209:18)
    at QueryProcessWrapper.release (C:\GitHub\DH2\dist\lib\process-manager.js:197:12)
    at SQLDatabaseManager.releaseCrashed (C:\GitHub\DH2\dist\lib\process-manager.js:412:19)
    at ChildProcess.<anonymous> (C:\GitHub\DH2\dist\lib\process-manager.js:471:50)
    at ChildProcess.emit (node:events:514:28)
    at ChildProcess.emit (node:domain:488:12)
    at finish (node:internal/child_process:935:14)
    at process.processTicksAndRejections (node:internal/process/task_queues:77:11)

Error [ERR_IPC_DISCONNECTED]: IPC channel is already disconnected
    at new NodeError (node:internal/errors:406:5)
    at target.disconnect (node:internal/child_process:905:26)
    at QueryProcessWrapper.destroy (C:\GitHub\DH2\dist\lib\process-manager.js:209:18)
    at QueryProcessWrapper.release (C:\GitHub\DH2\dist\lib\process-manager.js:197:12)
    at QueryProcessManager.releaseCrashed (C:\GitHub\DH2\dist\lib\process-manager.js:412:19)
    at ChildProcess.<anonymous> (C:\GitHub\DH2\dist\lib\process-manager.js:471:50)
    at ChildProcess.emit (node:events:514:28)
    at ChildProcess.emit (node:domain:488:12)
    at finish (node:internal/child_process:935:14)
    at process.processTicksAndRejections (node:internal/process/task_queues:77:11)

Error [ERR_IPC_DISCONNECTED]: IPC channel is already disconnected
    at new NodeError (node:internal/errors:406:5)
    at target.disconnect (node:internal/child_process:905:26)
    at QueryProcessWrapper.destroy (C:\GitHub\DH2\dist\lib\process-manager.js:209:18)
    at QueryProcessWrapper.release (C:\GitHub\DH2\dist\lib\process-manager.js:197:12)
    at QueryProcessManager.releaseCrashed (C:\GitHub\DH2\dist\lib\process-manager.js:412:19)
    at ChildProcess.<anonymous> (C:\GitHub\DH2\dist\lib\process-manager.js:471:50)
    at ChildProcess.emit (node:events:514:28)
    at ChildProcess.emit (node:domain:488:12)
    at finish (node:internal/child_process:935:14)
    at process.processTicksAndRejections (node:internal/process/task_queues:77:11)

Error [ERR_IPC_DISCONNECTED]: IPC channel is already disconnected
    at new NodeError (node:internal/errors:406:5)
    at target.disconnect (node:internal/child_process:905:26)
    at StreamProcessWrapper.destroy (C:\GitHub\DH2\dist\lib\process-manager.js:310:18)
    at StreamProcessWrapper.release (C:\GitHub\DH2\dist\lib\process-manager.js:298:17)
    at StreamProcessManager.releaseCrashed (C:\GitHub\DH2\dist\lib\process-manager.js:412:19)
    at ChildProcess.<anonymous> (C:\GitHub\DH2\dist\lib\process-manager.js:471:50)
    at ChildProcess.emit (node:events:514:28)
    at ChildProcess.emit (node:domain:488:12)
    at finish (node:internal/child_process:935:14)
    at process.processTicksAndRejections (node:internal/process/task_queues:77:11)

Error [ERR_IPC_DISCONNECTED]: IPC channel is already disconnected
    at new NodeError (node:internal/errors:406:5)
    at target.disconnect (node:internal/child_process:905:26)
    at QueryProcessWrapper.destroy (C:\GitHub\DH2\dist\lib\process-manager.js:209:18)
    at QueryProcessWrapper.release (C:\GitHub\DH2\dist\lib\process-manager.js:197:12)
    at QueryProcessManager.releaseCrashed (C:\GitHub\DH2\dist\lib\process-manager.js:412:19)
    at ChildProcess.<anonymous> (C:\GitHub\DH2\dist\lib\process-manager.js:471:50)
    at ChildProcess.emit (node:events:514:28)
    at ChildProcess.emit (node:domain:488:12)
    at finish (node:internal/child_process:935:14)
    at process.processTicksAndRejections (node:internal/process/task_queues:77:11)

Error: Format "[Gen 6] AX Doubles" requires nonexistent mod: 'gen6AXdoubles'
    at DexFormats.load (C:\GitHub\DH2\dist\sim\dex-formats.js:387:15)
    at ModdedDex.includeFormats (C:\GitHub\DH2\dist\sim\dex.js:548:18)
    at ModdedDex.loadData (C:\GitHub\DH2\dist\sim\dex.js:502:12)
    at ModdedDex.includeData (C:\GitHub\DH2\dist\sim\dex.js:469:10)
    at Object.<anonymous> (C:\GitHub\DH2\dist\server\team-validator-async.js:96:42)
    at Module._compile (node:internal/modules/cjs/loader:1241:14)
    at Module._extensions..js (node:internal/modules/cjs/loader:1295:10)
    at Module.load (node:internal/modules/cjs/loader:1091:32)
    at Module._load (node:internal/modules/cjs/loader:938:12)
    at Function.executeUserEntryPoint [as runMain] (node:internal/modules/run_main:83:12)

TypeError: Cannot read properties of null (reading 'then')
    at RawProcessManager.releaseCrashed (C:\GitHub\DH2\dist\lib\process-manager.js:412:28)
    at Worker.<anonymous> (C:\GitHub\DH2\dist\lib\process-manager.js:471:50)
    at Worker.emit (node:events:514:28)
    at Worker.emit (node:domain:488:12)
    at ChildProcess.<anonymous> (node:internal/cluster/primary:209:12)
    at Object.onceWrapper (node:events:628:28)
    at ChildProcess.emit (node:events:514:28)
    at ChildProcess.emit (node:domain:488:12)
    at finish (node:internal/child_process:935:14)
    at process.processTicksAndRejections (node:internal/process/task_queues:77:11)

Error [ERR_IPC_DISCONNECTED]: IPC channel is already disconnected
    at new NodeError (node:internal/errors:406:5)
    at target.disconnect (node:internal/child_process:905:26)
    at StreamProcessWrapper.destroy (C:\GitHub\DH2\dist\lib\process-manager.js:310:18)
    at StreamProcessWrapper.release (C:\GitHub\DH2\dist\lib\process-manager.js:298:17)
    at StreamProcessManager.releaseCrashed (C:\GitHub\DH2\dist\lib\process-manager.js:412:19)
    at ChildProcess.<anonymous> (C:\GitHub\DH2\dist\lib\process-manager.js:471:50)
    at ChildProcess.emit (node:events:514:28)
    at ChildProcess.emit (node:domain:488:12)
    at finish (node:internal/child_process:935:14)
    at process.processTicksAndRejections (node:internal/process/task_queues:77:11)

Error [ERR_IPC_DISCONNECTED]: IPC channel is already disconnected
    at new NodeError (node:internal/errors:406:5)
    at target.disconnect (node:internal/child_process:905:26)
    at QueryProcessWrapper.destroy (C:\GitHub\DH2\dist\lib\process-manager.js:209:18)
    at QueryProcessWrapper.release (C:\GitHub\DH2\dist\lib\process-manager.js:197:12)
    at SQLDatabaseManager.releaseCrashed (C:\GitHub\DH2\dist\lib\process-manager.js:412:19)
    at ChildProcess.<anonymous> (C:\GitHub\DH2\dist\lib\process-manager.js:471:50)
    at ChildProcess.emit (node:events:514:28)
    at ChildProcess.emit (node:domain:488:12)
    at finish (node:internal/child_process:935:14)
    at process.processTicksAndRejections (node:internal/process/task_queues:77:11)

Error [ERR_IPC_DISCONNECTED]: IPC channel is already disconnected
    at new NodeError (node:internal/errors:406:5)
    at target.disconnect (node:internal/child_process:905:26)
    at QueryProcessWrapper.destroy (C:\GitHub\DH2\dist\lib\process-manager.js:209:18)
    at QueryProcessWrapper.release (C:\GitHub\DH2\dist\lib\process-manager.js:197:12)
    at QueryProcessManager.releaseCrashed (C:\GitHub\DH2\dist\lib\process-manager.js:412:19)
    at ChildProcess.<anonymous> (C:\GitHub\DH2\dist\lib\process-manager.js:471:50)
    at ChildProcess.emit (node:events:514:28)
    at ChildProcess.emit (node:domain:488:12)
    at finish (node:internal/child_process:935:14)
    at process.processTicksAndRejections (node:internal/process/task_queues:77:11)

Error [ERR_IPC_DISCONNECTED]: IPC channel is already disconnected
    at new NodeError (node:internal/errors:406:5)
    at target.disconnect (node:internal/child_process:905:26)
    at QueryProcessWrapper.destroy (C:\GitHub\DH2\dist\lib\process-manager.js:209:18)
    at QueryProcessWrapper.release (C:\GitHub\DH2\dist\lib\process-manager.js:197:12)
    at QueryProcessManager.releaseCrashed (C:\GitHub\DH2\dist\lib\process-manager.js:412:19)
    at ChildProcess.<anonymous> (C:\GitHub\DH2\dist\lib\process-manager.js:471:50)
    at ChildProcess.emit (node:events:514:28)
    at ChildProcess.emit (node:domain:488:12)
    at finish (node:internal/child_process:935:14)
    at process.processTicksAndRejections (node:internal/process/task_queues:77:11)

Error [ERR_IPC_DISCONNECTED]: IPC channel is already disconnected
    at new NodeError (node:internal/errors:406:5)
    at target.disconnect (node:internal/child_process:905:26)
    at QueryProcessWrapper.destroy (C:\GitHub\DH2\dist\lib\process-manager.js:209:18)
    at QueryProcessWrapper.release (C:\GitHub\DH2\dist\lib\process-manager.js:197:12)
    at SQLDatabaseManager.releaseCrashed (C:\GitHub\DH2\dist\lib\process-manager.js:412:19)
    at ChildProcess.<anonymous> (C:\GitHub\DH2\dist\lib\process-manager.js:471:50)
    at ChildProcess.emit (node:events:514:28)
    at ChildProcess.emit (node:domain:488:12)
    at finish (node:internal/child_process:935:14)
    at process.processTicksAndRejections (node:internal/process/task_queues:77:11)

Error [ERR_IPC_DISCONNECTED]: IPC channel is already disconnected
    at new NodeError (node:internal/errors:406:5)
    at target.disconnect (node:internal/child_process:905:26)
    at QueryProcessWrapper.destroy (C:\GitHub\DH2\dist\lib\process-manager.js:209:18)
    at QueryProcessWrapper.release (C:\GitHub\DH2\dist\lib\process-manager.js:197:12)
    at SQLDatabaseManager.releaseCrashed (C:\GitHub\DH2\dist\lib\process-manager.js:412:19)
    at ChildProcess.<anonymous> (C:\GitHub\DH2\dist\lib\process-manager.js:471:50)
    at ChildProcess.emit (node:events:514:28)
    at ChildProcess.emit (node:domain:488:12)
    at finish (node:internal/child_process:935:14)
    at process.processTicksAndRejections (node:internal/process/task_queues:77:11)

Error [ERR_IPC_DISCONNECTED]: IPC channel is already disconnected
    at new NodeError (node:internal/errors:406:5)
    at target.disconnect (node:internal/child_process:905:26)
    at QueryProcessWrapper.destroy (C:\GitHub\DH2\dist\lib\process-manager.js:209:18)
    at QueryProcessWrapper.release (C:\GitHub\DH2\dist\lib\process-manager.js:197:12)
    at QueryProcessManager.releaseCrashed (C:\GitHub\DH2\dist\lib\process-manager.js:412:19)
    at ChildProcess.<anonymous> (C:\GitHub\DH2\dist\lib\process-manager.js:471:50)
    at ChildProcess.emit (node:events:514:28)
    at ChildProcess.emit (node:domain:488:12)
    at finish (node:internal/child_process:935:14)
    at process.processTicksAndRejections (node:internal/process/task_queues:77:11)

Error [ERR_IPC_DISCONNECTED]: IPC channel is already disconnected
    at new NodeError (node:internal/errors:406:5)
    at target.disconnect (node:internal/child_process:905:26)
    at QueryProcessWrapper.destroy (C:\GitHub\DH2\dist\lib\process-manager.js:209:18)
    at QueryProcessWrapper.release (C:\GitHub\DH2\dist\lib\process-manager.js:197:12)
    at QueryProcessManager.releaseCrashed (C:\GitHub\DH2\dist\lib\process-manager.js:412:19)
    at ChildProcess.<anonymous> (C:\GitHub\DH2\dist\lib\process-manager.js:471:50)
    at ChildProcess.emit (node:events:514:28)
    at ChildProcess.emit (node:domain:488:12)
    at finish (node:internal/child_process:935:14)
    at process.processTicksAndRejections (node:internal/process/task_queues:77:11)

Error [ERR_IPC_DISCONNECTED]: IPC channel is already disconnected
    at new NodeError (node:internal/errors:406:5)
    at target.disconnect (node:internal/child_process:905:26)
    at QueryProcessWrapper.destroy (C:\GitHub\DH2\dist\lib\process-manager.js:209:18)
    at QueryProcessWrapper.release (C:\GitHub\DH2\dist\lib\process-manager.js:197:12)
    at QueryProcessManager.releaseCrashed (C:\GitHub\DH2\dist\lib\process-manager.js:412:19)
    at ChildProcess.<anonymous> (C:\GitHub\DH2\dist\lib\process-manager.js:471:50)
    at ChildProcess.emit (node:events:514:28)
    at ChildProcess.emit (node:domain:488:12)
    at finish (node:internal/child_process:935:14)
    at process.processTicksAndRejections (node:internal/process/task_queues:77:11)

Error: Process sockets.js 7532 crashed and had to be restarted
    at RawProcessManager.releaseCrashed (C:\GitHub\DH2\dist\lib\process-manager.js:427:7)
    at Worker.<anonymous> (C:\GitHub\DH2\dist\lib\process-manager.js:471:50)
    at Worker.emit (node:events:514:28)
    at Worker.emit (node:domain:488:12)
    at ChildProcess.<anonymous> (node:internal/cluster/primary:209:12)
    at Object.onceWrapper (node:events:628:28)
    at ChildProcess.emit (node:events:514:28)
    at ChildProcess.emit (node:domain:488:12)
    at finish (node:internal/child_process:935:14)
    at process.processTicksAndRejections (node:internal/process/task_queues:77:11)

Error [ERR_IPC_DISCONNECTED]: IPC channel is already disconnected
    at new NodeError (node:internal/errors:406:5)
    at target.disconnect (node:internal/child_process:905:26)
    at QueryProcessWrapper.destroy (C:\GitHub\DH2\dist\lib\process-manager.js:209:18)
    at QueryProcessWrapper.release (C:\GitHub\DH2\dist\lib\process-manager.js:197:12)
    at QueryProcessManager.releaseCrashed (C:\GitHub\DH2\dist\lib\process-manager.js:412:19)
    at ChildProcess.<anonymous> (C:\GitHub\DH2\dist\lib\process-manager.js:471:50)
    at ChildProcess.emit (node:events:514:28)
    at ChildProcess.emit (node:domain:488:12)
    at finish (node:internal/child_process:935:14)
    at process.processTicksAndRejections (node:internal/process/task_queues:77:11)

Error: Process room-battle.js 3724 crashed and had to be restarted
    at StreamProcessManager.releaseCrashed (C:\GitHub\DH2\dist\lib\process-manager.js:427:7)
    at ChildProcess.<anonymous> (C:\GitHub\DH2\dist\lib\process-manager.js:471:50)
    at ChildProcess.emit (node:events:514:28)
    at ChildProcess.emit (node:domain:488:12)
    at finish (node:internal/child_process:935:14)
    at process.processTicksAndRejections (node:internal/process/task_queues:77:11)

Error [ERR_IPC_DISCONNECTED]: IPC channel is already disconnected
    at new NodeError (node:internal/errors:406:5)
    at target.disconnect (node:internal/child_process:905:26)
    at QueryProcessWrapper.destroy (C:\GitHub\DH2\dist\lib\process-manager.js:209:18)
    at QueryProcessWrapper.release (C:\GitHub\DH2\dist\lib\process-manager.js:197:12)
    at SQLDatabaseManager.releaseCrashed (C:\GitHub\DH2\dist\lib\process-manager.js:412:19)
    at ChildProcess.<anonymous> (C:\GitHub\DH2\dist\lib\process-manager.js:471:50)
    at ChildProcess.emit (node:events:514:28)
    at ChildProcess.emit (node:domain:488:12)
    at finish (node:internal/child_process:935:14)
    at process.processTicksAndRejections (node:internal/process/task_queues:77:11)

Error [ERR_IPC_DISCONNECTED]: IPC channel is already disconnected
    at new NodeError (node:internal/errors:406:5)
    at target.disconnect (node:internal/child_process:905:26)
    at QueryProcessWrapper.destroy (C:\GitHub\DH2\dist\lib\process-manager.js:209:18)
    at QueryProcessWrapper.release (C:\GitHub\DH2\dist\lib\process-manager.js:197:12)
    at QueryProcessManager.releaseCrashed (C:\GitHub\DH2\dist\lib\process-manager.js:412:19)
    at ChildProcess.<anonymous> (C:\GitHub\DH2\dist\lib\process-manager.js:471:50)
    at ChildProcess.emit (node:events:514:28)
    at ChildProcess.emit (node:domain:488:12)
    at finish (node:internal/child_process:935:14)
    at process.processTicksAndRejections (node:internal/process/task_queues:77:11)

Error [ERR_IPC_DISCONNECTED]: IPC channel is already disconnected
    at new NodeError (node:internal/errors:406:5)
    at target.disconnect (node:internal/child_process:905:26)
    at StreamProcessWrapper.destroy (C:\GitHub\DH2\dist\lib\process-manager.js:310:18)
    at StreamProcessWrapper.release (C:\GitHub\DH2\dist\lib\process-manager.js:298:17)
    at StreamProcessManager.releaseCrashed (C:\GitHub\DH2\dist\lib\process-manager.js:412:19)
    at ChildProcess.<anonymous> (C:\GitHub\DH2\dist\lib\process-manager.js:471:50)
    at ChildProcess.emit (node:events:514:28)
    at ChildProcess.emit (node:domain:488:12)
    at finish (node:internal/child_process:935:14)
    at process.processTicksAndRejections (node:internal/process/task_queues:77:11)

Error [ERR_IPC_DISCONNECTED]: IPC channel is already disconnected
    at new NodeError (node:internal/errors:406:5)
    at target.disconnect (node:internal/child_process:905:26)
    at QueryProcessWrapper.destroy (C:\GitHub\DH2\dist\lib\process-manager.js:209:18)
    at QueryProcessWrapper.release (C:\GitHub\DH2\dist\lib\process-manager.js:197:12)
    at QueryProcessManager.releaseCrashed (C:\GitHub\DH2\dist\lib\process-manager.js:412:19)
    at ChildProcess.<anonymous> (C:\GitHub\DH2\dist\lib\process-manager.js:471:50)
    at ChildProcess.emit (node:events:514:28)
    at ChildProcess.emit (node:domain:488:12)
    at finish (node:internal/child_process:935:14)
    at process.processTicksAndRejections (node:internal/process/task_queues:77:11)

Error [ERR_IPC_DISCONNECTED]: IPC channel is already disconnected
    at new NodeError (node:internal/errors:406:5)
    at target.disconnect (node:internal/child_process:905:26)
    at QueryProcessWrapper.destroy (C:\GitHub\DH2\dist\lib\process-manager.js:209:18)
    at QueryProcessWrapper.release (C:\GitHub\DH2\dist\lib\process-manager.js:197:12)
    at QueryProcessManager.releaseCrashed (C:\GitHub\DH2\dist\lib\process-manager.js:412:19)
    at ChildProcess.<anonymous> (C:\GitHub\DH2\dist\lib\process-manager.js:471:50)
    at ChildProcess.emit (node:events:514:28)
    at ChildProcess.emit (node:domain:488:12)
    at finish (node:internal/child_process:935:14)
    at process.processTicksAndRejections (node:internal/process/task_queues:77:11)

Error [ERR_IPC_DISCONNECTED]: IPC channel is already disconnected
    at new NodeError (node:internal/errors:406:5)
    at target.disconnect (node:internal/child_process:905:26)
    at QueryProcessWrapper.destroy (C:\GitHub\DH2\dist\lib\process-manager.js:209:18)
    at QueryProcessWrapper.release (C:\GitHub\DH2\dist\lib\process-manager.js:197:12)
    at SQLDatabaseManager.releaseCrashed (C:\GitHub\DH2\dist\lib\process-manager.js:412:19)
    at ChildProcess.<anonymous> (C:\GitHub\DH2\dist\lib\process-manager.js:471:50)
    at ChildProcess.emit (node:events:514:28)
    at ChildProcess.emit (node:domain:488:12)
    at finish (node:internal/child_process:935:14)
    at process.processTicksAndRejections (node:internal/process/task_queues:77:11)

Error [ERR_IPC_DISCONNECTED]: IPC channel is already disconnected
    at new NodeError (node:internal/errors:406:5)
    at target.disconnect (node:internal/child_process:905:26)
    at QueryProcessWrapper.destroy (C:\GitHub\DH2\dist\lib\process-manager.js:209:18)
    at QueryProcessWrapper.release (C:\GitHub\DH2\dist\lib\process-manager.js:197:12)
    at SQLDatabaseManager.releaseCrashed (C:\GitHub\DH2\dist\lib\process-manager.js:412:19)
    at ChildProcess.<anonymous> (C:\GitHub\DH2\dist\lib\process-manager.js:471:50)
    at ChildProcess.emit (node:events:514:28)
    at ChildProcess.emit (node:domain:488:12)
    at finish (node:internal/child_process:935:14)
    at process.processTicksAndRejections (node:internal/process/task_queues:77:11)

Error [ERR_IPC_DISCONNECTED]: IPC channel is already disconnected
    at new NodeError (node:internal/errors:406:5)
    at target.disconnect (node:internal/child_process:905:26)
    at QueryProcessWrapper.destroy (C:\GitHub\DH2\dist\lib\process-manager.js:209:18)
    at QueryProcessWrapper.release (C:\GitHub\DH2\dist\lib\process-manager.js:197:12)
    at QueryProcessManager.releaseCrashed (C:\GitHub\DH2\dist\lib\process-manager.js:412:19)
    at ChildProcess.<anonymous> (C:\GitHub\DH2\dist\lib\process-manager.js:471:50)
    at ChildProcess.emit (node:events:514:28)
    at ChildProcess.emit (node:domain:488:12)
    at finish (node:internal/child_process:935:14)
    at process.processTicksAndRejections (node:internal/process/task_queues:77:11)

Error [ERR_IPC_DISCONNECTED]: IPC channel is already disconnected
    at new NodeError (node:internal/errors:406:5)
    at target.disconnect (node:internal/child_process:905:26)
    at QueryProcessWrapper.destroy (C:\GitHub\DH2\dist\lib\process-manager.js:209:18)
    at QueryProcessWrapper.release (C:\GitHub\DH2\dist\lib\process-manager.js:197:12)
    at QueryProcessManager.releaseCrashed (C:\GitHub\DH2\dist\lib\process-manager.js:412:19)
    at ChildProcess.<anonymous> (C:\GitHub\DH2\dist\lib\process-manager.js:471:50)
    at ChildProcess.emit (node:events:514:28)
    at ChildProcess.emit (node:domain:488:12)
    at finish (node:internal/child_process:935:14)
    at process.processTicksAndRejections (node:internal/process/task_queues:77:11)

Error [ERR_IPC_DISCONNECTED]: IPC channel is already disconnected
    at new NodeError (node:internal/errors:406:5)
    at target.disconnect (node:internal/child_process:905:26)
    at QueryProcessWrapper.destroy (C:\GitHub\DH2\dist\lib\process-manager.js:209:18)
    at QueryProcessWrapper.release (C:\GitHub\DH2\dist\lib\process-manager.js:197:12)
    at QueryProcessManager.releaseCrashed (C:\GitHub\DH2\dist\lib\process-manager.js:412:19)
    at ChildProcess.<anonymous> (C:\GitHub\DH2\dist\lib\process-manager.js:471:50)
    at ChildProcess.emit (node:events:514:28)
    at ChildProcess.emit (node:domain:488:12)
    at finish (node:internal/child_process:935:14)
    at process.processTicksAndRejections (node:internal/process/task_queues:77:11)

TypeError: Cannot read properties of null (reading 'then')
    at RawProcessManager.releaseCrashed (C:\GitHub\DH2\dist\lib\process-manager.js:412:28)
    at Worker.<anonymous> (C:\GitHub\DH2\dist\lib\process-manager.js:471:50)
    at Worker.emit (node:events:514:28)
    at Worker.emit (node:domain:488:12)
    at ChildProcess.<anonymous> (node:internal/cluster/primary:209:12)
    at Object.onceWrapper (node:events:628:28)
    at ChildProcess.emit (node:events:514:28)
    at ChildProcess.emit (node:domain:488:12)
    at finish (node:internal/child_process:935:14)
    at process.processTicksAndRejections (node:internal/process/task_queues:77:11)

Error [ERR_IPC_DISCONNECTED]: IPC channel is already disconnected
    at new NodeError (node:internal/errors:406:5)
    at target.disconnect (node:internal/child_process:905:26)
    at QueryProcessWrapper.destroy (C:\GitHub\DH2\dist\lib\process-manager.js:209:18)
    at QueryProcessWrapper.release (C:\GitHub\DH2\dist\lib\process-manager.js:197:12)
    at QueryProcessManager.releaseCrashed (C:\GitHub\DH2\dist\lib\process-manager.js:412:19)
    at ChildProcess.<anonymous> (C:\GitHub\DH2\dist\lib\process-manager.js:471:50)
    at ChildProcess.emit (node:events:514:28)
    at ChildProcess.emit (node:domain:488:12)
    at finish (node:internal/child_process:935:14)
    at process.processTicksAndRejections (node:internal/process/task_queues:77:11)

Error: Process room-battle.js 4776 crashed and had to be restarted
    at StreamProcessManager.releaseCrashed (C:\GitHub\DH2\dist\lib\process-manager.js:427:7)
    at ChildProcess.<anonymous> (C:\GitHub\DH2\dist\lib\process-manager.js:471:50)
    at ChildProcess.emit (node:events:514:28)
    at ChildProcess.emit (node:domain:488:12)
    at finish (node:internal/child_process:935:14)
    at process.processTicksAndRejections (node:internal/process/task_queues:77:11)

Error [ERR_IPC_DISCONNECTED]: IPC channel is already disconnected
    at new NodeError (node:internal/errors:406:5)
    at target.disconnect (node:internal/child_process:905:26)
    at QueryProcessWrapper.destroy (C:\GitHub\DH2\dist\lib\process-manager.js:209:18)
    at QueryProcessWrapper.release (C:\GitHub\DH2\dist\lib\process-manager.js:197:12)
    at SQLDatabaseManager.releaseCrashed (C:\GitHub\DH2\dist\lib\process-manager.js:412:19)
    at ChildProcess.<anonymous> (C:\GitHub\DH2\dist\lib\process-manager.js:471:50)
    at ChildProcess.emit (node:events:514:28)
    at ChildProcess.emit (node:domain:488:12)
    at finish (node:internal/child_process:935:14)
    at process.processTicksAndRejections (node:internal/process/task_queues:77:11)

Error [ERR_IPC_DISCONNECTED]: IPC channel is already disconnected
    at new NodeError (node:internal/errors:406:5)
    at target.disconnect (node:internal/child_process:905:26)
    at QueryProcessWrapper.destroy (C:\GitHub\DH2\dist\lib\process-manager.js:209:18)
    at QueryProcessWrapper.release (C:\GitHub\DH2\dist\lib\process-manager.js:197:12)
    at QueryProcessManager.releaseCrashed (C:\GitHub\DH2\dist\lib\process-manager.js:412:19)
    at ChildProcess.<anonymous> (C:\GitHub\DH2\dist\lib\process-manager.js:471:50)
    at ChildProcess.emit (node:events:514:28)
    at ChildProcess.emit (node:domain:488:12)
    at finish (node:internal/child_process:935:14)
    at process.processTicksAndRejections (node:internal/process/task_queues:77:11)

Error [ERR_IPC_DISCONNECTED]: IPC channel is already disconnected
    at new NodeError (node:internal/errors:406:5)
    at target.disconnect (node:internal/child_process:905:26)
    at StreamProcessWrapper.destroy (C:\GitHub\DH2\dist\lib\process-manager.js:310:18)
    at StreamProcessWrapper.release (C:\GitHub\DH2\dist\lib\process-manager.js:298:17)
    at StreamProcessManager.releaseCrashed (C:\GitHub\DH2\dist\lib\process-manager.js:412:19)
    at ChildProcess.<anonymous> (C:\GitHub\DH2\dist\lib\process-manager.js:471:50)
    at ChildProcess.emit (node:events:514:28)
    at ChildProcess.emit (node:domain:488:12)
    at finish (node:internal/child_process:935:14)
    at process.processTicksAndRejections (node:internal/process/task_queues:77:11)

Error [ERR_IPC_DISCONNECTED]: IPC channel is already disconnected
    at new NodeError (node:internal/errors:406:5)
    at target.disconnect (node:internal/child_process:905:26)
    at QueryProcessWrapper.destroy (C:\GitHub\DH2\dist\lib\process-manager.js:209:18)
    at QueryProcessWrapper.release (C:\GitHub\DH2\dist\lib\process-manager.js:197:12)
    at QueryProcessManager.releaseCrashed (C:\GitHub\DH2\dist\lib\process-manager.js:412:19)
    at ChildProcess.<anonymous> (C:\GitHub\DH2\dist\lib\process-manager.js:471:50)
    at ChildProcess.emit (node:events:514:28)
    at ChildProcess.emit (node:domain:488:12)
    at finish (node:internal/child_process:935:14)
    at process.processTicksAndRejections (node:internal/process/task_queues:77:11)

Error [ERR_IPC_DISCONNECTED]: IPC channel is already disconnected
    at new NodeError (node:internal/errors:406:5)
    at target.disconnect (node:internal/child_process:905:26)
    at QueryProcessWrapper.destroy (C:\GitHub\DH2\dist\lib\process-manager.js:209:18)
    at QueryProcessWrapper.release (C:\GitHub\DH2\dist\lib\process-manager.js:197:12)
    at QueryProcessManager.releaseCrashed (C:\GitHub\DH2\dist\lib\process-manager.js:412:19)
    at ChildProcess.<anonymous> (C:\GitHub\DH2\dist\lib\process-manager.js:471:50)
    at ChildProcess.emit (node:events:514:28)
    at ChildProcess.emit (node:domain:488:12)
    at finish (node:internal/child_process:935:14)
    at process.processTicksAndRejections (node:internal/process/task_queues:77:11)

Error [ERR_HTTP_HEADERS_SENT]: Cannot write headers after they are sent to the client
    at new NodeError (node:internal/errors:406:5)
    at ServerResponse.writeHead (node:_http_server:345:11)
    at Server.finish (C:\GitHub\DH2\node_modules\node-static\lib\node-static.js:117:19)
    at C:\GitHub\DH2\node_modules\node-static\lib\node-static.js:94:18
    at C:\GitHub\DH2\node_modules\node-static\lib\node-static.js:337:13
    at streamFile (C:\GitHub\DH2\node_modules\node-static\lib\node-static.js:382:13)
    at ReadStream.<anonymous> (C:\GitHub\DH2\node_modules\node-static\lib\node-static.js:375:17)
    at ReadStream.emit (node:events:514:28)
    at ReadStream.emit (node:domain:488:12)
    at emitCloseNT (node:internal/streams/destroy:132:10)

Error [ERR_IPC_DISCONNECTED]: IPC channel is already disconnected
    at new NodeError (node:internal/errors:406:5)
    at target.disconnect (node:internal/child_process:905:26)
    at QueryProcessWrapper.destroy (C:\GitHub\DH2\dist\lib\process-manager.js:209:18)
    at QueryProcessWrapper.release (C:\GitHub\DH2\dist\lib\process-manager.js:197:12)
    at SQLDatabaseManager.releaseCrashed (C:\GitHub\DH2\dist\lib\process-manager.js:412:19)
    at ChildProcess.<anonymous> (C:\GitHub\DH2\dist\lib\process-manager.js:471:50)
    at ChildProcess.emit (node:events:514:28)
    at ChildProcess.emit (node:domain:488:12)
    at finish (node:internal/child_process:935:14)
    at process.processTicksAndRejections (node:internal/process/task_queues:77:11)

Error [ERR_IPC_DISCONNECTED]: IPC channel is already disconnected
    at new NodeError (node:internal/errors:406:5)
    at target.disconnect (node:internal/child_process:905:26)
    at QueryProcessWrapper.destroy (C:\GitHub\DH2\dist\lib\process-manager.js:209:18)
    at QueryProcessWrapper.release (C:\GitHub\DH2\dist\lib\process-manager.js:197:12)
    at QueryProcessManager.releaseCrashed (C:\GitHub\DH2\dist\lib\process-manager.js:412:19)
    at ChildProcess.<anonymous> (C:\GitHub\DH2\dist\lib\process-manager.js:471:50)
    at ChildProcess.emit (node:events:514:28)
    at ChildProcess.emit (node:domain:488:12)
    at finish (node:internal/child_process:935:14)
    at process.processTicksAndRejections (node:internal/process/task_queues:77:11)

Error [ERR_IPC_DISCONNECTED]: IPC channel is already disconnected
    at new NodeError (node:internal/errors:406:5)
    at target.disconnect (node:internal/child_process:905:26)
    at QueryProcessWrapper.destroy (C:\GitHub\DH2\dist\lib\process-manager.js:209:18)
    at QueryProcessWrapper.release (C:\GitHub\DH2\dist\lib\process-manager.js:197:12)
    at QueryProcessManager.releaseCrashed (C:\GitHub\DH2\dist\lib\process-manager.js:412:19)
    at ChildProcess.<anonymous> (C:\GitHub\DH2\dist\lib\process-manager.js:471:50)
    at ChildProcess.emit (node:events:514:28)
    at ChildProcess.emit (node:domain:488:12)
    at finish (node:internal/child_process:935:14)
    at process.processTicksAndRejections (node:internal/process/task_queues:77:11)

Error [ERR_IPC_DISCONNECTED]: IPC channel is already disconnected
    at new NodeError (node:internal/errors:406:5)
    at target.disconnect (node:internal/child_process:905:26)
    at QueryProcessWrapper.destroy (C:\GitHub\DH2\dist\lib\process-manager.js:209:18)
    at QueryProcessWrapper.release (C:\GitHub\DH2\dist\lib\process-manager.js:197:12)
    at SQLDatabaseManager.releaseCrashed (C:\GitHub\DH2\dist\lib\process-manager.js:412:19)
    at ChildProcess.<anonymous> (C:\GitHub\DH2\dist\lib\process-manager.js:471:50)
    at ChildProcess.emit (node:events:514:28)
    at ChildProcess.emit (node:domain:488:12)
    at finish (node:internal/child_process:935:14)
    at process.processTicksAndRejections (node:internal/process/task_queues:77:11)

Error [ERR_IPC_DISCONNECTED]: IPC channel is already disconnected
    at new NodeError (node:internal/errors:406:5)
    at target.disconnect (node:internal/child_process:905:26)
    at QueryProcessWrapper.destroy (C:\GitHub\DH2\dist\lib\process-manager.js:209:18)
    at QueryProcessWrapper.release (C:\GitHub\DH2\dist\lib\process-manager.js:197:12)
    at SQLDatabaseManager.releaseCrashed (C:\GitHub\DH2\dist\lib\process-manager.js:412:19)
    at ChildProcess.<anonymous> (C:\GitHub\DH2\dist\lib\process-manager.js:471:50)
    at ChildProcess.emit (node:events:514:28)
    at ChildProcess.emit (node:domain:488:12)
    at finish (node:internal/child_process:935:14)
    at process.processTicksAndRejections (node:internal/process/task_queues:77:11)

Error [ERR_IPC_DISCONNECTED]: IPC channel is already disconnected
    at new NodeError (node:internal/errors:406:5)
    at target.disconnect (node:internal/child_process:905:26)
    at QueryProcessWrapper.destroy (C:\GitHub\DH2\dist\lib\process-manager.js:209:18)
    at QueryProcessWrapper.release (C:\GitHub\DH2\dist\lib\process-manager.js:197:12)
    at QueryProcessManager.releaseCrashed (C:\GitHub\DH2\dist\lib\process-manager.js:412:19)
    at ChildProcess.<anonymous> (C:\GitHub\DH2\dist\lib\process-manager.js:471:50)
    at ChildProcess.emit (node:events:514:28)
    at ChildProcess.emit (node:domain:488:12)
    at finish (node:internal/child_process:935:14)
    at process.processTicksAndRejections (node:internal/process/task_queues:77:11)

Error [ERR_IPC_DISCONNECTED]: IPC channel is already disconnected
    at new NodeError (node:internal/errors:406:5)
    at target.disconnect (node:internal/child_process:905:26)
    at QueryProcessWrapper.destroy (C:\GitHub\DH2\dist\lib\process-manager.js:209:18)
    at QueryProcessWrapper.release (C:\GitHub\DH2\dist\lib\process-manager.js:197:12)
    at QueryProcessManager.releaseCrashed (C:\GitHub\DH2\dist\lib\process-manager.js:412:19)
    at ChildProcess.<anonymous> (C:\GitHub\DH2\dist\lib\process-manager.js:471:50)
    at ChildProcess.emit (node:events:514:28)
    at ChildProcess.emit (node:domain:488:12)
    at finish (node:internal/child_process:935:14)
    at process.processTicksAndRejections (node:internal/process/task_queues:77:11)

Error [ERR_IPC_DISCONNECTED]: IPC channel is already disconnected
    at new NodeError (node:internal/errors:406:5)
    at target.disconnect (node:internal/child_process:905:26)
    at QueryProcessWrapper.destroy (C:\GitHub\DH2\dist\lib\process-manager.js:209:18)
    at QueryProcessWrapper.release (C:\GitHub\DH2\dist\lib\process-manager.js:197:12)
    at QueryProcessManager.releaseCrashed (C:\GitHub\DH2\dist\lib\process-manager.js:412:19)
    at ChildProcess.<anonymous> (C:\GitHub\DH2\dist\lib\process-manager.js:471:50)
    at ChildProcess.emit (node:events:514:28)
    at ChildProcess.emit (node:domain:488:12)
    at finish (node:internal/child_process:935:14)
    at process.processTicksAndRejections (node:internal/process/task_queues:77:11)

Error: Process sockets.js 412 crashed and had to be restarted
    at RawProcessManager.releaseCrashed (C:\GitHub\DH2\dist\lib\process-manager.js:427:7)
    at Worker.<anonymous> (C:\GitHub\DH2\dist\lib\process-manager.js:471:50)
    at Worker.emit (node:events:514:28)
    at Worker.emit (node:domain:488:12)
    at ChildProcess.<anonymous> (node:internal/cluster/primary:209:12)
    at Object.onceWrapper (node:events:628:28)
    at ChildProcess.emit (node:events:514:28)
    at ChildProcess.emit (node:domain:488:12)
    at finish (node:internal/child_process:935:14)
    at process.processTicksAndRejections (node:internal/process/task_queues:77:11)

Error [ERR_IPC_DISCONNECTED]: IPC channel is already disconnected
    at new NodeError (node:internal/errors:406:5)
    at target.disconnect (node:internal/child_process:905:26)
    at QueryProcessWrapper.destroy (C:\GitHub\DH2\dist\lib\process-manager.js:209:18)
    at QueryProcessWrapper.release (C:\GitHub\DH2\dist\lib\process-manager.js:197:12)
    at QueryProcessManager.releaseCrashed (C:\GitHub\DH2\dist\lib\process-manager.js:412:19)
    at ChildProcess.<anonymous> (C:\GitHub\DH2\dist\lib\process-manager.js:471:50)
    at ChildProcess.emit (node:events:514:28)
    at ChildProcess.emit (node:domain:488:12)
    at finish (node:internal/child_process:935:14)
    at process.processTicksAndRejections (node:internal/process/task_queues:77:11)

Error [ERR_IPC_DISCONNECTED]: IPC channel is already disconnected
    at new NodeError (node:internal/errors:406:5)
    at target.disconnect (node:internal/child_process:905:26)
    at StreamProcessWrapper.destroy (C:\GitHub\DH2\dist\lib\process-manager.js:310:18)
    at StreamProcessWrapper.release (C:\GitHub\DH2\dist\lib\process-manager.js:298:17)
    at StreamProcessManager.releaseCrashed (C:\GitHub\DH2\dist\lib\process-manager.js:412:19)
    at ChildProcess.<anonymous> (C:\GitHub\DH2\dist\lib\process-manager.js:471:50)
    at ChildProcess.emit (node:events:514:28)
    at ChildProcess.emit (node:domain:488:12)
    at finish (node:internal/child_process:935:14)
    at process.processTicksAndRejections (node:internal/process/task_queues:77:11)

Error [ERR_IPC_DISCONNECTED]: IPC channel is already disconnected
    at new NodeError (node:internal/errors:406:5)
    at target.disconnect (node:internal/child_process:905:26)
    at QueryProcessWrapper.destroy (C:\GitHub\DH2\dist\lib\process-manager.js:209:18)
    at QueryProcessWrapper.release (C:\GitHub\DH2\dist\lib\process-manager.js:197:12)
    at SQLDatabaseManager.releaseCrashed (C:\GitHub\DH2\dist\lib\process-manager.js:412:19)
    at ChildProcess.<anonymous> (C:\GitHub\DH2\dist\lib\process-manager.js:471:50)
    at ChildProcess.emit (node:events:514:28)
    at ChildProcess.emit (node:domain:488:12)
    at finish (node:internal/child_process:935:14)
    at process.processTicksAndRejections (node:internal/process/task_queues:77:11)

Error [ERR_IPC_DISCONNECTED]: IPC channel is already disconnected
    at new NodeError (node:internal/errors:406:5)
    at target.disconnect (node:internal/child_process:905:26)
    at QueryProcessWrapper.destroy (C:\GitHub\DH2\dist\lib\process-manager.js:209:18)
    at QueryProcessWrapper.release (C:\GitHub\DH2\dist\lib\process-manager.js:197:12)
    at QueryProcessManager.releaseCrashed (C:\GitHub\DH2\dist\lib\process-manager.js:412:19)
    at ChildProcess.<anonymous> (C:\GitHub\DH2\dist\lib\process-manager.js:471:50)
    at ChildProcess.emit (node:events:514:28)
    at ChildProcess.emit (node:domain:488:12)
    at finish (node:internal/child_process:935:14)
    at process.processTicksAndRejections (node:internal/process/task_queues:77:11)

Error [ERR_IPC_DISCONNECTED]: IPC channel is already disconnected
    at new NodeError (node:internal/errors:406:5)
    at target.disconnect (node:internal/child_process:905:26)
    at StreamProcessWrapper.destroy (C:\GitHub\DH2\dist\lib\process-manager.js:310:18)
    at StreamProcessWrapper.release (C:\GitHub\DH2\dist\lib\process-manager.js:298:17)
    at StreamProcessManager.releaseCrashed (C:\GitHub\DH2\dist\lib\process-manager.js:412:19)
    at ChildProcess.<anonymous> (C:\GitHub\DH2\dist\lib\process-manager.js:471:50)
    at ChildProcess.emit (node:events:514:28)
    at ChildProcess.emit (node:domain:488:12)
    at finish (node:internal/child_process:935:14)
    at process.processTicksAndRejections (node:internal/process/task_queues:77:11)

Error [ERR_IPC_DISCONNECTED]: IPC channel is already disconnected
    at new NodeError (node:internal/errors:406:5)
    at target.disconnect (node:internal/child_process:905:26)
    at QueryProcessWrapper.destroy (C:\GitHub\DH2\dist\lib\process-manager.js:209:18)
    at QueryProcessWrapper.release (C:\GitHub\DH2\dist\lib\process-manager.js:197:12)
    at QueryProcessManager.releaseCrashed (C:\GitHub\DH2\dist\lib\process-manager.js:412:19)
    at ChildProcess.<anonymous> (C:\GitHub\DH2\dist\lib\process-manager.js:471:50)
    at ChildProcess.emit (node:events:514:28)
    at ChildProcess.emit (node:domain:488:12)
    at finish (node:internal/child_process:935:14)
    at process.processTicksAndRejections (node:internal/process/task_queues:77:11)

Error [ERR_IPC_DISCONNECTED]: IPC channel is already disconnected
    at new NodeError (node:internal/errors:406:5)
    at target.disconnect (node:internal/child_process:905:26)
    at QueryProcessWrapper.destroy (C:\GitHub\DH2\dist\lib\process-manager.js:209:18)
    at QueryProcessWrapper.release (C:\GitHub\DH2\dist\lib\process-manager.js:197:12)
    at QueryProcessManager.releaseCrashed (C:\GitHub\DH2\dist\lib\process-manager.js:412:19)
    at ChildProcess.<anonymous> (C:\GitHub\DH2\dist\lib\process-manager.js:471:50)
    at ChildProcess.emit (node:events:514:28)
    at ChildProcess.emit (node:domain:488:12)
    at finish (node:internal/child_process:935:14)
    at process.processTicksAndRejections (node:internal/process/task_queues:77:11)

TypeError: Cannot read properties of null (reading 'then')
    at RawProcessManager.releaseCrashed (C:\GitHub\DH2\dist\lib\process-manager.js:412:28)
    at Worker.<anonymous> (C:\GitHub\DH2\dist\lib\process-manager.js:471:50)
    at Worker.emit (node:events:514:28)
    at Worker.emit (node:domain:488:12)
    at ChildProcess.<anonymous> (node:internal/cluster/primary:209:12)
    at Object.onceWrapper (node:events:628:28)
    at ChildProcess.emit (node:events:514:28)
    at ChildProcess.emit (node:domain:488:12)
    at finish (node:internal/child_process:935:14)
    at process.processTicksAndRejections (node:internal/process/task_queues:77:11)

Error [ERR_IPC_DISCONNECTED]: IPC channel is already disconnected
    at new NodeError (node:internal/errors:406:5)
    at target.disconnect (node:internal/child_process:905:26)
    at QueryProcessWrapper.destroy (C:\GitHub\DH2\dist\lib\process-manager.js:209:18)
    at QueryProcessWrapper.release (C:\GitHub\DH2\dist\lib\process-manager.js:197:12)
    at QueryProcessManager.releaseCrashed (C:\GitHub\DH2\dist\lib\process-manager.js:412:19)
    at ChildProcess.<anonymous> (C:\GitHub\DH2\dist\lib\process-manager.js:471:50)
    at ChildProcess.emit (node:events:514:28)
    at ChildProcess.emit (node:domain:488:12)
    at finish (node:internal/child_process:935:14)
    at process.processTicksAndRejections (node:internal/process/task_queues:77:11)

Error [ERR_IPC_DISCONNECTED]: IPC channel is already disconnected
    at new NodeError (node:internal/errors:406:5)
    at target.disconnect (node:internal/child_process:905:26)
    at StreamProcessWrapper.destroy (C:\GitHub\DH2\dist\lib\process-manager.js:310:18)
    at StreamProcessWrapper.release (C:\GitHub\DH2\dist\lib\process-manager.js:298:17)
    at StreamProcessManager.releaseCrashed (C:\GitHub\DH2\dist\lib\process-manager.js:412:19)
    at ChildProcess.<anonymous> (C:\GitHub\DH2\dist\lib\process-manager.js:471:50)
    at ChildProcess.emit (node:events:514:28)
    at ChildProcess.emit (node:domain:488:12)
    at finish (node:internal/child_process:935:14)
    at process.processTicksAndRejections (node:internal/process/task_queues:77:11)

Error [ERR_IPC_DISCONNECTED]: IPC channel is already disconnected
    at new NodeError (node:internal/errors:406:5)
    at target.disconnect (node:internal/child_process:905:26)
    at QueryProcessWrapper.destroy (C:\GitHub\DH2\dist\lib\process-manager.js:209:18)
    at QueryProcessWrapper.release (C:\GitHub\DH2\dist\lib\process-manager.js:197:12)
    at SQLDatabaseManager.releaseCrashed (C:\GitHub\DH2\dist\lib\process-manager.js:412:19)
    at ChildProcess.<anonymous> (C:\GitHub\DH2\dist\lib\process-manager.js:471:50)
    at ChildProcess.emit (node:events:514:28)
    at ChildProcess.emit (node:domain:488:12)
    at finish (node:internal/child_process:935:14)
    at process.processTicksAndRejections (node:internal/process/task_queues:77:11)

Error [ERR_IPC_DISCONNECTED]: IPC channel is already disconnected
    at new NodeError (node:internal/errors:406:5)
    at target.disconnect (node:internal/child_process:905:26)
    at QueryProcessWrapper.destroy (C:\GitHub\DH2\dist\lib\process-manager.js:209:18)
    at QueryProcessWrapper.release (C:\GitHub\DH2\dist\lib\process-manager.js:197:12)
    at QueryProcessManager.releaseCrashed (C:\GitHub\DH2\dist\lib\process-manager.js:412:19)
    at ChildProcess.<anonymous> (C:\GitHub\DH2\dist\lib\process-manager.js:471:50)
    at ChildProcess.emit (node:events:514:28)
    at ChildProcess.emit (node:domain:488:12)
    at finish (node:internal/child_process:935:14)
    at process.processTicksAndRejections (node:internal/process/task_queues:77:11)

Error [ERR_IPC_DISCONNECTED]: IPC channel is already disconnected
    at new NodeError (node:internal/errors:406:5)
    at target.disconnect (node:internal/child_process:905:26)
    at StreamProcessWrapper.destroy (C:\GitHub\DH2\dist\lib\process-manager.js:310:18)
    at StreamProcessWrapper.release (C:\GitHub\DH2\dist\lib\process-manager.js:298:17)
    at StreamProcessManager.releaseCrashed (C:\GitHub\DH2\dist\lib\process-manager.js:412:19)
    at ChildProcess.<anonymous> (C:\GitHub\DH2\dist\lib\process-manager.js:471:50)
    at ChildProcess.emit (node:events:514:28)
    at ChildProcess.emit (node:domain:488:12)
    at finish (node:internal/child_process:935:14)
    at process.processTicksAndRejections (node:internal/process/task_queues:77:11)

Error [ERR_IPC_DISCONNECTED]: IPC channel is already disconnected
    at new NodeError (node:internal/errors:406:5)
    at target.disconnect (node:internal/child_process:905:26)
    at QueryProcessWrapper.destroy (C:\GitHub\DH2\dist\lib\process-manager.js:209:18)
    at QueryProcessWrapper.release (C:\GitHub\DH2\dist\lib\process-manager.js:197:12)
    at QueryProcessManager.releaseCrashed (C:\GitHub\DH2\dist\lib\process-manager.js:412:19)
    at ChildProcess.<anonymous> (C:\GitHub\DH2\dist\lib\process-manager.js:471:50)
    at ChildProcess.emit (node:events:514:28)
    at ChildProcess.emit (node:domain:488:12)
    at finish (node:internal/child_process:935:14)
    at process.processTicksAndRejections (node:internal/process/task_queues:77:11)

Error [ERR_IPC_DISCONNECTED]: IPC channel is already disconnected
    at new NodeError (node:internal/errors:406:5)
    at target.disconnect (node:internal/child_process:905:26)
    at QueryProcessWrapper.destroy (C:\GitHub\DH2\dist\lib\process-manager.js:209:18)
    at QueryProcessWrapper.release (C:\GitHub\DH2\dist\lib\process-manager.js:197:12)
    at QueryProcessManager.releaseCrashed (C:\GitHub\DH2\dist\lib\process-manager.js:412:19)
    at ChildProcess.<anonymous> (C:\GitHub\DH2\dist\lib\process-manager.js:471:50)
    at ChildProcess.emit (node:events:514:28)
    at ChildProcess.emit (node:domain:488:12)
    at finish (node:internal/child_process:935:14)
    at process.processTicksAndRejections (node:internal/process/task_queues:77:11)

Error [ERR_IPC_DISCONNECTED]: IPC channel is already disconnected
    at new NodeError (node:internal/errors:406:5)
    at target.disconnect (node:internal/child_process:905:26)
    at QueryProcessWrapper.destroy (C:\GitHub\DH2\dist\lib\process-manager.js:209:18)
    at QueryProcessWrapper.release (C:\GitHub\DH2\dist\lib\process-manager.js:197:12)
    at SQLDatabaseManager.releaseCrashed (C:\GitHub\DH2\dist\lib\process-manager.js:412:19)
    at ChildProcess.<anonymous> (C:\GitHub\DH2\dist\lib\process-manager.js:471:50)
    at ChildProcess.emit (node:events:514:28)
    at ChildProcess.emit (node:domain:488:12)
    at finish (node:internal/child_process:935:14)
    at process.processTicksAndRejections (node:internal/process/task_queues:77:11)

Error [ERR_IPC_DISCONNECTED]: IPC channel is already disconnected
    at new NodeError (node:internal/errors:406:5)
    at target.disconnect (node:internal/child_process:905:26)
    at QueryProcessWrapper.destroy (C:\GitHub\DH2\dist\lib\process-manager.js:209:18)
    at QueryProcessWrapper.release (C:\GitHub\DH2\dist\lib\process-manager.js:197:12)
    at QueryProcessManager.releaseCrashed (C:\GitHub\DH2\dist\lib\process-manager.js:412:19)
    at ChildProcess.<anonymous> (C:\GitHub\DH2\dist\lib\process-manager.js:471:50)
    at ChildProcess.emit (node:events:514:28)
    at ChildProcess.emit (node:domain:488:12)
    at finish (node:internal/child_process:935:14)
    at process.processTicksAndRejections (node:internal/process/task_queues:77:11)

Error [ERR_IPC_DISCONNECTED]: IPC channel is already disconnected
    at new NodeError (node:internal/errors:406:5)
    at target.disconnect (node:internal/child_process:905:26)
    at QueryProcessWrapper.destroy (C:\GitHub\DH2\dist\lib\process-manager.js:209:18)
    at QueryProcessWrapper.release (C:\GitHub\DH2\dist\lib\process-manager.js:197:12)
    at SQLDatabaseManager.releaseCrashed (C:\GitHub\DH2\dist\lib\process-manager.js:412:19)
    at ChildProcess.<anonymous> (C:\GitHub\DH2\dist\lib\process-manager.js:471:50)
    at ChildProcess.emit (node:events:514:28)
    at ChildProcess.emit (node:domain:488:12)
    at finish (node:internal/child_process:935:14)
    at process.processTicksAndRejections (node:internal/process/task_queues:77:11)

Error [ERR_IPC_DISCONNECTED]: IPC channel is already disconnected
    at new NodeError (node:internal/errors:406:5)
    at target.disconnect (node:internal/child_process:905:26)
    at QueryProcessWrapper.destroy (C:\GitHub\DH2\dist\lib\process-manager.js:209:18)
    at QueryProcessWrapper.release (C:\GitHub\DH2\dist\lib\process-manager.js:197:12)
    at QueryProcessManager.releaseCrashed (C:\GitHub\DH2\dist\lib\process-manager.js:412:19)
    at ChildProcess.<anonymous> (C:\GitHub\DH2\dist\lib\process-manager.js:471:50)
    at ChildProcess.emit (node:events:514:28)
    at ChildProcess.emit (node:domain:488:12)
    at finish (node:internal/child_process:935:14)
    at process.processTicksAndRejections (node:internal/process/task_queues:77:11)

Error [ERR_IPC_DISCONNECTED]: IPC channel is already disconnected
    at new NodeError (node:internal/errors:406:5)
    at target.disconnect (node:internal/child_process:905:26)
    at QueryProcessWrapper.destroy (C:\GitHub\DH2\dist\lib\process-manager.js:209:18)
    at QueryProcessWrapper.release (C:\GitHub\DH2\dist\lib\process-manager.js:197:12)
    at QueryProcessManager.releaseCrashed (C:\GitHub\DH2\dist\lib\process-manager.js:412:19)
    at ChildProcess.<anonymous> (C:\GitHub\DH2\dist\lib\process-manager.js:471:50)
    at ChildProcess.emit (node:events:514:28)
    at ChildProcess.emit (node:domain:488:12)
    at finish (node:internal/child_process:935:14)
    at process.processTicksAndRejections (node:internal/process/task_queues:77:11)

Error: Process sockets.js 4688 crashed and had to be restarted
    at RawProcessManager.releaseCrashed (C:\GitHub\DH2\dist\lib\process-manager.js:427:7)
    at Worker.<anonymous> (C:\GitHub\DH2\dist\lib\process-manager.js:471:50)
    at Worker.emit (node:events:514:28)
    at Worker.emit (node:domain:488:12)
    at ChildProcess.<anonymous> (node:internal/cluster/primary:209:12)
    at Object.onceWrapper (node:events:628:28)
    at ChildProcess.emit (node:events:514:28)
    at ChildProcess.emit (node:domain:488:12)
    at finish (node:internal/child_process:935:14)
    at process.processTicksAndRejections (node:internal/process/task_queues:77:11)

Error [ERR_IPC_DISCONNECTED]: IPC channel is already disconnected
    at new NodeError (node:internal/errors:406:5)
    at target.disconnect (node:internal/child_process:905:26)
    at QueryProcessWrapper.destroy (C:\GitHub\DH2\dist\lib\process-manager.js:209:18)
    at QueryProcessWrapper.release (C:\GitHub\DH2\dist\lib\process-manager.js:197:12)
    at QueryProcessManager.releaseCrashed (C:\GitHub\DH2\dist\lib\process-manager.js:412:19)
    at ChildProcess.<anonymous> (C:\GitHub\DH2\dist\lib\process-manager.js:471:50)
    at ChildProcess.emit (node:events:514:28)
    at ChildProcess.emit (node:domain:488:12)
    at finish (node:internal/child_process:935:14)
    at process.processTicksAndRejections (node:internal/process/task_queues:77:11)

Error [ERR_IPC_DISCONNECTED]: IPC channel is already disconnected
    at new NodeError (node:internal/errors:406:5)
    at target.disconnect (node:internal/child_process:905:26)
    at StreamProcessWrapper.destroy (C:\GitHub\DH2\dist\lib\process-manager.js:310:18)
    at StreamProcessWrapper.release (C:\GitHub\DH2\dist\lib\process-manager.js:298:17)
    at StreamProcessManager.releaseCrashed (C:\GitHub\DH2\dist\lib\process-manager.js:412:19)
    at ChildProcess.<anonymous> (C:\GitHub\DH2\dist\lib\process-manager.js:471:50)
    at ChildProcess.emit (node:events:514:28)
    at ChildProcess.emit (node:domain:488:12)
    at finish (node:internal/child_process:935:14)
    at process.processTicksAndRejections (node:internal/process/task_queues:77:11)

Error [ERR_IPC_DISCONNECTED]: IPC channel is already disconnected
    at new NodeError (node:internal/errors:406:5)
    at target.disconnect (node:internal/child_process:905:26)
    at QueryProcessWrapper.destroy (C:\GitHub\DH2\dist\lib\process-manager.js:209:18)
    at QueryProcessWrapper.release (C:\GitHub\DH2\dist\lib\process-manager.js:197:12)
    at SQLDatabaseManager.releaseCrashed (C:\GitHub\DH2\dist\lib\process-manager.js:412:19)
    at ChildProcess.<anonymous> (C:\GitHub\DH2\dist\lib\process-manager.js:471:50)
    at ChildProcess.emit (node:events:514:28)
    at ChildProcess.emit (node:domain:488:12)
    at finish (node:internal/child_process:935:14)
    at process.processTicksAndRejections (node:internal/process/task_queues:77:11)

Error [ERR_IPC_DISCONNECTED]: IPC channel is already disconnected
    at new NodeError (node:internal/errors:406:5)
    at target.disconnect (node:internal/child_process:905:26)
    at QueryProcessWrapper.destroy (C:\GitHub\DH2\dist\lib\process-manager.js:209:18)
    at QueryProcessWrapper.release (C:\GitHub\DH2\dist\lib\process-manager.js:197:12)
    at QueryProcessManager.releaseCrashed (C:\GitHub\DH2\dist\lib\process-manager.js:412:19)
    at ChildProcess.<anonymous> (C:\GitHub\DH2\dist\lib\process-manager.js:471:50)
    at ChildProcess.emit (node:events:514:28)
    at ChildProcess.emit (node:domain:488:12)
    at finish (node:internal/child_process:935:14)
    at process.processTicksAndRejections (node:internal/process/task_queues:77:11)

Error [ERR_IPC_DISCONNECTED]: IPC channel is already disconnected
    at new NodeError (node:internal/errors:406:5)
    at target.disconnect (node:internal/child_process:905:26)
    at StreamProcessWrapper.destroy (C:\GitHub\DH2\dist\lib\process-manager.js:310:18)
    at StreamProcessWrapper.release (C:\GitHub\DH2\dist\lib\process-manager.js:298:17)
    at StreamProcessManager.releaseCrashed (C:\GitHub\DH2\dist\lib\process-manager.js:412:19)
    at ChildProcess.<anonymous> (C:\GitHub\DH2\dist\lib\process-manager.js:471:50)
    at ChildProcess.emit (node:events:514:28)
    at ChildProcess.emit (node:domain:488:12)
    at finish (node:internal/child_process:935:14)
    at process.processTicksAndRejections (node:internal/process/task_queues:77:11)

Error [ERR_IPC_DISCONNECTED]: IPC channel is already disconnected
    at new NodeError (node:internal/errors:406:5)
    at target.disconnect (node:internal/child_process:905:26)
    at QueryProcessWrapper.destroy (C:\GitHub\DH2\dist\lib\process-manager.js:209:18)
    at QueryProcessWrapper.release (C:\GitHub\DH2\dist\lib\process-manager.js:197:12)
    at QueryProcessManager.releaseCrashed (C:\GitHub\DH2\dist\lib\process-manager.js:412:19)
    at ChildProcess.<anonymous> (C:\GitHub\DH2\dist\lib\process-manager.js:471:50)
    at ChildProcess.emit (node:events:514:28)
    at ChildProcess.emit (node:domain:488:12)
    at finish (node:internal/child_process:935:14)
    at process.processTicksAndRejections (node:internal/process/task_queues:77:11)

Error [ERR_IPC_DISCONNECTED]: IPC channel is already disconnected
    at new NodeError (node:internal/errors:406:5)
    at target.disconnect (node:internal/child_process:905:26)
    at QueryProcessWrapper.destroy (C:\GitHub\DH2\dist\lib\process-manager.js:209:18)
    at QueryProcessWrapper.release (C:\GitHub\DH2\dist\lib\process-manager.js:197:12)
    at QueryProcessManager.releaseCrashed (C:\GitHub\DH2\dist\lib\process-manager.js:412:19)
    at ChildProcess.<anonymous> (C:\GitHub\DH2\dist\lib\process-manager.js:471:50)
    at ChildProcess.emit (node:events:514:28)
    at ChildProcess.emit (node:domain:488:12)
    at finish (node:internal/child_process:935:14)
    at process.processTicksAndRejections (node:internal/process/task_queues:77:11)

TypeError: Exported property 'Formats' from "./config/formats.ts" must be an array
    at DexFormats.load (C:\GitHub\DH2\dist\sim\dex-formats.js:353:13)
    at ModdedDex.includeFormats (C:\GitHub\DH2\dist\sim\dex.js:548:18)
    at ModdedDex.loadData (C:\GitHub\DH2\dist\sim\dex.js:502:12)
    at ModdedDex.includeData (C:\GitHub\DH2\dist\sim\dex.js:469:10)
    at Object.<anonymous> (C:\GitHub\DH2\dist\server\team-validator-async.js:96:42)
    at Module._compile (node:internal/modules/cjs/loader:1241:14)
    at Module._extensions..js (node:internal/modules/cjs/loader:1295:10)
    at Module.load (node:internal/modules/cjs/loader:1091:32)
    at Module._load (node:internal/modules/cjs/loader:938:12)
    at Function.executeUserEntryPoint [as runMain] (node:internal/modules/run_main:83:12)

TypeError: Exported property 'Formats' from "./config/formats.ts" must be an array
    at DexFormats.load (C:\GitHub\DH2\dist\sim\dex-formats.js:353:13)
    at DexFormats.all (C:\GitHub\DH2\dist\sim\dex-formats.js:465:10)
    at get formatListText [as formatListText] (C:\GitHub\DH2\dist\server\rooms.js:1207:38)
    at GlobalRoomState.handleConnect (C:\GitHub\DH2\dist\server\rooms.js:1474:82)
    at Object.socketConnect (C:\GitHub\DH2\dist\server\users.js:1303:16)
    at Object.onSpawn (C:\GitHub\DH2\dist\server\sockets.js:63:17)
    at process.processTicksAndRejections (node:internal/process/task_queues:95:5)

Error: Process sockets.js 7568 crashed and had to be restarted
    at RawProcessManager.releaseCrashed (C:\GitHub\DH2\dist\lib\process-manager.js:427:7)
    at Worker.<anonymous> (C:\GitHub\DH2\dist\lib\process-manager.js:471:50)
    at Worker.emit (node:events:514:28)
    at Worker.emit (node:domain:488:12)
    at ChildProcess.<anonymous> (node:internal/cluster/primary:209:12)
    at Object.onceWrapper (node:events:628:28)
    at ChildProcess.emit (node:events:514:28)
    at ChildProcess.emit (node:domain:488:12)
    at finish (node:internal/child_process:935:14)
    at process.processTicksAndRejections (node:internal/process/task_queues:77:11)

Error [ERR_IPC_DISCONNECTED]: IPC channel is already disconnected
    at new NodeError (node:internal/errors:406:5)
    at target.disconnect (node:internal/child_process:905:26)
    at QueryProcessWrapper.destroy (C:\GitHub\DH2\dist\lib\process-manager.js:209:18)
    at QueryProcessWrapper.release (C:\GitHub\DH2\dist\lib\process-manager.js:197:12)
    at QueryProcessManager.releaseCrashed (C:\GitHub\DH2\dist\lib\process-manager.js:412:19)
    at ChildProcess.<anonymous> (C:\GitHub\DH2\dist\lib\process-manager.js:471:50)
    at ChildProcess.emit (node:events:514:28)
    at ChildProcess.emit (node:domain:488:12)
    at finish (node:internal/child_process:935:14)
    at process.processTicksAndRejections (node:internal/process/task_queues:77:11)

Error [ERR_IPC_DISCONNECTED]: IPC channel is already disconnected
    at new NodeError (node:internal/errors:406:5)
    at target.disconnect (node:internal/child_process:905:26)
    at StreamProcessWrapper.destroy (C:\GitHub\DH2\dist\lib\process-manager.js:310:18)
    at StreamProcessWrapper.release (C:\GitHub\DH2\dist\lib\process-manager.js:298:17)
    at StreamProcessManager.releaseCrashed (C:\GitHub\DH2\dist\lib\process-manager.js:412:19)
    at ChildProcess.<anonymous> (C:\GitHub\DH2\dist\lib\process-manager.js:471:50)
    at ChildProcess.emit (node:events:514:28)
    at ChildProcess.emit (node:domain:488:12)
    at finish (node:internal/child_process:935:14)
    at process.processTicksAndRejections (node:internal/process/task_queues:77:11)

Error [ERR_IPC_DISCONNECTED]: IPC channel is already disconnected
    at new NodeError (node:internal/errors:406:5)
    at target.disconnect (node:internal/child_process:905:26)
    at QueryProcessWrapper.destroy (C:\GitHub\DH2\dist\lib\process-manager.js:209:18)
    at QueryProcessWrapper.release (C:\GitHub\DH2\dist\lib\process-manager.js:197:12)
    at SQLDatabaseManager.releaseCrashed (C:\GitHub\DH2\dist\lib\process-manager.js:412:19)
    at ChildProcess.<anonymous> (C:\GitHub\DH2\dist\lib\process-manager.js:471:50)
    at ChildProcess.emit (node:events:514:28)
    at ChildProcess.emit (node:domain:488:12)
    at finish (node:internal/child_process:935:14)
    at process.processTicksAndRejections (node:internal/process/task_queues:77:11)

Error [ERR_IPC_DISCONNECTED]: IPC channel is already disconnected
    at new NodeError (node:internal/errors:406:5)
    at target.disconnect (node:internal/child_process:905:26)
    at QueryProcessWrapper.destroy (C:\GitHub\DH2\dist\lib\process-manager.js:209:18)
    at QueryProcessWrapper.release (C:\GitHub\DH2\dist\lib\process-manager.js:197:12)
    at QueryProcessManager.releaseCrashed (C:\GitHub\DH2\dist\lib\process-manager.js:412:19)
    at ChildProcess.<anonymous> (C:\GitHub\DH2\dist\lib\process-manager.js:471:50)
    at ChildProcess.emit (node:events:514:28)
    at ChildProcess.emit (node:domain:488:12)
    at finish (node:internal/child_process:935:14)
    at process.processTicksAndRejections (node:internal/process/task_queues:77:11)

Error [ERR_IPC_DISCONNECTED]: IPC channel is already disconnected
    at new NodeError (node:internal/errors:406:5)
    at target.disconnect (node:internal/child_process:905:26)
    at StreamProcessWrapper.destroy (C:\GitHub\DH2\dist\lib\process-manager.js:310:18)
    at StreamProcessWrapper.release (C:\GitHub\DH2\dist\lib\process-manager.js:298:17)
    at StreamProcessManager.releaseCrashed (C:\GitHub\DH2\dist\lib\process-manager.js:412:19)
    at ChildProcess.<anonymous> (C:\GitHub\DH2\dist\lib\process-manager.js:471:50)
    at ChildProcess.emit (node:events:514:28)
    at ChildProcess.emit (node:domain:488:12)
    at finish (node:internal/child_process:935:14)
    at process.processTicksAndRejections (node:internal/process/task_queues:77:11)

Error [ERR_IPC_DISCONNECTED]: IPC channel is already disconnected
    at new NodeError (node:internal/errors:406:5)
    at target.disconnect (node:internal/child_process:905:26)
    at QueryProcessWrapper.destroy (C:\GitHub\DH2\dist\lib\process-manager.js:209:18)
    at QueryProcessWrapper.release (C:\GitHub\DH2\dist\lib\process-manager.js:197:12)
    at QueryProcessManager.releaseCrashed (C:\GitHub\DH2\dist\lib\process-manager.js:412:19)
    at ChildProcess.<anonymous> (C:\GitHub\DH2\dist\lib\process-manager.js:471:50)
    at ChildProcess.emit (node:events:514:28)
    at ChildProcess.emit (node:domain:488:12)
    at finish (node:internal/child_process:935:14)
    at process.processTicksAndRejections (node:internal/process/task_queues:77:11)

Error [ERR_IPC_DISCONNECTED]: IPC channel is already disconnected
    at new NodeError (node:internal/errors:406:5)
    at target.disconnect (node:internal/child_process:905:26)
    at QueryProcessWrapper.destroy (C:\GitHub\DH2\dist\lib\process-manager.js:209:18)
    at QueryProcessWrapper.release (C:\GitHub\DH2\dist\lib\process-manager.js:197:12)
    at QueryProcessManager.releaseCrashed (C:\GitHub\DH2\dist\lib\process-manager.js:412:19)
    at ChildProcess.<anonymous> (C:\GitHub\DH2\dist\lib\process-manager.js:471:50)
    at ChildProcess.emit (node:events:514:28)
    at ChildProcess.emit (node:domain:488:12)
    at finish (node:internal/child_process:935:14)
    at process.processTicksAndRejections (node:internal/process/task_queues:77:11)

TypeError: Exported property 'Formats' from "./config/formats.ts" must be an array
    at DexFormats.load (C:\GitHub\DH2\dist\sim\dex-formats.js:353:13)
    at ModdedDex.includeFormats (C:\GitHub\DH2\dist\sim\dex.js:548:18)
    at ModdedDex.loadData (C:\GitHub\DH2\dist\sim\dex.js:502:12)
    at ModdedDex.includeData (C:\GitHub\DH2\dist\sim\dex.js:469:10)
    at Object.<anonymous> (C:\GitHub\DH2\dist\server\team-validator-async.js:96:42)
    at Module._compile (node:internal/modules/cjs/loader:1241:14)
    at Module._extensions..js (node:internal/modules/cjs/loader:1295:10)
    at Module.load (node:internal/modules/cjs/loader:1091:32)
    at Module._load (node:internal/modules/cjs/loader:938:12)
    at Function.executeUserEntryPoint [as runMain] (node:internal/modules/run_main:83:12)

TypeError: Exported property 'Formats' from "./config/formats.ts" must be an array
    at DexFormats.load (C:\GitHub\DH2\dist\sim\dex-formats.js:353:13)
    at DexFormats.all (C:\GitHub\DH2\dist\sim\dex-formats.js:465:10)
    at get formatListText [as formatListText] (C:\GitHub\DH2\dist\server\rooms.js:1207:38)
    at GlobalRoomState.handleConnect (C:\GitHub\DH2\dist\server\rooms.js:1474:82)
    at Object.socketConnect (C:\GitHub\DH2\dist\server\users.js:1303:16)
    at Object.onSpawn (C:\GitHub\DH2\dist\server\sockets.js:63:17)
    at process.processTicksAndRejections (node:internal/process/task_queues:95:5)

Error: Process sockets.js 5320 crashed and had to be restarted
    at RawProcessManager.releaseCrashed (C:\GitHub\DH2\dist\lib\process-manager.js:427:7)
    at Worker.<anonymous> (C:\GitHub\DH2\dist\lib\process-manager.js:471:50)
    at Worker.emit (node:events:514:28)
    at Worker.emit (node:domain:488:12)
    at ChildProcess.<anonymous> (node:internal/cluster/primary:209:12)
    at Object.onceWrapper (node:events:628:28)
    at ChildProcess.emit (node:events:514:28)
    at ChildProcess.emit (node:domain:488:12)
    at finish (node:internal/child_process:935:14)
    at process.processTicksAndRejections (node:internal/process/task_queues:77:11)

Error [ERR_IPC_DISCONNECTED]: IPC channel is already disconnected
    at new NodeError (node:internal/errors:406:5)
    at target.disconnect (node:internal/child_process:905:26)
    at QueryProcessWrapper.destroy (C:\GitHub\DH2\dist\lib\process-manager.js:209:18)
    at QueryProcessWrapper.release (C:\GitHub\DH2\dist\lib\process-manager.js:197:12)
    at QueryProcessManager.releaseCrashed (C:\GitHub\DH2\dist\lib\process-manager.js:412:19)
    at ChildProcess.<anonymous> (C:\GitHub\DH2\dist\lib\process-manager.js:471:50)
    at ChildProcess.emit (node:events:514:28)
    at ChildProcess.emit (node:domain:488:12)
    at finish (node:internal/child_process:935:14)
    at process.processTicksAndRejections (node:internal/process/task_queues:77:11)

Error [ERR_IPC_DISCONNECTED]: IPC channel is already disconnected
    at new NodeError (node:internal/errors:406:5)
    at target.disconnect (node:internal/child_process:905:26)
    at StreamProcessWrapper.destroy (C:\GitHub\DH2\dist\lib\process-manager.js:310:18)
    at StreamProcessWrapper.release (C:\GitHub\DH2\dist\lib\process-manager.js:298:17)
    at StreamProcessManager.releaseCrashed (C:\GitHub\DH2\dist\lib\process-manager.js:412:19)
    at ChildProcess.<anonymous> (C:\GitHub\DH2\dist\lib\process-manager.js:471:50)
    at ChildProcess.emit (node:events:514:28)
    at ChildProcess.emit (node:domain:488:12)
    at finish (node:internal/child_process:935:14)
    at process.processTicksAndRejections (node:internal/process/task_queues:77:11)

Error [ERR_IPC_DISCONNECTED]: IPC channel is already disconnected
    at new NodeError (node:internal/errors:406:5)
    at target.disconnect (node:internal/child_process:905:26)
    at QueryProcessWrapper.destroy (C:\GitHub\DH2\dist\lib\process-manager.js:209:18)
    at QueryProcessWrapper.release (C:\GitHub\DH2\dist\lib\process-manager.js:197:12)
    at SQLDatabaseManager.releaseCrashed (C:\GitHub\DH2\dist\lib\process-manager.js:412:19)
    at ChildProcess.<anonymous> (C:\GitHub\DH2\dist\lib\process-manager.js:471:50)
    at ChildProcess.emit (node:events:514:28)
    at ChildProcess.emit (node:domain:488:12)
    at finish (node:internal/child_process:935:14)
    at process.processTicksAndRejections (node:internal/process/task_queues:77:11)

Error [ERR_IPC_DISCONNECTED]: IPC channel is already disconnected
    at new NodeError (node:internal/errors:406:5)
    at target.disconnect (node:internal/child_process:905:26)
    at QueryProcessWrapper.destroy (C:\GitHub\DH2\dist\lib\process-manager.js:209:18)
    at QueryProcessWrapper.release (C:\GitHub\DH2\dist\lib\process-manager.js:197:12)
    at QueryProcessManager.releaseCrashed (C:\GitHub\DH2\dist\lib\process-manager.js:412:19)
    at ChildProcess.<anonymous> (C:\GitHub\DH2\dist\lib\process-manager.js:471:50)
    at ChildProcess.emit (node:events:514:28)
    at ChildProcess.emit (node:domain:488:12)
    at finish (node:internal/child_process:935:14)
    at process.processTicksAndRejections (node:internal/process/task_queues:77:11)

Error [ERR_IPC_DISCONNECTED]: IPC channel is already disconnected
    at new NodeError (node:internal/errors:406:5)
    at target.disconnect (node:internal/child_process:905:26)
    at StreamProcessWrapper.destroy (C:\GitHub\DH2\dist\lib\process-manager.js:310:18)
    at StreamProcessWrapper.release (C:\GitHub\DH2\dist\lib\process-manager.js:298:17)
    at StreamProcessManager.releaseCrashed (C:\GitHub\DH2\dist\lib\process-manager.js:412:19)
    at ChildProcess.<anonymous> (C:\GitHub\DH2\dist\lib\process-manager.js:471:50)
    at ChildProcess.emit (node:events:514:28)
    at ChildProcess.emit (node:domain:488:12)
    at finish (node:internal/child_process:935:14)
    at process.processTicksAndRejections (node:internal/process/task_queues:77:11)

Error [ERR_IPC_DISCONNECTED]: IPC channel is already disconnected
    at new NodeError (node:internal/errors:406:5)
    at target.disconnect (node:internal/child_process:905:26)
    at QueryProcessWrapper.destroy (C:\GitHub\DH2\dist\lib\process-manager.js:209:18)
    at QueryProcessWrapper.release (C:\GitHub\DH2\dist\lib\process-manager.js:197:12)
    at QueryProcessManager.releaseCrashed (C:\GitHub\DH2\dist\lib\process-manager.js:412:19)
    at ChildProcess.<anonymous> (C:\GitHub\DH2\dist\lib\process-manager.js:471:50)
    at ChildProcess.emit (node:events:514:28)
    at ChildProcess.emit (node:domain:488:12)
    at finish (node:internal/child_process:935:14)
    at process.processTicksAndRejections (node:internal/process/task_queues:77:11)

Error [ERR_IPC_DISCONNECTED]: IPC channel is already disconnected
    at new NodeError (node:internal/errors:406:5)
    at target.disconnect (node:internal/child_process:905:26)
    at QueryProcessWrapper.destroy (C:\GitHub\DH2\dist\lib\process-manager.js:209:18)
    at QueryProcessWrapper.release (C:\GitHub\DH2\dist\lib\process-manager.js:197:12)
    at QueryProcessManager.releaseCrashed (C:\GitHub\DH2\dist\lib\process-manager.js:412:19)
    at ChildProcess.<anonymous> (C:\GitHub\DH2\dist\lib\process-manager.js:471:50)
    at ChildProcess.emit (node:events:514:28)
    at ChildProcess.emit (node:domain:488:12)
    at finish (node:internal/child_process:935:14)
    at process.processTicksAndRejections (node:internal/process/task_queues:77:11)

TypeError: Exported property 'Formats' from "./config/formats.ts" must be an array
    at DexFormats.load (C:\GitHub\DH2\dist\sim\dex-formats.js:353:13)
    at ModdedDex.includeFormats (C:\GitHub\DH2\dist\sim\dex.js:548:18)
    at ModdedDex.loadData (C:\GitHub\DH2\dist\sim\dex.js:502:12)
    at ModdedDex.includeData (C:\GitHub\DH2\dist\sim\dex.js:469:10)
    at Object.<anonymous> (C:\GitHub\DH2\dist\server\team-validator-async.js:96:42)
    at Module._compile (node:internal/modules/cjs/loader:1241:14)
    at Module._extensions..js (node:internal/modules/cjs/loader:1295:10)
    at Module.load (node:internal/modules/cjs/loader:1091:32)
    at Module._load (node:internal/modules/cjs/loader:938:12)
    at Function.executeUserEntryPoint [as runMain] (node:internal/modules/run_main:83:12)

TypeError: Exported property 'Formats' from "./config/formats.ts" must be an array
    at DexFormats.load (C:\GitHub\DH2\dist\sim\dex-formats.js:353:13)
    at DexFormats.all (C:\GitHub\DH2\dist\sim\dex-formats.js:465:10)
    at get formatListText [as formatListText] (C:\GitHub\DH2\dist\server\rooms.js:1207:38)
    at GlobalRoomState.handleConnect (C:\GitHub\DH2\dist\server\rooms.js:1474:82)
    at Object.socketConnect (C:\GitHub\DH2\dist\server\users.js:1303:16)
    at Object.onSpawn (C:\GitHub\DH2\dist\server\sockets.js:63:17)
    at process.processTicksAndRejections (node:internal/process/task_queues:95:5)

Error: Process sockets.js 6720 crashed and had to be restarted
    at RawProcessManager.releaseCrashed (C:\GitHub\DH2\dist\lib\process-manager.js:427:7)
    at Worker.<anonymous> (C:\GitHub\DH2\dist\lib\process-manager.js:471:50)
    at Worker.emit (node:events:514:28)
    at Worker.emit (node:domain:488:12)
    at ChildProcess.<anonymous> (node:internal/cluster/primary:209:12)
    at Object.onceWrapper (node:events:628:28)
    at ChildProcess.emit (node:events:514:28)
    at ChildProcess.emit (node:domain:488:12)
    at finish (node:internal/child_process:935:14)
    at process.processTicksAndRejections (node:internal/process/task_queues:77:11)

Error [ERR_IPC_DISCONNECTED]: IPC channel is already disconnected
    at new NodeError (node:internal/errors:406:5)
    at target.disconnect (node:internal/child_process:905:26)
    at QueryProcessWrapper.destroy (C:\GitHub\DH2\dist\lib\process-manager.js:209:18)
    at QueryProcessWrapper.release (C:\GitHub\DH2\dist\lib\process-manager.js:197:12)
    at QueryProcessManager.releaseCrashed (C:\GitHub\DH2\dist\lib\process-manager.js:412:19)
    at ChildProcess.<anonymous> (C:\GitHub\DH2\dist\lib\process-manager.js:471:50)
    at ChildProcess.emit (node:events:514:28)
    at ChildProcess.emit (node:domain:488:12)
    at finish (node:internal/child_process:935:14)
    at process.processTicksAndRejections (node:internal/process/task_queues:77:11)

Error [ERR_IPC_DISCONNECTED]: IPC channel is already disconnected
    at new NodeError (node:internal/errors:406:5)
    at target.disconnect (node:internal/child_process:905:26)
    at QueryProcessWrapper.destroy (C:\GitHub\DH2\dist\lib\process-manager.js:209:18)
    at QueryProcessWrapper.release (C:\GitHub\DH2\dist\lib\process-manager.js:197:12)
    at SQLDatabaseManager.releaseCrashed (C:\GitHub\DH2\dist\lib\process-manager.js:412:19)
    at ChildProcess.<anonymous> (C:\GitHub\DH2\dist\lib\process-manager.js:471:50)
    at ChildProcess.emit (node:events:514:28)
    at ChildProcess.emit (node:domain:488:12)
    at finish (node:internal/child_process:935:14)
    at process.processTicksAndRejections (node:internal/process/task_queues:77:11)

Error [ERR_IPC_DISCONNECTED]: IPC channel is already disconnected
    at new NodeError (node:internal/errors:406:5)
    at target.disconnect (node:internal/child_process:905:26)
    at QueryProcessWrapper.destroy (C:\GitHub\DH2\dist\lib\process-manager.js:209:18)
    at QueryProcessWrapper.release (C:\GitHub\DH2\dist\lib\process-manager.js:197:12)
    at QueryProcessManager.releaseCrashed (C:\GitHub\DH2\dist\lib\process-manager.js:412:19)
    at ChildProcess.<anonymous> (C:\GitHub\DH2\dist\lib\process-manager.js:471:50)
    at ChildProcess.emit (node:events:514:28)
    at ChildProcess.emit (node:domain:488:12)
    at finish (node:internal/child_process:935:14)
    at process.processTicksAndRejections (node:internal/process/task_queues:77:11)

Error [ERR_IPC_DISCONNECTED]: IPC channel is already disconnected
    at new NodeError (node:internal/errors:406:5)
    at target.disconnect (node:internal/child_process:905:26)
    at StreamProcessWrapper.destroy (C:\GitHub\DH2\dist\lib\process-manager.js:310:18)
    at StreamProcessWrapper.release (C:\GitHub\DH2\dist\lib\process-manager.js:298:17)
    at StreamProcessManager.releaseCrashed (C:\GitHub\DH2\dist\lib\process-manager.js:412:19)
    at ChildProcess.<anonymous> (C:\GitHub\DH2\dist\lib\process-manager.js:471:50)
    at ChildProcess.emit (node:events:514:28)
    at ChildProcess.emit (node:domain:488:12)
    at finish (node:internal/child_process:935:14)
    at process.processTicksAndRejections (node:internal/process/task_queues:77:11)

Error [ERR_IPC_DISCONNECTED]: IPC channel is already disconnected
    at new NodeError (node:internal/errors:406:5)
    at target.disconnect (node:internal/child_process:905:26)
    at StreamProcessWrapper.destroy (C:\GitHub\DH2\dist\lib\process-manager.js:310:18)
    at StreamProcessWrapper.release (C:\GitHub\DH2\dist\lib\process-manager.js:298:17)
    at StreamProcessManager.releaseCrashed (C:\GitHub\DH2\dist\lib\process-manager.js:412:19)
    at ChildProcess.<anonymous> (C:\GitHub\DH2\dist\lib\process-manager.js:471:50)
    at ChildProcess.emit (node:events:514:28)
    at ChildProcess.emit (node:domain:488:12)
    at finish (node:internal/child_process:935:14)
    at process.processTicksAndRejections (node:internal/process/task_queues:77:11)

Error [ERR_IPC_DISCONNECTED]: IPC channel is already disconnected
    at new NodeError (node:internal/errors:406:5)
    at target.disconnect (node:internal/child_process:905:26)
    at QueryProcessWrapper.destroy (C:\GitHub\DH2\dist\lib\process-manager.js:209:18)
    at QueryProcessWrapper.release (C:\GitHub\DH2\dist\lib\process-manager.js:197:12)
    at QueryProcessManager.releaseCrashed (C:\GitHub\DH2\dist\lib\process-manager.js:412:19)
    at ChildProcess.<anonymous> (C:\GitHub\DH2\dist\lib\process-manager.js:471:50)
    at ChildProcess.emit (node:events:514:28)
    at ChildProcess.emit (node:domain:488:12)
    at finish (node:internal/child_process:935:14)
    at process.processTicksAndRejections (node:internal/process/task_queues:77:11)

Error [ERR_IPC_DISCONNECTED]: IPC channel is already disconnected
    at new NodeError (node:internal/errors:406:5)
    at target.disconnect (node:internal/child_process:905:26)
    at QueryProcessWrapper.destroy (C:\GitHub\DH2\dist\lib\process-manager.js:209:18)
    at QueryProcessWrapper.release (C:\GitHub\DH2\dist\lib\process-manager.js:197:12)
    at QueryProcessManager.releaseCrashed (C:\GitHub\DH2\dist\lib\process-manager.js:412:19)
    at ChildProcess.<anonymous> (C:\GitHub\DH2\dist\lib\process-manager.js:471:50)
    at ChildProcess.emit (node:events:514:28)
    at ChildProcess.emit (node:domain:488:12)
    at finish (node:internal/child_process:935:14)
    at process.processTicksAndRejections (node:internal/process/task_queues:77:11)

Error: Unrecognized rule "Stylemons Move Legality"
    at DexFormats.validateRule (C:\GitHub\DH2\dist\sim\dex-formats.js:703:17)
    at DexFormats.getRuleTable (C:\GitHub\DH2\dist\sim\dex-formats.js:506:29)
    at DexFormats.getRuleTable (C:\GitHub\DH2\dist\sim\dex-formats.js:474:28)
    at get formatListText [as formatListText] (C:\GitHub\DH2\dist\server\rooms.js:1230:37)
    at GlobalRoomState.handleConnect (C:\GitHub\DH2\dist\server\rooms.js:1474:82)
    at Object.socketConnect (C:\GitHub\DH2\dist\server\users.js:1303:16)
    at Object.onSpawn (C:\GitHub\DH2\dist\server\sockets.js:63:17)
    at process.processTicksAndRejections (node:internal/process/task_queues:95:5)

Error: Process sockets.js 6056 crashed and had to be restarted
    at RawProcessManager.releaseCrashed (C:\GitHub\DH2\dist\lib\process-manager.js:427:7)
    at Worker.<anonymous> (C:\GitHub\DH2\dist\lib\process-manager.js:471:50)
    at Worker.emit (node:events:514:28)
    at Worker.emit (node:domain:488:12)
    at ChildProcess.<anonymous> (node:internal/cluster/primary:209:12)
    at Object.onceWrapper (node:events:628:28)
    at ChildProcess.emit (node:events:514:28)
    at ChildProcess.emit (node:domain:488:12)
    at finish (node:internal/child_process:935:14)
    at process.processTicksAndRejections (node:internal/process/task_queues:77:11)

Error [ERR_IPC_DISCONNECTED]: IPC channel is already disconnected
    at new NodeError (node:internal/errors:406:5)
    at target.disconnect (node:internal/child_process:905:26)
    at QueryProcessWrapper.destroy (C:\GitHub\DH2\dist\lib\process-manager.js:209:18)
    at QueryProcessWrapper.release (C:\GitHub\DH2\dist\lib\process-manager.js:197:12)
    at QueryProcessManager.releaseCrashed (C:\GitHub\DH2\dist\lib\process-manager.js:412:19)
    at ChildProcess.<anonymous> (C:\GitHub\DH2\dist\lib\process-manager.js:471:50)
    at ChildProcess.emit (node:events:514:28)
    at ChildProcess.emit (node:domain:488:12)
    at finish (node:internal/child_process:935:14)
    at process.processTicksAndRejections (node:internal/process/task_queues:77:11)

Error [ERR_IPC_DISCONNECTED]: IPC channel is already disconnected
    at new NodeError (node:internal/errors:406:5)
    at target.disconnect (node:internal/child_process:905:26)
    at StreamProcessWrapper.destroy (C:\GitHub\DH2\dist\lib\process-manager.js:310:18)
    at StreamProcessWrapper.release (C:\GitHub\DH2\dist\lib\process-manager.js:298:17)
    at StreamProcessManager.releaseCrashed (C:\GitHub\DH2\dist\lib\process-manager.js:412:19)
    at ChildProcess.<anonymous> (C:\GitHub\DH2\dist\lib\process-manager.js:471:50)
    at ChildProcess.emit (node:events:514:28)
    at ChildProcess.emit (node:domain:488:12)
    at finish (node:internal/child_process:935:14)
    at process.processTicksAndRejections (node:internal/process/task_queues:77:11)

Error [ERR_IPC_DISCONNECTED]: IPC channel is already disconnected
    at new NodeError (node:internal/errors:406:5)
    at target.disconnect (node:internal/child_process:905:26)
    at QueryProcessWrapper.destroy (C:\GitHub\DH2\dist\lib\process-manager.js:209:18)
    at QueryProcessWrapper.release (C:\GitHub\DH2\dist\lib\process-manager.js:197:12)
    at SQLDatabaseManager.releaseCrashed (C:\GitHub\DH2\dist\lib\process-manager.js:412:19)
    at ChildProcess.<anonymous> (C:\GitHub\DH2\dist\lib\process-manager.js:471:50)
    at ChildProcess.emit (node:events:514:28)
    at ChildProcess.emit (node:domain:488:12)
    at finish (node:internal/child_process:935:14)
    at process.processTicksAndRejections (node:internal/process/task_queues:77:11)

Error [ERR_IPC_DISCONNECTED]: IPC channel is already disconnected
    at new NodeError (node:internal/errors:406:5)
    at target.disconnect (node:internal/child_process:905:26)
    at QueryProcessWrapper.destroy (C:\GitHub\DH2\dist\lib\process-manager.js:209:18)
    at QueryProcessWrapper.release (C:\GitHub\DH2\dist\lib\process-manager.js:197:12)
    at QueryProcessManager.releaseCrashed (C:\GitHub\DH2\dist\lib\process-manager.js:412:19)
    at ChildProcess.<anonymous> (C:\GitHub\DH2\dist\lib\process-manager.js:471:50)
    at ChildProcess.emit (node:events:514:28)
    at ChildProcess.emit (node:domain:488:12)
    at finish (node:internal/child_process:935:14)
    at process.processTicksAndRejections (node:internal/process/task_queues:77:11)

Error [ERR_IPC_DISCONNECTED]: IPC channel is already disconnected
    at new NodeError (node:internal/errors:406:5)
    at target.disconnect (node:internal/child_process:905:26)
    at StreamProcessWrapper.destroy (C:\GitHub\DH2\dist\lib\process-manager.js:310:18)
    at StreamProcessWrapper.release (C:\GitHub\DH2\dist\lib\process-manager.js:298:17)
    at StreamProcessManager.releaseCrashed (C:\GitHub\DH2\dist\lib\process-manager.js:412:19)
    at ChildProcess.<anonymous> (C:\GitHub\DH2\dist\lib\process-manager.js:471:50)
    at ChildProcess.emit (node:events:514:28)
    at ChildProcess.emit (node:domain:488:12)
    at finish (node:internal/child_process:935:14)
    at process.processTicksAndRejections (node:internal/process/task_queues:77:11)

Error [ERR_IPC_DISCONNECTED]: IPC channel is already disconnected
    at new NodeError (node:internal/errors:406:5)
    at target.disconnect (node:internal/child_process:905:26)
    at QueryProcessWrapper.destroy (C:\GitHub\DH2\dist\lib\process-manager.js:209:18)
    at QueryProcessWrapper.release (C:\GitHub\DH2\dist\lib\process-manager.js:197:12)
    at QueryProcessManager.releaseCrashed (C:\GitHub\DH2\dist\lib\process-manager.js:412:19)
    at ChildProcess.<anonymous> (C:\GitHub\DH2\dist\lib\process-manager.js:471:50)
    at ChildProcess.emit (node:events:514:28)
    at ChildProcess.emit (node:domain:488:12)
    at finish (node:internal/child_process:935:14)
    at process.processTicksAndRejections (node:internal/process/task_queues:77:11)

Error [ERR_IPC_DISCONNECTED]: IPC channel is already disconnected
    at new NodeError (node:internal/errors:406:5)
    at target.disconnect (node:internal/child_process:905:26)
    at QueryProcessWrapper.destroy (C:\GitHub\DH2\dist\lib\process-manager.js:209:18)
    at QueryProcessWrapper.release (C:\GitHub\DH2\dist\lib\process-manager.js:197:12)
    at QueryProcessManager.releaseCrashed (C:\GitHub\DH2\dist\lib\process-manager.js:412:19)
    at ChildProcess.<anonymous> (C:\GitHub\DH2\dist\lib\process-manager.js:471:50)
    at ChildProcess.emit (node:events:514:28)
    at ChildProcess.emit (node:domain:488:12)
    at finish (node:internal/child_process:935:14)
    at process.processTicksAndRejections (node:internal/process/task_queues:77:11)
